Archive member included because of file (symbol)

d:/altera/nios2eds/bin/gnu/h-i686-mingw32/bin/../lib/gcc/nios2-elf/4.1.2/mno-hw-mul\libgcc.a(_addsub_sf.o)
                              obj/default/source.o (__subsf3)
d:/altera/nios2eds/bin/gnu/h-i686-mingw32/bin/../lib/gcc/nios2-elf/4.1.2/mno-hw-mul\libgcc.a(_mul_sf.o)
                              obj/default/source.o (__mulsf3)
d:/altera/nios2eds/bin/gnu/h-i686-mingw32/bin/../lib/gcc/nios2-elf/4.1.2/mno-hw-mul\libgcc.a(_div_sf.o)
                              obj/default/source.o (__divsf3)
d:/altera/nios2eds/bin/gnu/h-i686-mingw32/bin/../lib/gcc/nios2-elf/4.1.2/mno-hw-mul\libgcc.a(_lt_sf.o)
                              obj/default/source.o (__ltsf2)
d:/altera/nios2eds/bin/gnu/h-i686-mingw32/bin/../lib/gcc/nios2-elf/4.1.2/mno-hw-mul\libgcc.a(_si_to_sf.o)
                              obj/default/source.o (__floatsisf)
d:/altera/nios2eds/bin/gnu/h-i686-mingw32/bin/../lib/gcc/nios2-elf/4.1.2/mno-hw-mul\libgcc.a(_sf_to_si.o)
                              obj/default/source.o (__fixsfsi)
d:/altera/nios2eds/bin/gnu/h-i686-mingw32/bin/../lib/gcc/nios2-elf/4.1.2/mno-hw-mul\libgcc.a(_thenan_sf.o)
                              d:/altera/nios2eds/bin/gnu/h-i686-mingw32/bin/../lib/gcc/nios2-elf/4.1.2/mno-hw-mul\libgcc.a(_addsub_sf.o) (__thenan_sf)
d:/altera/nios2eds/bin/gnu/h-i686-mingw32/bin/../lib/gcc/nios2-elf/4.1.2/mno-hw-mul\libgcc.a(_usi_to_sf.o)
                              obj/default/source.o (__floatunsisf)
d:/altera/nios2eds/bin/gnu/h-i686-mingw32/bin/../lib/gcc/nios2-elf/4.1.2/mno-hw-mul\libgcc.a(_muldi3.o)
                              d:/altera/nios2eds/bin/gnu/h-i686-mingw32/bin/../lib/gcc/nios2-elf/4.1.2/mno-hw-mul\libgcc.a(_mul_sf.o) (__muldi3)
d:/altera/nios2eds/bin/gnu/h-i686-mingw32/bin/../lib/gcc/nios2-elf/4.1.2/mno-hw-mul\libgcc.a(_clzsi2.o)
                              d:/altera/nios2eds/bin/gnu/h-i686-mingw32/bin/../lib/gcc/nios2-elf/4.1.2/mno-hw-mul\libgcc.a(_si_to_sf.o) (__clzsi2)
d:/altera/nios2eds/bin/gnu/h-i686-mingw32/bin/../lib/gcc/nios2-elf/4.1.2/mno-hw-mul\libgcc.a(_pack_sf.o)
                              d:/altera/nios2eds/bin/gnu/h-i686-mingw32/bin/../lib/gcc/nios2-elf/4.1.2/mno-hw-mul\libgcc.a(_addsub_sf.o) (__pack_f)
d:/altera/nios2eds/bin/gnu/h-i686-mingw32/bin/../lib/gcc/nios2-elf/4.1.2/mno-hw-mul\libgcc.a(_unpack_sf.o)
                              d:/altera/nios2eds/bin/gnu/h-i686-mingw32/bin/../lib/gcc/nios2-elf/4.1.2/mno-hw-mul\libgcc.a(_addsub_sf.o) (__unpack_f)
d:/altera/nios2eds/bin/gnu/h-i686-mingw32/bin/../lib/gcc/nios2-elf/4.1.2/mno-hw-mul\libgcc.a(_fpcmp_parts_sf.o)
                              d:/altera/nios2eds/bin/gnu/h-i686-mingw32/bin/../lib/gcc/nios2-elf/4.1.2/mno-hw-mul\libgcc.a(_lt_sf.o) (__fpcmp_parts_f)
d:/altera/nios2eds/bin/gnu/h-i686-mingw32/bin/../lib/gcc/nios2-elf/4.1.2/mno-hw-mul\libgcc.a(lib2-mul.o)
                              d:/altera/nios2eds/bin/gnu/h-i686-mingw32/bin/../lib/gcc/nios2-elf/4.1.2/mno-hw-mul\libgcc.a(_muldi3.o) (__mulsi3)
d:/altera/nios2eds/bin/gnu/h-i686-mingw32/bin/../lib/gcc/nios2-elf/4.1.2/mno-hw-mul\libgcc.a(_clz.o)
                              d:/altera/nios2eds/bin/gnu/h-i686-mingw32/bin/../lib/gcc/nios2-elf/4.1.2/mno-hw-mul\libgcc.a(_clzsi2.o) (__clz_tab)
d:/altera/nios2eds/bin/gnu/h-i686-mingw32/bin/../lib/gcc/nios2-elf/4.1.2/../../../../nios2-elf/lib/mno-hw-mul\libsmallc.a(lib_a-printf.o)
                              obj/default/source.o (printf)
d:/altera/nios2eds/bin/gnu/h-i686-mingw32/bin/../lib/gcc/nios2-elf/4.1.2/../../../../nios2-elf/lib/mno-hw-mul\libsmallc.a(lib_a-putchar.o)
                              obj/default/source.o (putchar)
d:/altera/nios2eds/bin/gnu/h-i686-mingw32/bin/../lib/gcc/nios2-elf/4.1.2/../../../../nios2-elf/lib/mno-hw-mul\libsmallc.a(lib_a-puts.o)
                              obj/default/source.o (puts)
d:/altera/nios2eds/bin/gnu/h-i686-mingw32/bin/../lib/gcc/nios2-elf/4.1.2/../../../../nios2-elf/lib/mno-hw-mul\libsmallc.a(lib_a-strlen.o)
                              d:/altera/nios2eds/bin/gnu/h-i686-mingw32/bin/../lib/gcc/nios2-elf/4.1.2/../../../../nios2-elf/lib/mno-hw-mul\libsmallc.a(lib_a-puts.o) (strlen)
d:/altera/nios2eds/bin/gnu/h-i686-mingw32/bin/../lib/gcc/nios2-elf/4.1.2/../../../../nios2-elf/lib/mno-hw-mul\libsmallc.a(lib_a-vfprintf.o)
                              d:/altera/nios2eds/bin/gnu/h-i686-mingw32/bin/../lib/gcc/nios2-elf/4.1.2/../../../../nios2-elf/lib/mno-hw-mul\libsmallc.a(lib_a-printf.o) (___vfprintf_internal_r)
d:/altera/nios2eds/bin/gnu/h-i686-mingw32/bin/../lib/gcc/nios2-elf/4.1.2/../../../../nios2-elf/lib/mno-hw-mul\libsmallc.a(lib_a-fvwrite_small_dev.o)
                              d:/altera/nios2eds/bin/gnu/h-i686-mingw32/bin/../lib/gcc/nios2-elf/4.1.2/../../../../nios2-elf/lib/mno-hw-mul\libsmallc.a(lib_a-printf.o) (__sfvwrite_small_dev)
d:/altera/nios2eds/bin/gnu/h-i686-mingw32/bin/../lib/gcc/nios2-elf/4.1.2/../../../../nios2-elf/lib/mno-hw-mul\libsmallc.a(lib_a-impure.o)
[...]
Memory Configuration

Name             Origin             Length             Attributes
reset            0x00018000         0x00000020
onchip_memory2_0 0x00018020         0x00007fe0
*default*        0x00000000         0xffffffff

Linker script and memory map

LOAD ../matrix_accel_SW_bsp//obj/HAL/src/crt0.o
LOAD obj/default/source.o
LOAD d:/altera/nios2eds/bin/gnu/h-i686-mingw32/bin/../lib/gcc/nios2-elf/4.1.2/../../../../nios2-elf/lib/mno-hw-mul\libstdc++.a
LOAD d:/altera/nios2eds/bin/gnu/h-i686-mingw32/bin/../lib/gcc/nios2-elf/4.1.2/../../../../nios2-elf/lib/mno-hw-mul\libm.a
LOAD d:/altera/nios2eds/bin/gnu/h-i686-mingw32/bin/../lib/gcc/nios2-elf/4.1.2/mno-hw-mul\libgcc.a
START GROUP
LOAD d:/altera/nios2eds/bin/gnu/h-i686-mingw32/bin/../lib/gcc/nios2-elf/4.1.2/../../../../nios2-elf/lib/mno-hw-mul\libsmallc.a
LOAD d:/altera/nios2eds/bin/gnu/h-i686-mingw32/bin/../lib/gcc/nios2-elf/4.1.2/mno-hw-mul\libgcc.a
LOAD ../matrix_accel_SW_bsp/\libhal_bsp.a
END GROUP
LOAD d:/altera/nios2eds/bin/gnu/h-i686-mingw32/bin/../lib/gcc/nios2-elf/4.1.2/mno-hw-mul\libgcc.a
                0x00018000                __alt_mem_onchip_memory2_0 = 0x18000

.entry          0x00018000       0x20
 *(.entry)
 .entry         0x00018000       0x20 ../matrix_accel_SW_bsp//obj/HAL/src/crt0.o
                0x00018000                __reset

.exceptions     0x00018020        0x0
                0x00018020                PROVIDE (__ram_exceptions_start, ABSOLUTE (.))
                0x00018020                . = ALIGN (0x20)
 *(.irq)
 *(.exceptions.entry.label)
 *(.exceptions.entry.user)
 *(.exceptions.entry)
 *(.exceptions.irqtest.user)
 *(.exceptions.irqtest)
 *(.exceptions.irqhandler.user)
 *(.exceptions.irqhandler)
 *(.exceptions.irqreturn.user)
 *(.exceptions.irqreturn)
 *(.exceptions.notirq.label)
 *(.exceptions.notirq.user)
 *(.exceptions.notirq)
 *(.exceptions.soft.user)
 *(.exceptions.soft)
 *(.exceptions.unknown.user)
 *(.exceptions.unknown)
 *(.exceptions.exit.label)
 *(.exceptions.exit.user)
 *(.exceptions.exit)
 *(.exceptions)
                0x00018020                PROVIDE (__ram_exceptions_end, ABSOLUTE (.))
                0x00018020                PROVIDE (__flash_exceptions_start, LOADADDR (.exceptions))

.text           0x00018020     0x34a4
                0x00018020                PROVIDE (stext, ABSOLUTE (.))
 *(.interp)
 *(.hash)
 *(.dynsym)
 *(.dynstr)
 *(.gnu.version)
 *(.gnu.version_d)
 *(.gnu.version_r)
 *(.rel.init)
 *(.rela.init)
 *(.rel.text .rel.text.* .rel.gnu.linkonce.t.*)
 *(.rela.text .rela.text.* .rela.gnu.linkonce.t.*)
 *(.rel.fini)
 *(.rela.fini)
 *(.rel.rodata .rel.rodata.* .rel.gnu.linkonce.r.*)
 *(.rela.rodata .rela.rodata.* .rela.gnu.linkonce.r.*)
 *(.rel.data .rel.data.* .rel.gnu.linkonce.d.*)
 *(.rela.data .rela.data.* .rela.gnu.linkonce.d.*)
 *(.rel.tdata .rel.tdata.* .rel.gnu.linkonce.td.*)
 *(.rela.tdata .rela.tdata.* .rela.gnu.linkonce.td.*)
 *(.rel.tbss .rel.tbss.* .rel.gnu.linkonce.tb.*)
 *(.rela.tbss .rela.tbss.* .rela.gnu.linkonce.tb.*)
 *(.rel.ctors)
 *(.rela.ctors)
 *(.rel.dtors)
 *(.rela.dtors)
 *(.rel.got)
 *(.rela.got)
 *(.rel.sdata .rel.sdata.* .rel.gnu.linkonce.s.*)
 *(.rela.sdata .rela.sdata.* .rela.gnu.linkonce.s.*)
 *(.rel.sbss .rel.sbss.* .rel.gnu.linkonce.sb.*)
 *(.rela.sbss .rela.sbss.* .rela.gnu.linkonce.sb.*)
 *(.rel.sdata2 .rel.sdata2.* .rel.gnu.linkonce.s2.*)
 *(.rela.sdata2 .rela.sdata2.* .rela.gnu.linkonce.s2.*)
 *(.rel.sbss2 .rel.sbss2.* .rel.gnu.linkonce.sb2.*)
 *(.rela.sbss2 .rela.sbss2.* .rela.gnu.linkonce.sb2.*)
 *(.rel.bss .rel.bss.* .rel.gnu.linkonce.b.*)
 *(.rela.bss .rela.bss.* .rela.gnu.linkonce.b.*)
 *(.rel.plt)
 *(.rela.plt)
 *(.rel.dyn)
 *(.init)
 *(.plt)
 *(.text .stub .text.* .gnu.linkonce.t.*)
 .text          0x00018020       0x3c ../matrix_accel_SW_bsp//obj/HAL/src/crt0.o
                0x00018020                _start
 .text          0x0001805c      0x4dc obj/default/source.o
                0x0001805c                fp16_to_float
                0x000181c0                main
 .text          0x00018538      0x2b8 d:/altera/nios2eds/bin/gnu/h-i686-mingw32/bin/../lib/gcc/nios2-elf/4.1.2/mno-hw-mul\libgcc.a(_addsub_sf.o)
                0x0001871c                __subsf3
                0x0001878c                __addsf3
 .text          0x000187f0      0x1e0 d:/altera/nios2eds/bin/gnu/h-i686-mingw32/bin/../lib/gcc/nios2-elf/4.1.2/mno-hw-mul\libgcc.a(_mul_sf.o)
                0x000187f0                __mulsf3
 .text          0x000189d0      0x174 d:/altera/nios2eds/bin/gnu/h-i686-mingw32/bin/../lib/gcc/nios2-elf/4.1.2/mno-hw-mul\libgcc.a(_div_sf.o)
                0x000189d0                __divsf3
 .text          0x00018b44       0x78 d:/altera/nios2eds/bin/gnu/h-i686-mingw32/bin/../lib/gcc/nios2-elf/4.1.2/mno-hw-mul\libgcc.a(_lt_sf.o)
                0x00018b44                __ltsf2
 .text          0x00018bbc       0x98 d:/altera/nios2eds/bin/gnu/h-i686-mingw32/bin/../lib/gcc/nios2-elf/4.1.2/mno-hw-mul\libgcc.a(_si_to_sf.o)
                0x00018bbc                __floatsisf
 .text          0x00018c54       0x94 d:/altera/nios2eds/bin/gnu/h-i686-mingw32/bin/../lib/gcc/nios2-elf/4.1.2/mno-hw-mul\libgcc.a(_sf_to_si.o)
                0x00018c54                __fixsfsi
 .text          0x00018ce8        0x0 d:/altera/nios2eds/bin/gnu/h-i686-mingw32/bin/../lib/gcc/nios2-elf/4.1.2/mno-hw-mul\libgcc.a(_thenan_sf.o)
 .text          0x00018ce8       0xc0 d:/altera/nios2eds/bin/gnu/h-i686-mingw32/bin/../lib/gcc/nios2-elf/4.1.2/mno-hw-mul\libgcc.a(_usi_to_sf.o)
                0x00018ce8                __floatunsisf
 .text          0x00018da8      0x124 d:/altera/nios2eds/bin/gnu/h-i686-mingw32/bin/../lib/gcc/nios2-elf/4.1.2/mno-hw-mul\libgcc.a(_muldi3.o)
                0x00018da8                __muldi3
 .text          0x00018ecc       0x80 d:/altera/nios2eds/bin/gnu/h-i686-mingw32/bin/../lib/gcc/nios2-elf/4.1.2/mno-hw-mul\libgcc.a(_clzsi2.o)
                0x00018ecc                __clzsi2
 .text          0x00018f4c      0x160 d:/altera/nios2eds/bin/gnu/h-i686-mingw32/bin/../lib/gcc/nios2-elf/4.1.2/mno-hw-mul\libgcc.a(_pack_sf.o)
                0x00018f4c                __pack_f
 .text          0x000190ac       0xc8 d:/altera/nios2eds/bin/gnu/h-i686-mingw32/bin/../lib/gcc/nios2-elf/4.1.2/mno-hw-mul\libgcc.a(_unpack_sf.o)
                0x000190ac                __unpack_f
 .text          0x00019174       0xa8 d:/altera/nios2eds/bin/gnu/h-i686-mingw32/bin/../lib/gcc/nios2-elf/4.1.2/mno-hw-mul\libgcc.a(_fpcmp_parts_sf.o)
                0x00019174                __fpcmp_parts_f
 .text          0x0001921c       0x38 d:/altera/nios2eds/bin/gnu/h-i686-mingw32/bin/../lib/gcc/nios2-elf/4.1.2/mno-hw-mul\libgcc.a(lib2-mul.o)
                0x0001921c                __mulsi3
 .text          0x00019254        0x0 d:/altera/nios2eds/bin/gnu/h-i686-mingw32/bin/../lib/gcc/nios2-elf/4.1.2/mno-hw-mul\libgcc.a(_clz.o)
 .text          0x00019254       0x98 d:/altera/nios2eds/bin/gnu/h-i686-mingw32/bin/../lib/gcc/nios2-elf/4.1.2/../../../../nios2-elf/lib/mno-hw-mul\libsmallc.a(lib_a-printf.o)
                0x00019254                printf
                0x000192a8                _printf_r
 .text          0x000192ec       0x24 d:/altera/nios2eds/bin/gnu/h-i686-mingw32/bin/../lib/gcc/nios2-elf/4.1.2/../../../../nios2-elf/lib/mno-hw-mul\libsmallc.a(lib_a-putchar.o)
                0x000192ec                putchar
                0x00019308                _putchar_r
 .text          0x00019310       0xa4 d:/altera/nios2eds/bin/gnu/h-i686-mingw32/bin/../lib/gcc/nios2-elf/4.1.2/../../../../nios2-elf/lib/mno-hw-mul\libsmallc.a(lib_a-puts.o)
                0x00019310                _puts_r
                0x000193a0                puts
 .text          0x000193b4       0x20 d:/altera/nios2eds/bin/gnu/h-i686-mingw32/bin/../lib/gcc/nios2-elf/4.1.2/../../../../nios2-elf/lib/mno-hw-mul\libsmallc.a(lib_a-strlen.o)
                0x000193b4                strlen
 .text          0x000193d4      0x740 d:/altera/nios2eds/bin/gnu/h-i686-mingw32/bin/../lib/gcc/nios2-elf/4.1.2/../../../../nios2-elf/lib/mno-hw-mul\libsmallc.a(lib_a-vfprintf.o)
                0x00019454                ___vfprintf_internal_r
                0x00019af0                __vfprintf_internal
 .text          0x00019b14       0xbc d:/altera/nios2eds/bin/gnu/h-i686-mingw32/bin/../lib/gcc/nios2-elf/4.1.2/../../../../nios2-elf/lib/mno-hw-mul\libsmallc.a(lib_a-fvwrite_small_dev.o)
                0x00019b14                __sfvwrite_small_dev
 .text          0x00019bd0        0x0 d:/altera/nios2eds/bin/gnu/h-i686-mingw32/bin/../lib/gcc/nios2-elf/4.1.2/../../../../nios2-elf/lib/mno-hw-mul\libsmallc.a(lib_a-impure.o)
 .text          0x00019bd0       0xe4 d:/altera/nios2eds/bin/gnu/h-i686-mingw32/bin/../lib/gcc/nios2-elf/4.1.2/../../../../nios2-elf/lib/mno-hw-mul\libsmallc.a(lib_a-putc.o)
                0x00019bd0                putc
                0x00019c40                _putc_r
 .text          0x00019cb4       0x78 d:/altera/nios2eds/bin/gnu/h-i686-mingw32/bin/../lib/gcc/nios2-elf/4.1.2/../../../../nios2-elf/lib/mno-hw-mul\libsmallc.a(lib_a-writer.o)
                0x00019cb4                _write_r
 .text          0x00019d2c        0x0 d:/altera/nios2eds/bin/gnu/h-i686-mingw32/bin/../lib/gcc/nios2-elf/4.1.2/../../../../nios2-elf/lib/mno-hw-mul\libsmallc.a(lib_a-int_errno.o)
 .text          0x00019d2c      0x14c d:/altera/nios2eds/bin/gnu/h-i686-mingw32/bin/../lib/gcc/nios2-elf/4.1.2/mno-hw-mul\libgcc.a(lib2-divmod.o)
                0x00019da8                __divsi3
                0x00019e08                __modsi3
                0x00019e68                __udivsi3
                0x00019e70                __umodsi3
 .text          0x00019e78       0xec ../matrix_accel_SW_bsp/\libhal_bsp.a(alt_load.o)
                0x00019e78                alt_load
 .text          0x00019f64       0x6c ../matrix_accel_SW_bsp/\libhal_bsp.a(alt_main.o)
                0x00019f64                alt_main
 .text          0x00019fd0       0x30 ../matrix_accel_SW_bsp/\libhal_bsp.a(alt_usleep.o)
                0x00019fd0                usleep
 .text          0x0001a000      0x184 ../matrix_accel_SW_bsp/\libhal_bsp.a(alt_write.o)
                0x0001a000                write
 .text          0x0001a184       0x9c ../matrix_accel_SW_bsp/\libhal_bsp.a(alt_sys_init.o)
                0x0001a184                alt_irq_init
                0x0001a1b8                alt_sys_init
 .text          0x0001a220       0xb0 ../matrix_accel_SW_bsp/\libhal_bsp.a(altera_avalon_jtag_uart_fd.o)
                0x0001a220                altera_avalon_jtag_uart_read_fd
                0x0001a278                altera_avalon_jtag_uart_write_fd
 .text          0x0001a2d0      0x104 ../matrix_accel_SW_bsp/\libhal_bsp.a(altera_avalon_jtag_uart_read.o)
                0x0001a2d0                altera_avalon_jtag_uart_read
 .text          0x0001a3d4       0xa4 ../matrix_accel_SW_bsp/\libhal_bsp.a(altera_avalon_jtag_uart_write.o)
                0x0001a3d4                altera_avalon_jtag_uart_write
 .text          0x0001a478      0x15c ../matrix_accel_SW_bsp/\libhal_bsp.a(alt_busy_sleep.o)
                0x0001a478                alt_busy_sleep
 .text          0x0001a5d4      0x160 ../matrix_accel_SW_bsp/\libhal_bsp.a(alt_close.o)
                0x0001a5d4                close
 .text          0x0001a734       0x1c ../matrix_accel_SW_bsp/\libhal_bsp.a(alt_dcache_flush_all.o)
                0x0001a734                alt_dcache_flush_all
 .text          0x0001a750       0x2c ../matrix_accel_SW_bsp/\libhal_bsp.a(alt_dev.o)
 .text          0x0001a77c      0x114 ../matrix_accel_SW_bsp/\libhal_bsp.a(alt_dev_llist_insert.o)
                0x0001a77c                alt_dev_llist_insert
 .text          0x0001a890       0x64 ../matrix_accel_SW_bsp/\libhal_bsp.a(alt_do_ctors.o)
                0x0001a890                _do_ctors
 .text          0x0001a8f4       0x64 ../matrix_accel_SW_bsp/\libhal_bsp.a(alt_do_dtors.o)
                0x0001a8f4                _do_dtors
 .text          0x0001a958        0x0 ../matrix_accel_SW_bsp/\libhal_bsp.a(alt_errno.o)
 .text          0x0001a958       0x1c ../matrix_accel_SW_bsp/\libhal_bsp.a(alt_icache_flush_all.o)
                0x0001a958                alt_icache_flush_all
 .text          0x0001a974      0x150 ../matrix_accel_SW_bsp/\libhal_bsp.a(alt_io_redirect.o)
                0x0001aa4c                alt_io_redirect
 .text          0x0001aac4      0x2e4 ../matrix_accel_SW_bsp/\libhal_bsp.a(alt_open.o)
                0x0001abbc                open
 .text          0x0001ada8       0x78 ../matrix_accel_SW_bsp/\libhal_bsp.a(alt_release_fd.o)
                0x0001ada8                alt_release_fd
 .text          0x0001ae20       0x20 ../matrix_accel_SW_bsp/\libhal_bsp.a(altera_nios2_qsys_irq.o)
                0x0001ae20                altera_nios2_qsys_irq_init
 .text          0x0001ae40       0x94 ../matrix_accel_SW_bsp/\libhal_bsp.a(alt_find_dev.o)
                0x0001ae40                alt_find_dev
 .text          0x0001aed4      0x120 ../matrix_accel_SW_bsp/\libhal_bsp.a(alt_find_file.o)
                0x0001aed4                alt_find_file
 .text          0x0001aff4       0xd0 ../matrix_accel_SW_bsp/\libhal_bsp.a(alt_get_fd.o)
                0x0001aff4                alt_get_fd
 .text          0x0001b0c4       0x14 d:/altera/nios2eds/bin/gnu/h-i686-mingw32/bin/../lib/gcc/nios2-elf/4.1.2/../../../../nios2-elf/lib/mno-hw-mul\libsmallc.a(lib_a-atexit.o)
                0x0001b0c4                atexit
 .text          0x0001b0d8       0x20 d:/altera/nios2eds/bin/gnu/h-i686-mingw32/bin/../lib/gcc/nios2-elf/4.1.2/../../../../nios2-elf/lib/mno-hw-mul\libsmallc.a(lib_a-exit.o)
                0x0001b0d8                exit
 .text          0x0001b0f8       0x3c d:/altera/nios2eds/bin/gnu/h-i686-mingw32/bin/../lib/gcc/nios2-elf/4.1.2/../../../../nios2-elf/lib/mno-hw-mul\libsmallc.a(lib_a-memcmp.o)
                0x0001b0f8                memcmp
 .text          0x0001b134      0x16c d:/altera/nios2eds/bin/gnu/h-i686-mingw32/bin/../lib/gcc/nios2-elf/4.1.2/../../../../nios2-elf/lib/mno-hw-mul\libsmallc.a(lib_a-__atexit.o)
                0x0001b134                __register_exitproc
 .text          0x0001b2a0      0x1c0 d:/altera/nios2eds/bin/gnu/h-i686-mingw32/bin/../lib/gcc/nios2-elf/4.1.2/../../../../nios2-elf/lib/mno-hw-mul\libsmallc.a(lib_a-__call_atexit.o)
                0x0001b2a4                __call_exitprocs
 .text          0x0001b460       0x60 ../matrix_accel_SW_bsp/\libhal_bsp.a(alt_exit.o)
                0x0001b4a0                _exit
 *(.gnu.warning.*)
 *(.fini)
                0x0001b4c0                PROVIDE (__etext, ABSOLUTE (.))
                0x0001b4c0                PROVIDE (_etext, ABSOLUTE (.))
                0x0001b4c0                PROVIDE (etext, ABSOLUTE (.))
 *(.eh_frame_hdr)
                0x0001b4c0                . = ALIGN (0x4)
                0x0001b4c0                PROVIDE (__preinit_array_start, ABSOLUTE (.))
 *(.preinit_array)
                0x0001b4c0                PROVIDE (__preinit_array_end, ABSOLUTE (.))
                0x0001b4c0                PROVIDE (__init_array_start, ABSOLUTE (.))
 *(.init_array)
                0x0001b4c0                PROVIDE (__init_array_end, ABSOLUTE (.))
                0x0001b4c0                PROVIDE (__fini_array_start, ABSOLUTE (.))
 *(.fini_array)
                0x0001b4c0                PROVIDE (__fini_array_end, ABSOLUTE (.))
 *(.eh_frame)
 *(.gcc_except_table)
 *(.dynamic)
                0x0001b4c0                PROVIDE (__CTOR_LIST__, ABSOLUTE (.))
 *(.ctors)
 *(SORT(.ctors.*))
 .ctors.65535   0x0001b4c0        0x4 d:/altera/nios2eds/bin/gnu/h-i686-mingw32/bin/../lib/gcc/nios2-elf/4.1.2/../../../../nios2-elf/lib/mno-hw-mul\libsmallc.a(lib_a-__call_atexit.o)
                0x0001b4c4                PROVIDE (__CTOR_END__, ABSOLUTE (.))
                0x0001b4c4                PROVIDE (__DTOR_LIST__, ABSOLUTE (.))
 *(.dtors)
 *(SORT(.dtors.*))
                0x0001b4c4                PROVIDE (__DTOR_END__, ABSOLUTE (.))
 *(.jcr)
                0x0001b4c4                . = ALIGN (0x4)

.rodata         0x0001b4c4      0x3b0
                0x0001b4c4                PROVIDE (__ram_rodata_start, ABSOLUTE (.))
                0x0001b4c4                . = ALIGN (0x4)
 *(.rodata .rodata.* .gnu.linkonce.r.*)
 .rodata        0x0001b4c4      0x268 obj/default/source.o
                0x0001b4c4                matrix_A_fp16
                0x0001b4d6                matrix_B_fp16
 .rodata        0x0001b72c       0x10 d:/altera/nios2eds/bin/gnu/h-i686-mingw32/bin/../lib/gcc/nios2-elf/4.1.2/mno-hw-mul\libgcc.a(_thenan_sf.o)
                0x0001b72c                __thenan_sf
 .rodata        0x0001b73c      0x100 d:/altera/nios2eds/bin/gnu/h-i686-mingw32/bin/../lib/gcc/nios2-elf/4.1.2/mno-hw-mul\libgcc.a(_clz.o)
                0x0001b73c                __clz_tab
 .rodata.str1.4
                0x0001b83c        0x4 d:/altera/nios2eds/bin/gnu/h-i686-mingw32/bin/../lib/gcc/nios2-elf/4.1.2/../../../../nios2-elf/lib/mno-hw-mul\libsmallc.a(lib_a-puts.o)
 .rodata        0x0001b840       0x14 ../matrix_accel_SW_bsp/\libhal_bsp.a(alt_main.o)
 .rodata        0x0001b854       0x14 ../matrix_accel_SW_bsp/\libhal_bsp.a(alt_sys_init.o)
 .rodata        0x0001b868        0xc ../matrix_accel_SW_bsp/\libhal_bsp.a(alt_dev.o)
 *(.rodata1)
                0x0001b874                . = ALIGN (0x4)
                0x0001b874                PROVIDE (__ram_rodata_end, ABSOLUTE (.))
                0x0001b4c4                PROVIDE (__flash_rodata_start, LOADADDR (.rodata))

.rwdata         0x0001b874      0x2d4 load address 0x0001bb48
                0x0001b874                PROVIDE (__ram_rwdata_start, ABSOLUTE (.))
                0x0001b874                . = ALIGN (0x4)
 *(.got.plt)
 *(.got)
 *(.data1)
 *(.data .data.* .gnu.linkonce.d.*)
 .data          0x0001b874        0x0 ../matrix_accel_SW_bsp//obj/HAL/src/crt0.o
 .data          0x0001b874        0x0 obj/default/source.o
 .data          0x0001b874        0x0 d:/altera/nios2eds/bin/gnu/h-i686-mingw32/bin/../lib/gcc/nios2-elf/4.1.2/mno-hw-mul\libgcc.a(_addsub_sf.o)
 .data          0x0001b874        0x0 d:/altera/nios2eds/bin/gnu/h-i686-mingw32/bin/../lib/gcc/nios2-elf/4.1.2/mno-hw-mul\libgcc.a(_mul_sf.o)
 .data          0x0001b874        0x0 d:/altera/nios2eds/bin/gnu/h-i686-mingw32/bin/../lib/gcc/nios2-elf/4.1.2/mno-hw-mul\libgcc.a(_div_sf.o)
 .data          0x0001b874        0x0 d:/altera/nios2eds/bin/gnu/h-i686-mingw32/bin/../lib/gcc/nios2-elf/4.1.2/mno-hw-mul\libgcc.a(_lt_sf.o)
 .data          0x0001b874        0x0 d:/altera/nios2eds/bin/gnu/h-i686-mingw32/bin/../lib/gcc/nios2-elf/4.1.2/mno-hw-mul\libgcc.a(_si_to_sf.o)
 .data          0x0001b874        0x0 d:/altera/nios2eds/bin/gnu/h-i686-mingw32/bin/../lib/gcc/nios2-elf/4.1.2/mno-hw-mul\libgcc.a(_sf_to_si.o)
 .data          0x0001b874        0x0 d:/altera/nios2eds/bin/gnu/h-i686-mingw32/bin/../lib/gcc/nios2-elf/4.1.2/mno-hw-mul\libgcc.a(_thenan_sf.o)
 .data          0x0001b874        0x0 d:/altera/nios2eds/bin/gnu/h-i686-mingw32/bin/../lib/gcc/nios2-elf/4.1.2/mno-hw-mul\libgcc.a(_usi_to_sf.o)
 .data          0x0001b874        0x0 d:/altera/nios2eds/bin/gnu/h-i686-mingw32/bin/../lib/gcc/nios2-elf/4.1.2/mno-hw-mul\libgcc.a(_muldi3.o)
 .data          0x0001b874        0x0 d:/altera/nios2eds/bin/gnu/h-i686-mingw32/bin/../lib/gcc/nios2-elf/4.1.2/mno-hw-mul\libgcc.a(_clzsi2.o)
 .data          0x0001b874        0x0 d:/altera/nios2eds/bin/gnu/h-i686-mingw32/bin/../lib/gcc/nios2-elf/4.1.2/mno-hw-mul\libgcc.a(_pack_sf.o)
 .data          0x0001b874        0x0 d:/altera/nios2eds/bin/gnu/h-i686-mingw32/bin/../lib/gcc/nios2-elf/4.1.2/mno-hw-mul\libgcc.a(_unpack_sf.o)
 .data          0x0001b874        0x0 d:/altera/nios2eds/bin/gnu/h-i686-mingw32/bin/../lib/gcc/nios2-elf/4.1.2/mno-hw-mul\libgcc.a(_fpcmp_parts_sf.o)
 .data          0x0001b874        0x0 d:/altera/nios2eds/bin/gnu/h-i686-mingw32/bin/../lib/gcc/nios2-elf/4.1.2/mno-hw-mul\libgcc.a(lib2-mul.o)
 .data          0x0001b874        0x0 d:/altera/nios2eds/bin/gnu/h-i686-mingw32/bin/../lib/gcc/nios2-elf/4.1.2/mno-hw-mul\libgcc.a(_clz.o)
 .data          0x0001b874        0x0 d:/altera/nios2eds/bin/gnu/h-i686-mingw32/bin/../lib/gcc/nios2-elf/4.1.2/../../../../nios2-elf/lib/mno-hw-mul\libsmallc.a(lib_a-printf.o)
 .data          0x0001b874        0x0 d:/altera/nios2eds/bin/gnu/h-i686-mingw32/bin/../lib/gcc/nios2-elf/4.1.2/../../../../nios2-elf/lib/mno-hw-mul\libsmallc.a(lib_a-putchar.o)
 .data          0x0001b874        0x0 d:/altera/nios2eds/bin/gnu/h-i686-mingw32/bin/../lib/gcc/nios2-elf/4.1.2/../../../../nios2-elf/lib/mno-hw-mul\libsmallc.a(lib_a-puts.o)
 .data          0x0001b874        0x0 d:/altera/nios2eds/bin/gnu/h-i686-mingw32/bin/../lib/gcc/nios2-elf/4.1.2/../../../../nios2-elf/lib/mno-hw-mul\libsmallc.a(lib_a-strlen.o)
 .data          0x0001b874        0x0 d:/altera/nios2eds/bin/gnu/h-i686-mingw32/bin/../lib/gcc/nios2-elf/4.1.2/../../../../nios2-elf/lib/mno-hw-mul\libsmallc.a(lib_a-vfprintf.o)
 .data          0x0001b874        0x0 d:/altera/nios2eds/bin/gnu/h-i686-mingw32/bin/../lib/gcc/nios2-elf/4.1.2/../../../../nios2-elf/lib/mno-hw-mul\libsmallc.a(lib_a-fvwrite_small_dev.o)
 .data          0x0001b874       0xe0 d:/altera/nios2eds/bin/gnu/h-i686-mingw32/bin/../lib/gcc/nios2-elf/4.1.2/../../../../nios2-elf/lib/mno-hw-mul\libsmallc.a(lib_a-impure.o)
 .data          0x0001b954        0x0 d:/altera/nios2eds/bin/gnu/h-i686-mingw32/bin/../lib/gcc/nios2-elf/4.1.2/../../../../nios2-elf/lib/mno-hw-mul\libsmallc.a(lib_a-putc.o)
 .data          0x0001b954        0x0 d:/altera/nios2eds/bin/gnu/h-i686-mingw32/bin/../lib/gcc/nios2-elf/4.1.2/../../../../nios2-elf/lib/mno-hw-mul\libsmallc.a(lib_a-writer.o)
 .data          0x0001b954        0x0 d:/altera/nios2eds/bin/gnu/h-i686-mingw32/bin/../lib/gcc/nios2-elf/4.1.2/../../../../nios2-elf/lib/mno-hw-mul\libsmallc.a(lib_a-int_errno.o)
 .data          0x0001b954        0x0 d:/altera/nios2eds/bin/gnu/h-i686-mingw32/bin/../lib/gcc/nios2-elf/4.1.2/mno-hw-mul\libgcc.a(lib2-divmod.o)
 .data          0x0001b954        0x0 ../matrix_accel_SW_bsp/\libhal_bsp.a(alt_load.o)
 .data          0x0001b954        0x0 ../matrix_accel_SW_bsp/\libhal_bsp.a(alt_main.o)
 .data          0x0001b954        0x0 ../matrix_accel_SW_bsp/\libhal_bsp.a(alt_usleep.o)
 .data          0x0001b954        0x0 ../matrix_accel_SW_bsp/\libhal_bsp.a(alt_write.o)
 .data          0x0001b954       0x2c ../matrix_accel_SW_bsp/\libhal_bsp.a(alt_sys_init.o)
 .data          0x0001b980        0x0 ../matrix_accel_SW_bsp/\libhal_bsp.a(altera_avalon_jtag_uart_fd.o)
 .data          0x0001b980        0x0 ../matrix_accel_SW_bsp/\libhal_bsp.a(altera_avalon_jtag_uart_read.o)
 .data          0x0001b980        0x0 ../matrix_accel_SW_bsp/\libhal_bsp.a(altera_avalon_jtag_uart_write.o)
 .data          0x0001b980        0x0 ../matrix_accel_SW_bsp/\libhal_bsp.a(alt_busy_sleep.o)
 .data          0x0001b980        0x0 ../matrix_accel_SW_bsp/\libhal_bsp.a(alt_close.o)
 .data          0x0001b980        0x0 ../matrix_accel_SW_bsp/\libhal_bsp.a(alt_dcache_flush_all.o)
 .data          0x0001b980      0x1a8 ../matrix_accel_SW_bsp/\libhal_bsp.a(alt_dev.o)
                0x0001b980                alt_dev_null
                0x0001b9a8                alt_fd_list
 .data          0x0001bb28        0x0 ../matrix_accel_SW_bsp/\libhal_bsp.a(alt_dev_llist_insert.o)
 .data          0x0001bb28        0x0 ../matrix_accel_SW_bsp/\libhal_bsp.a(alt_do_ctors.o)
 .data          0x0001bb28        0x0 ../matrix_accel_SW_bsp/\libhal_bsp.a(alt_do_dtors.o)
 .data          0x0001bb28        0x0 ../matrix_accel_SW_bsp/\libhal_bsp.a(alt_errno.o)
 .data          0x0001bb28        0x0 ../matrix_accel_SW_bsp/\libhal_bsp.a(alt_icache_flush_all.o)
 .data          0x0001bb28        0x0 ../matrix_accel_SW_bsp/\libhal_bsp.a(alt_io_redirect.o)
 .data          0x0001bb28        0x0 ../matrix_accel_SW_bsp/\libhal_bsp.a(alt_open.o)
 .data          0x0001bb28        0x0 ../matrix_accel_SW_bsp/\libhal_bsp.a(alt_release_fd.o)
 .data          0x0001bb28        0x0 ../matrix_accel_SW_bsp/\libhal_bsp.a(altera_nios2_qsys_irq.o)
 .data          0x0001bb28        0x0 ../matrix_accel_SW_bsp/\libhal_bsp.a(alt_find_dev.o)
 .data          0x0001bb28        0x0 ../matrix_accel_SW_bsp/\libhal_bsp.a(alt_find_file.o)
 .data          0x0001bb28        0x0 ../matrix_accel_SW_bsp/\libhal_bsp.a(alt_get_fd.o)
 .data          0x0001bb28        0x0 d:/altera/nios2eds/bin/gnu/h-i686-mingw32/bin/../lib/gcc/nios2-elf/4.1.2/../../../../nios2-elf/lib/mno-hw-mul\libsmallc.a(lib_a-atexit.o)
 .data          0x0001bb28        0x0 d:/altera/nios2eds/bin/gnu/h-i686-mingw32/bin/../lib/gcc/nios2-elf/4.1.2/../../../../nios2-elf/lib/mno-hw-mul\libsmallc.a(lib_a-exit.o)
 .data          0x0001bb28        0x0 d:/altera/nios2eds/bin/gnu/h-i686-mingw32/bin/../lib/gcc/nios2-elf/4.1.2/../../../../nios2-elf/lib/mno-hw-mul\libsmallc.a(lib_a-memcmp.o)
 .data          0x0001bb28        0x0 d:/altera/nios2eds/bin/gnu/h-i686-mingw32/bin/../lib/gcc/nios2-elf/4.1.2/../../../../nios2-elf/lib/mno-hw-mul\libsmallc.a(lib_a-__atexit.o)
 .data          0x0001bb28        0x0 d:/altera/nios2eds/bin/gnu/h-i686-mingw32/bin/../lib/gcc/nios2-elf/4.1.2/../../../../nios2-elf/lib/mno-hw-mul\libsmallc.a(lib_a-__call_atexit.o)
 .data          0x0001bb28        0x0 ../matrix_accel_SW_bsp/\libhal_bsp.a(alt_exit.o)
                0x00023b28                _gp = ABSOLUTE ((. + 0x8000))
                0x00023b28                PROVIDE (gp, _gp)
 *(.rwdata .rwdata.*)
 *(.sdata .sdata.* .gnu.linkonce.s.*)
 .sdata         0x0001bb28        0x8 d:/altera/nios2eds/bin/gnu/h-i686-mingw32/bin/../lib/gcc/nios2-elf/4.1.2/../../../../nios2-elf/lib/mno-hw-mul\libsmallc.a(lib_a-impure.o)
                0x0001bb28                _impure_ptr
                0x0001bb2c                _global_impure_ptr
 .sdata         0x0001bb30       0x14 ../matrix_accel_SW_bsp/\libhal_bsp.a(alt_dev.o)
                0x0001bb30                alt_fs_list
                0x0001bb38                alt_dev_list
                0x0001bb40                alt_max_fd
 .sdata         0x0001bb44        0x4 ../matrix_accel_SW_bsp/\libhal_bsp.a(alt_errno.o)
                0x0001bb44                alt_errno
 *(.sdata2 .sdata2.* .gnu.linkonce.s2.*)
                0x0001bb48                . = ALIGN (0x4)
                0x0001bb48                _edata = ABSOLUTE (.)
                0x0001bb48                PROVIDE (edata, ABSOLUTE (.))
                0x0001bb48                PROVIDE (__ram_rwdata_end, ABSOLUTE (.))
                0x0001bb48                PROVIDE (__flash_rwdata_start, LOADADDR (.rwdata))

.bss            0x0001be1c       0x9c
                0x0001be1c                __bss_start = ABSOLUTE (.)
                0x0001be1c                PROVIDE (__sbss_start, ABSOLUTE (.))
                0x0001be1c                PROVIDE (___sbss_start, ABSOLUTE (.))
 *(.dynsbss)
 *(.sbss .sbss.* .gnu.linkonce.sb.*)
 .sbss          0x0001be1c        0x4 d:/altera/nios2eds/bin/gnu/h-i686-mingw32/bin/../lib/gcc/nios2-elf/4.1.2/../../../../nios2-elf/lib/mno-hw-mul\libsmallc.a(lib_a-int_errno.o)
                0x0001be1c                errno
 .sbss          0x0001be20        0xc ../matrix_accel_SW_bsp/\libhal_bsp.a(alt_main.o)
                0x0001be20                alt_argc
                0x0001be24                alt_argv
                0x0001be28                alt_envp
 *(.sbss2 .sbss2.* .gnu.linkonce.sb2.*)
 *(.scommon)
                0x0001be2c                PROVIDE (__sbss_end, ABSOLUTE (.))
                0x0001be2c                PROVIDE (___sbss_end, ABSOLUTE (.))
 *(.dynbss)
 *(.bss .bss.* .gnu.linkonce.b.*)
 .bss           0x0001be2c        0x0 ../matrix_accel_SW_bsp//obj/HAL/src/crt0.o
 .bss           0x0001be2c        0x0 obj/default/source.o
 .bss           0x0001be2c        0x0 d:/altera/nios2eds/bin/gnu/h-i686-mingw32/bin/../lib/gcc/nios2-elf/4.1.2/mno-hw-mul\libgcc.a(_addsub_sf.o)
 .bss           0x0001be2c        0x0 d:/altera/nios2eds/bin/gnu/h-i686-mingw32/bin/../lib/gcc/nios2-elf/4.1.2/mno-hw-mul\libgcc.a(_mul_sf.o)
 .bss           0x0001be2c        0x0 d:/altera/nios2eds/bin/gnu/h-i686-mingw32/bin/../lib/gcc/nios2-elf/4.1.2/mno-hw-mul\libgcc.a(_div_sf.o)
 .bss           0x0001be2c        0x0 d:/altera/nios2eds/bin/gnu/h-i686-mingw32/bin/../lib/gcc/nios2-elf/4.1.2/mno-hw-mul\libgcc.a(_lt_sf.o)
 .bss           0x0001be2c        0x0 d:/altera/nios2eds/bin/gnu/h-i686-mingw32/bin/../lib/gcc/nios2-elf/4.1.2/mno-hw-mul\libgcc.a(_si_to_sf.o)
 .bss           0x0001be2c        0x0 d:/altera/nios2eds/bin/gnu/h-i686-mingw32/bin/../lib/gcc/nios2-elf/4.1.2/mno-hw-mul\libgcc.a(_sf_to_si.o)
 .bss           0x0001be2c        0x0 d:/altera/nios2eds/bin/gnu/h-i686-mingw32/bin/../lib/gcc/nios2-elf/4.1.2/mno-hw-mul\libgcc.a(_thenan_sf.o)
 .bss           0x0001be2c        0x0 d:/altera/nios2eds/bin/gnu/h-i686-mingw32/bin/../lib/gcc/nios2-elf/4.1.2/mno-hw-mul\libgcc.a(_usi_to_sf.o)
 .bss           0x0001be2c        0x0 d:/altera/nios2eds/bin/gnu/h-i686-mingw32/bin/../lib/gcc/nios2-elf/4.1.2/mno-hw-mul\libgcc.a(_muldi3.o)
 .bss           0x0001be2c        0x0 d:/altera/nios2eds/bin/gnu/h-i686-mingw32/bin/../lib/gcc/nios2-elf/4.1.2/mno-hw-mul\libgcc.a(_clzsi2.o)
 .bss           0x0001be2c        0x0 d:/altera/nios2eds/bin/gnu/h-i686-mingw32/bin/../lib/gcc/nios2-elf/4.1.2/mno-hw-mul\libgcc.a(_pack_sf.o)
 .bss           0x0001be2c        0x0 d:/altera/nios2eds/bin/gnu/h-i686-mingw32/bin/../lib/gcc/nios2-elf/4.1.2/mno-hw-mul\libgcc.a(_unpack_sf.o)
 .bss           0x0001be2c        0x0 d:/altera/nios2eds/bin/gnu/h-i686-mingw32/bin/../lib/gcc/nios2-elf/4.1.2/mno-hw-mul\libgcc.a(_fpcmp_parts_sf.o)
 .bss           0x0001be2c        0x0 d:/altera/nios2eds/bin/gnu/h-i686-mingw32/bin/../lib/gcc/nios2-elf/4.1.2/mno-hw-mul\libgcc.a(lib2-mul.o)
 .bss           0x0001be2c        0x0 d:/altera/nios2eds/bin/gnu/h-i686-mingw32/bin/../lib/gcc/nios2-elf/4.1.2/mno-hw-mul\libgcc.a(_clz.o)
 .bss           0x0001be2c        0x0 d:/altera/nios2eds/bin/gnu/h-i686-mingw32/bin/../lib/gcc/nios2-elf/4.1.2/../../../../nios2-elf/lib/mno-hw-mul\libsmallc.a(lib_a-printf.o)
 .bss           0x0001be2c        0x0 d:/altera/nios2eds/bin/gnu/h-i686-mingw32/bin/../lib/gcc/nios2-elf/4.1.2/../../../../nios2-elf/lib/mno-hw-mul\libsmallc.a(lib_a-putchar.o)
 .bss           0x0001be2c        0x0 d:/altera/nios2eds/bin/gnu/h-i686-mingw32/bin/../lib/gcc/nios2-elf/4.1.2/../../../../nios2-elf/lib/mno-hw-mul\libsmallc.a(lib_a-puts.o)
 .bss           0x0001be2c        0x0 d:/altera/nios2eds/bin/gnu/h-i686-mingw32/bin/../lib/gcc/nios2-elf/4.1.2/../../../../nios2-elf/lib/mno-hw-mul\libsmallc.a(lib_a-strlen.o)
 .bss           0x0001be2c        0x0 d:/altera/nios2eds/bin/gnu/h-i686-mingw32/bin/../lib/gcc/nios2-elf/4.1.2/../../../../nios2-elf/lib/mno-hw-mul\libsmallc.a(lib_a-vfprintf.o)
 .bss           0x0001be2c        0x0 d:/altera/nios2eds/bin/gnu/h-i686-mingw32/bin/../lib/gcc/nios2-elf/4.1.2/../../../../nios2-elf/lib/mno-hw-mul\libsmallc.a(lib_a-fvwrite_small_dev.o)
 .bss           0x0001be2c        0x0 d:/altera/nios2eds/bin/gnu/h-i686-mingw32/bin/../lib/gcc/nios2-elf/4.1.2/../../../../nios2-elf/lib/mno-hw-mul\libsmallc.a(lib_a-impure.o)
 .bss           0x0001be2c        0x0 d:/altera/nios2eds/bin/gnu/h-i686-mingw32/bin/../lib/gcc/nios2-elf/4.1.2/../../../../nios2-elf/lib/mno-hw-mul\libsmallc.a(lib_a-putc.o)
 .bss           0x0001be2c        0x0 d:/altera/nios2eds/bin/gnu/h-i686-mingw32/bin/../lib/gcc/nios2-elf/4.1.2/../../../../nios2-elf/lib/mno-hw-mul\libsmallc.a(lib_a-writer.o)
 .bss           0x0001be2c        0x0 d:/altera/nios2eds/bin/gnu/h-i686-mingw32/bin/../lib/gcc/nios2-elf/4.1.2/../../../../nios2-elf/lib/mno-hw-mul\libsmallc.a(lib_a-int_errno.o)
 .bss           0x0001be2c        0x0 d:/altera/nios2eds/bin/gnu/h-i686-mingw32/bin/../lib/gcc/nios2-elf/4.1.2/mno-hw-mul\libgcc.a(lib2-divmod.o)
 .bss           0x0001be2c        0x0 ../matrix_accel_SW_bsp/\libhal_bsp.a(alt_load.o)
 .bss           0x0001be2c        0x0 ../matrix_accel_SW_bsp/\libhal_bsp.a(alt_main.o)
 .bss           0x0001be2c        0x0 ../matrix_accel_SW_bsp/\libhal_bsp.a(alt_usleep.o)
 .bss           0x0001be2c        0x0 ../matrix_accel_SW_bsp/\libhal_bsp.a(alt_write.o)
 .bss           0x0001be2c        0x0 ../matrix_accel_SW_bsp/\libhal_bsp.a(alt_sys_init.o)
 .bss           0x0001be2c        0x0 ../matrix_accel_SW_bsp/\libhal_bsp.a(altera_avalon_jtag_uart_fd.o)
 .bss           0x0001be2c        0x0 ../matrix_accel_SW_bsp/\libhal_bsp.a(altera_avalon_jtag_uart_read.o)
 .bss           0x0001be2c        0x0 ../matrix_accel_SW_bsp/\libhal_bsp.a(altera_avalon_jtag_uart_write.o)
 .bss           0x0001be2c        0x0 ../matrix_accel_SW_bsp/\libhal_bsp.a(alt_busy_sleep.o)
 .bss           0x0001be2c        0x0 ../matrix_accel_SW_bsp/\libhal_bsp.a(alt_close.o)
 .bss           0x0001be2c        0x0 ../matrix_accel_SW_bsp/\libhal_bsp.a(alt_dcache_flush_all.o)
 .bss           0x0001be2c        0x0 ../matrix_accel_SW_bsp/\libhal_bsp.a(alt_dev.o)
 .bss           0x0001be2c        0x0 ../matrix_accel_SW_bsp/\libhal_bsp.a(alt_dev_llist_insert.o)
 .bss           0x0001be2c        0x0 ../matrix_accel_SW_bsp/\libhal_bsp.a(alt_do_ctors.o)
 .bss           0x0001be2c        0x0 ../matrix_accel_SW_bsp/\libhal_bsp.a(alt_do_dtors.o)
 .bss           0x0001be2c        0x0 ../matrix_accel_SW_bsp/\libhal_bsp.a(alt_errno.o)
 .bss           0x0001be2c        0x0 ../matrix_accel_SW_bsp/\libhal_bsp.a(alt_icache_flush_all.o)
 .bss           0x0001be2c        0x0 ../matrix_accel_SW_bsp/\libhal_bsp.a(alt_io_redirect.o)
 .bss           0x0001be2c        0x0 ../matrix_accel_SW_bsp/\libhal_bsp.a(alt_open.o)
 .bss           0x0001be2c        0x0 ../matrix_accel_SW_bsp/\libhal_bsp.a(alt_release_fd.o)
 .bss           0x0001be2c        0x0 ../matrix_accel_SW_bsp/\libhal_bsp.a(altera_nios2_qsys_irq.o)
 .bss           0x0001be2c        0x0 ../matrix_accel_SW_bsp/\libhal_bsp.a(alt_find_dev.o)
 .bss           0x0001be2c        0x0 ../matrix_accel_SW_bsp/\libhal_bsp.a(alt_find_file.o)
 .bss           0x0001be2c        0x0 ../matrix_accel_SW_bsp/\libhal_bsp.a(alt_get_fd.o)
 .bss           0x0001be2c        0x0 d:/altera/nios2eds/bin/gnu/h-i686-mingw32/bin/../lib/gcc/nios2-elf/4.1.2/../../../../nios2-elf/lib/mno-hw-mul\libsmallc.a(lib_a-atexit.o)
 .bss           0x0001be2c        0x0 d:/altera/nios2eds/bin/gnu/h-i686-mingw32/bin/../lib/gcc/nios2-elf/4.1.2/../../../../nios2-elf/lib/mno-hw-mul\libsmallc.a(lib_a-exit.o)
 .bss           0x0001be2c        0x0 d:/altera/nios2eds/bin/gnu/h-i686-mingw32/bin/../lib/gcc/nios2-elf/4.1.2/../../../../nios2-elf/lib/mno-hw-mul\libsmallc.a(lib_a-memcmp.o)
 .bss           0x0001be2c        0x0 d:/altera/nios2eds/bin/gnu/h-i686-mingw32/bin/../lib/gcc/nios2-elf/4.1.2/../../../../nios2-elf/lib/mno-hw-mul\libsmallc.a(lib_a-__atexit.o)
 .bss           0x0001be2c        0x0 d:/altera/nios2eds/bin/gnu/h-i686-mingw32/bin/../lib/gcc/nios2-elf/4.1.2/../../../../nios2-elf/lib/mno-hw-mul\libsmallc.a(lib_a-__call_atexit.o)
 .bss           0x0001be2c        0x0 ../matrix_accel_SW_bsp/\libhal_bsp.a(alt_exit.o)
 *(COMMON)
 COMMON         0x0001be2c       0x8c d:/altera/nios2eds/bin/gnu/h-i686-mingw32/bin/../lib/gcc/nios2-elf/4.1.2/../../../../nios2-elf/lib/mno-hw-mul\libsmallc.a(lib_a-atexit.o)
                0x0001be2c                _atexit0
                0x0001beb8                . = ALIGN (0x4)
                0x0001beb8                __bss_end = ABSOLUTE (.)

.onchip_memory2_0
                0x0001beb8        0x0
                0x0001beb8                PROVIDE (_alt_partition_onchip_memory2_0_start, ABSOLUTE (.))
 *(.onchip_memory2_0. onchip_memory2_0.*)
                0x0001beb8                . = ALIGN (0x4)
                0x0001beb8                PROVIDE (_alt_partition_onchip_memory2_0_end, ABSOLUTE (.))
                0x0001beb8                _end = ABSOLUTE (.)
                0x0001beb8                end = ABSOLUTE (.)
                0x0001beb8                __alt_stack_base = ABSOLUTE (.)
                0x0001beb8                PROVIDE (_alt_partition_onchip_memory2_0_load_addr, LOADADDR (.onchip_memory2_0))

.stab
 *(.stab)

.stabstr
 *(.stabstr)

.stab.excl
 *(.stab.excl)

.stab.exclstr
 *(.stab.exclstr)

.stab.index
 *(.stab.index)

.stab.indexstr
 *(.stab.indexstr)

.comment        0x00000000       0x26
 *(.comment)
 .comment       0x00000000       0x26 obj/default/source.o
                                 0x27 (size before relaxing)
 .comment       0x00000000       0x27 d:/altera/nios2eds/bin/gnu/h-i686-mingw32/bin/../lib/gcc/nios2-elf/4.1.2/mno-hw-mul\libgcc.a(_addsub_sf.o)
 .comment       0x00000000       0x27 d:/altera/nios2eds/bin/gnu/h-i686-mingw32/bin/../lib/gcc/nios2-elf/4.1.2/mno-hw-mul\libgcc.a(_mul_sf.o)
 .comment       0x00000000       0x27 d:/altera/nios2eds/bin/gnu/h-i686-mingw32/bin/../lib/gcc/nios2-elf/4.1.2/mno-hw-mul\libgcc.a(_div_sf.o)
 .comment       0x00000000       0x27 d:/altera/nios2eds/bin/gnu/h-i686-mingw32/bin/../lib/gcc/nios2-elf/4.1.2/mno-hw-mul\libgcc.a(_lt_sf.o)
 .comment       0x00000000       0x27 d:/altera/nios2eds/bin/gnu/h-i686-mingw32/bin/../lib/gcc/nios2-elf/4.1.2/mno-hw-mul\libgcc.a(_si_to_sf.o)
 .comment       0x00000000       0x27 d:/altera/nios2eds/bin/gnu/h-i686-mingw32/bin/../lib/gcc/nios2-elf/4.1.2/mno-hw-mul\libgcc.a(_sf_to_si.o)
 .comment       0x00000000       0x27 d:/altera/nios2eds/bin/gnu/h-i686-mingw32/bin/../lib/gcc/nios2-elf/4.1.2/mno-hw-mul\libgcc.a(_thenan_sf.o)
 .comment       0x00000000       0x27 d:/altera/nios2eds/bin/gnu/h-i686-mingw32/bin/../lib/gcc/nios2-elf/4.1.2/mno-hw-mul\libgcc.a(_usi_to_sf.o)
 .comment       0x00000000       0x27 d:/altera/nios2eds/bin/gnu/h-i686-mingw32/bin/../lib/gcc/nios2-elf/4.1.2/mno-hw-mul\libgcc.a(_muldi3.o)
 .comment       0x00000000       0x27 d:/altera/nios2eds/bin/gnu/h-i686-mingw32/bin/../lib/gcc/nios2-elf/4.1.2/mno-hw-mul\libgcc.a(_clzsi2.o)
 .comment       0x00000000       0x27 d:/altera/nios2eds/bin/gnu/h-i686-mingw32/bin/../lib/gcc/nios2-elf/4.1.2/mno-hw-mul\libgcc.a(_pack_sf.o)
 .comment       0x00000000       0x27 d:/altera/nios2eds/bin/gnu/h-i686-mingw32/bin/../lib/gcc/nios2-elf/4.1.2/mno-hw-mul\libgcc.a(_unpack_sf.o)
 .comment       0x00000000       0x27 d:/altera/nios2eds/bin/gnu/h-i686-mingw32/bin/../lib/gcc/nios2-elf/4.1.2/mno-hw-mul\libgcc.a(_fpcmp_parts_sf.o)
 .comment       0x00000000       0x27 d:/altera/nios2eds/bin/gnu/h-i686-mingw32/bin/../lib/gcc/nios2-elf/4.1.2/mno-hw-mul\libgcc.a(lib2-mul.o)
 .comment       0x00000000       0x27 d:/altera/nios2eds/bin/gnu/h-i686-mingw32/bin/../lib/gcc/nios2-elf/4.1.2/mno-hw-mul\libgcc.a(_clz.o)
 .comment       0x00000000       0x27 d:/altera/nios2eds/bin/gnu/h-i686-mingw32/bin/../lib/gcc/nios2-elf/4.1.2/../../../../nios2-elf/lib/mno-hw-mul\libsmallc.a(lib_a-printf.o)
 .comment       0x00000000       0x27 d:/altera/nios2eds/bin/gnu/h-i686-mingw32/bin/../lib/gcc/nios2-elf/4.1.2/../../../../nios2-elf/lib/mno-hw-mul\libsmallc.a(lib_a-putchar.o)
 .comment       0x00000000       0x27 d:/altera/nios2eds/bin/gnu/h-i686-mingw32/bin/../lib/gcc/nios2-elf/4.1.2/../../../../nios2-elf/lib/mno-hw-mul\libsmallc.a(lib_a-puts.o)
 .comment       0x00000000       0x27 d:/altera/nios2eds/bin/gnu/h-i686-mingw32/bin/../lib/gcc/nios2-elf/4.1.2/../../../../nios2-elf/lib/mno-hw-mul\libsmallc.a(lib_a-strlen.o)
 .comment       0x00000000       0x27 d:/altera/nios2eds/bin/gnu/h-i686-mingw32/bin/../lib/gcc/nios2-elf/4.1.2/../../../../nios2-elf/lib/mno-hw-mul\libsmallc.a(lib_a-vfprintf.o)
 .comment       0x00000000       0x27 d:/altera/nios2eds/bin/gnu/h-i686-mingw32/bin/../lib/gcc/nios2-elf/4.1.2/../../../../nios2-elf/lib/mno-hw-mul\libsmallc.a(lib_a-fvwrite_small_dev.o)
 .comment       0x00000000       0x27 d:/altera/nios2eds/bin/gnu/h-i686-mingw32/bin/../lib/gcc/nios2-elf/4.1.2/../../../../nios2-elf/lib/mno-hw-mul\libsmallc.a(lib_a-impure.o)
 .comment       0x00000000       0x27 d:/altera/nios2eds/bin/gnu/h-i686-mingw32/bin/../lib/gcc/nios2-elf/4.1.2/../../../../nios2-elf/lib/mno-hw-mul\libsmallc.a(lib_a-putc.o)
 .comment       0x00000000       0x27 d:/altera/nios2eds/bin/gnu/h-i686-mingw32/bin/../lib/gcc/nios2-elf/4.1.2/../../../../nios2-elf/lib/mno-hw-mul\libsmallc.a(lib_a-writer.o)
 .comment       0x00000000       0x27 d:/altera/nios2eds/bin/gnu/h-i686-mingw32/bin/../lib/gcc/nios2-elf/4.1.2/../../../../nios2-elf/lib/mno-hw-mul\libsmallc.a(lib_a-int_errno.o)
 .comment       0x00000000       0x27 d:/altera/nios2eds/bin/gnu/h-i686-mingw32/bin/../lib/gcc/nios2-elf/4.1.2/mno-hw-mul\libgcc.a(lib2-divmod.o)
 .comment       0x00000000       0x27 ../matrix_accel_SW_bsp/\libhal_bsp.a(alt_load.o)
 .comment       0x00000000       0x27 ../matrix_accel_SW_bsp/\libhal_bsp.a(alt_main.o)
 .comment       0x00000000       0x27 ../matrix_accel_SW_bsp/\libhal_bsp.a(alt_usleep.o)
 .comment       0x00000000       0x27 ../matrix_accel_SW_bsp/\libhal_bsp.a(alt_write.o)
 .comment       0x00000000       0x27 ../matrix_accel_SW_bsp/\libhal_bsp.a(alt_sys_init.o)
 .comment       0x00000000       0x27 ../matrix_accel_SW_bsp/\libhal_bsp.a(altera_avalon_jtag_uart_fd.o)
 .comment       0x00000000       0x27 ../matrix_accel_SW_bsp/\libhal_bsp.a(altera_avalon_jtag_uart_read.o)
 .comment       0x00000000       0x27 ../matrix_accel_SW_bsp/\libhal_bsp.a(altera_avalon_jtag_uart_write.o)
 .comment       0x00000000       0x27 ../matrix_accel_SW_bsp/\libhal_bsp.a(alt_busy_sleep.o)
 .comment       0x00000000       0x27 ../matrix_accel_SW_bsp/\libhal_bsp.a(alt_close.o)
 .comment       0x00000000       0x27 ../matrix_accel_SW_bsp/\libhal_bsp.a(alt_dcache_flush_all.o)
 .comment       0x00000000       0x27 ../matrix_accel_SW_bsp/\libhal_bsp.a(alt_dev.o)
 .comment       0x00000000       0x27 ../matrix_accel_SW_bsp/\libhal_bsp.a(alt_dev_llist_insert.o)
 .comment       0x00000000       0x27 ../matrix_accel_SW_bsp/\libhal_bsp.a(alt_do_ctors.o)
 .comment       0x00000000       0x27 ../matrix_accel_SW_bsp/\libhal_bsp.a(alt_do_dtors.o)
 .comment       0x00000000       0x27 ../matrix_accel_SW_bsp/\libhal_bsp.a(alt_errno.o)
 .comment       0x00000000       0x27 ../matrix_accel_SW_bsp/\libhal_bsp.a(alt_icache_flush_all.o)
 .comment       0x00000000       0x27 ../matrix_accel_SW_bsp/\libhal_bsp.a(alt_io_redirect.o)
 .comment       0x00000000       0x27 ../matrix_accel_SW_bsp/\libhal_bsp.a(alt_open.o)
 .comment       0x00000000       0x27 ../matrix_accel_SW_bsp/\libhal_bsp.a(alt_release_fd.o)
 .comment       0x00000000       0x27 ../matrix_accel_SW_bsp/\libhal_bsp.a(altera_nios2_qsys_irq.o)
 .comment       0x00000000       0x27 ../matrix_accel_SW_bsp/\libhal_bsp.a(alt_find_dev.o)
 .comment       0x00000000       0x27 ../matrix_accel_SW_bsp/\libhal_bsp.a(alt_find_file.o)
 .comment       0x00000000       0x27 ../matrix_accel_SW_bsp/\libhal_bsp.a(alt_get_fd.o)
 .comment       0x00000000       0x27 d:/altera/nios2eds/bin/gnu/h-i686-mingw32/bin/../lib/gcc/nios2-elf/4.1.2/../../../../nios2-elf/lib/mno-hw-mul\libsmallc.a(lib_a-atexit.o)
 .comment       0x00000000       0x27 d:/altera/nios2eds/bin/gnu/h-i686-mingw32/bin/../lib/gcc/nios2-elf/4.1.2/../../../../nios2-elf/lib/mno-hw-mul\libsmallc.a(lib_a-exit.o)
 .comment       0x00000000       0x27 d:/altera/nios2eds/bin/gnu/h-i686-mingw32/bin/../lib/gcc/nios2-elf/4.1.2/../../../../nios2-elf/lib/mno-hw-mul\libsmallc.a(lib_a-memcmp.o)
 .comment       0x00000000       0x27 d:/altera/nios2eds/bin/gnu/h-i686-mingw32/bin/../lib/gcc/nios2-elf/4.1.2/../../../../nios2-elf/lib/mno-hw-mul\libsmallc.a(lib_a-__atexit.o)
 .comment       0x00000000       0x27 d:/altera/nios2eds/bin/gnu/h-i686-mingw32/bin/../lib/gcc/nios2-elf/4.1.2/../../../../nios2-elf/lib/mno-hw-mul\libsmallc.a(lib_a-__call_atexit.o)
 .comment       0x00000000       0x27 ../matrix_accel_SW_bsp/\libhal_bsp.a(alt_exit.o)

.debug
 *(.debug)

.line
 *(.line)

.debug_srcinfo
 *(.debug_srcinfo)

.debug_sfnames
 *(.debug_sfnames)

.debug_aranges  0x00000000      0x6a8
 *(.debug_aranges)
 .debug_aranges
                0x00000000       0x28 ../matrix_accel_SW_bsp//obj/HAL/src/crt0.o
 .debug_aranges
                0x00000028       0x20 obj/default/source.o
 .debug_aranges
                0x00000048       0x20 d:/altera/nios2eds/bin/gnu/h-i686-mingw32/bin/../lib/gcc/nios2-elf/4.1.2/mno-hw-mul\libgcc.a(_addsub_sf.o)
 .debug_aranges
                0x00000068       0x20 d:/altera/nios2eds/bin/gnu/h-i686-mingw32/bin/../lib/gcc/nios2-elf/4.1.2/mno-hw-mul\libgcc.a(_mul_sf.o)
 .debug_aranges
                0x00000088       0x20 d:/altera/nios2eds/bin/gnu/h-i686-mingw32/bin/../lib/gcc/nios2-elf/4.1.2/mno-hw-mul\libgcc.a(_div_sf.o)
 .debug_aranges
                0x000000a8       0x20 d:/altera/nios2eds/bin/gnu/h-i686-mingw32/bin/../lib/gcc/nios2-elf/4.1.2/mno-hw-mul\libgcc.a(_lt_sf.o)
 .debug_aranges
                0x000000c8       0x20 d:/altera/nios2eds/bin/gnu/h-i686-mingw32/bin/../lib/gcc/nios2-elf/4.1.2/mno-hw-mul\libgcc.a(_si_to_sf.o)
 .debug_aranges
                0x000000e8       0x20 d:/altera/nios2eds/bin/gnu/h-i686-mingw32/bin/../lib/gcc/nios2-elf/4.1.2/mno-hw-mul\libgcc.a(_sf_to_si.o)
 .debug_aranges
                0x00000108       0x20 d:/altera/nios2eds/bin/gnu/h-i686-mingw32/bin/../lib/gcc/nios2-elf/4.1.2/mno-hw-mul\libgcc.a(_usi_to_sf.o)
 .debug_aranges
                0x00000128       0x20 d:/altera/nios2eds/bin/gnu/h-i686-mingw32/bin/../lib/gcc/nios2-elf/4.1.2/mno-hw-mul\libgcc.a(_muldi3.o)
 .debug_aranges
                0x00000148       0x20 d:/altera/nios2eds/bin/gnu/h-i686-mingw32/bin/../lib/gcc/nios2-elf/4.1.2/mno-hw-mul\libgcc.a(_clzsi2.o)
 .debug_aranges
                0x00000168       0x20 d:/altera/nios2eds/bin/gnu/h-i686-mingw32/bin/../lib/gcc/nios2-elf/4.1.2/mno-hw-mul\libgcc.a(_pack_sf.o)
 .debug_aranges
                0x00000188       0x20 d:/altera/nios2eds/bin/gnu/h-i686-mingw32/bin/../lib/gcc/nios2-elf/4.1.2/mno-hw-mul\libgcc.a(_unpack_sf.o)
 .debug_aranges
                0x000001a8       0x20 d:/altera/nios2eds/bin/gnu/h-i686-mingw32/bin/../lib/gcc/nios2-elf/4.1.2/mno-hw-mul\libgcc.a(_fpcmp_parts_sf.o)
 .debug_aranges
                0x000001c8       0x20 d:/altera/nios2eds/bin/gnu/h-i686-mingw32/bin/../lib/gcc/nios2-elf/4.1.2/mno-hw-mul\libgcc.a(lib2-mul.o)
 .debug_aranges
                0x000001e8       0x20 d:/altera/nios2eds/bin/gnu/h-i686-mingw32/bin/../lib/gcc/nios2-elf/4.1.2/../../../../nios2-elf/lib/mno-hw-mul\libsmallc.a(lib_a-printf.o)
 .debug_aranges
                0x00000208       0x20 d:/altera/nios2eds/bin/gnu/h-i686-mingw32/bin/../lib/gcc/nios2-elf/4.1.2/../../../../nios2-elf/lib/mno-hw-mul\libsmallc.a(lib_a-putchar.o)
 .debug_aranges
                0x00000228       0x20 d:/altera/nios2eds/bin/gnu/h-i686-mingw32/bin/../lib/gcc/nios2-elf/4.1.2/../../../../nios2-elf/lib/mno-hw-mul\libsmallc.a(lib_a-puts.o)
 .debug_aranges
                0x00000248       0x20 d:/altera/nios2eds/bin/gnu/h-i686-mingw32/bin/../lib/gcc/nios2-elf/4.1.2/../../../../nios2-elf/lib/mno-hw-mul\libsmallc.a(lib_a-strlen.o)
 .debug_aranges
                0x00000268       0x20 d:/altera/nios2eds/bin/gnu/h-i686-mingw32/bin/../lib/gcc/nios2-elf/4.1.2/../../../../nios2-elf/lib/mno-hw-mul\libsmallc.a(lib_a-vfprintf.o)
 .debug_aranges
                0x00000288       0x20 d:/altera/nios2eds/bin/gnu/h-i686-mingw32/bin/../lib/gcc/nios2-elf/4.1.2/../../../../nios2-elf/lib/mno-hw-mul\libsmallc.a(lib_a-fvwrite_small_dev.o)
 .debug_aranges
                0x000002a8       0x20 d:/altera/nios2eds/bin/gnu/h-i686-mingw32/bin/../lib/gcc/nios2-elf/4.1.2/../../../../nios2-elf/lib/mno-hw-mul\libsmallc.a(lib_a-putc.o)
 .debug_aranges
                0x000002c8       0x20 d:/altera/nios2eds/bin/gnu/h-i686-mingw32/bin/../lib/gcc/nios2-elf/4.1.2/../../../../nios2-elf/lib/mno-hw-mul\libsmallc.a(lib_a-writer.o)
 .debug_aranges
                0x000002e8       0x20 d:/altera/nios2eds/bin/gnu/h-i686-mingw32/bin/../lib/gcc/nios2-elf/4.1.2/mno-hw-mul\libgcc.a(lib2-divmod.o)
 .debug_aranges
                0x00000308       0x20 ../matrix_accel_SW_bsp/\libhal_bsp.a(alt_load.o)
 .debug_aranges
                0x00000328       0x20 ../matrix_accel_SW_bsp/\libhal_bsp.a(alt_main.o)
 .debug_aranges
                0x00000348       0x20 ../matrix_accel_SW_bsp/\libhal_bsp.a(alt_usleep.o)
 .debug_aranges
                0x00000368       0x20 ../matrix_accel_SW_bsp/\libhal_bsp.a(alt_write.o)
 .debug_aranges
                0x00000388       0x20 ../matrix_accel_SW_bsp/\libhal_bsp.a(alt_sys_init.o)
 .debug_aranges
                0x000003a8       0x20 ../matrix_accel_SW_bsp/\libhal_bsp.a(altera_avalon_jtag_uart_fd.o)
 .debug_aranges
                0x000003c8       0x20 ../matrix_accel_SW_bsp/\libhal_bsp.a(altera_avalon_jtag_uart_read.o)
 .debug_aranges
                0x000003e8       0x20 ../matrix_accel_SW_bsp/\libhal_bsp.a(altera_avalon_jtag_uart_write.o)
 .debug_aranges
                0x00000408       0x20 ../matrix_accel_SW_bsp/\libhal_bsp.a(alt_busy_sleep.o)
 .debug_aranges
                0x00000428       0x20 ../matrix_accel_SW_bsp/\libhal_bsp.a(alt_close.o)
 .debug_aranges
                0x00000448       0x20 ../matrix_accel_SW_bsp/\libhal_bsp.a(alt_dcache_flush_all.o)
 .debug_aranges
                0x00000468       0x20 ../matrix_accel_SW_bsp/\libhal_bsp.a(alt_dev.o)
 .debug_aranges
                0x00000488       0x20 ../matrix_accel_SW_bsp/\libhal_bsp.a(alt_dev_llist_insert.o)
 .debug_aranges
                0x000004a8       0x20 ../matrix_accel_SW_bsp/\libhal_bsp.a(alt_do_ctors.o)
 .debug_aranges
                0x000004c8       0x20 ../matrix_accel_SW_bsp/\libhal_bsp.a(alt_do_dtors.o)
 .debug_aranges
                0x000004e8       0x20 ../matrix_accel_SW_bsp/\libhal_bsp.a(alt_icache_flush_all.o)
 .debug_aranges
                0x00000508       0x20 ../matrix_accel_SW_bsp/\libhal_bsp.a(alt_io_redirect.o)
 .debug_aranges
                0x00000528       0x20 ../matrix_accel_SW_bsp/\libhal_bsp.a(alt_open.o)
 .debug_aranges
                0x00000548       0x20 ../matrix_accel_SW_bsp/\libhal_bsp.a(alt_release_fd.o)
 .debug_aranges
                0x00000568       0x20 ../matrix_accel_SW_bsp/\libhal_bsp.a(altera_nios2_qsys_irq.o)
 .debug_aranges
                0x00000588       0x20 ../matrix_accel_SW_bsp/\libhal_bsp.a(alt_find_dev.o)
 .debug_aranges
                0x000005a8       0x20 ../matrix_accel_SW_bsp/\libhal_bsp.a(alt_find_file.o)
 .debug_aranges
                0x000005c8       0x20 ../matrix_accel_SW_bsp/\libhal_bsp.a(alt_get_fd.o)
 .debug_aranges
                0x000005e8       0x20 d:/altera/nios2eds/bin/gnu/h-i686-mingw32/bin/../lib/gcc/nios2-elf/4.1.2/../../../../nios2-elf/lib/mno-hw-mul\libsmallc.a(lib_a-atexit.o)
 .debug_aranges
                0x00000608       0x20 d:/altera/nios2eds/bin/gnu/h-i686-mingw32/bin/../lib/gcc/nios2-elf/4.1.2/../../../../nios2-elf/lib/mno-hw-mul\libsmallc.a(lib_a-exit.o)
 .debug_aranges
                0x00000628       0x20 d:/altera/nios2eds/bin/gnu/h-i686-mingw32/bin/../lib/gcc/nios2-elf/4.1.2/../../../../nios2-elf/lib/mno-hw-mul\libsmallc.a(lib_a-memcmp.o)
 .debug_aranges
                0x00000648       0x20 d:/altera/nios2eds/bin/gnu/h-i686-mingw32/bin/../lib/gcc/nios2-elf/4.1.2/../../../../nios2-elf/lib/mno-hw-mul\libsmallc.a(lib_a-__atexit.o)
 .debug_aranges
                0x00000668       0x20 d:/altera/nios2eds/bin/gnu/h-i686-mingw32/bin/../lib/gcc/nios2-elf/4.1.2/../../../../nios2-elf/lib/mno-hw-mul\libsmallc.a(lib_a-__call_atexit.o)
 .debug_aranges
                0x00000688       0x20 ../matrix_accel_SW_bsp/\libhal_bsp.a(alt_exit.o)

.debug_pubnames
                0x00000000      0x91a
 *(.debug_pubnames)
 .debug_pubnames
                0x00000000       0x51 obj/default/source.o
 .debug_pubnames
                0x00000051       0x2c d:/altera/nios2eds/bin/gnu/h-i686-mingw32/bin/../lib/gcc/nios2-elf/4.1.2/mno-hw-mul\libgcc.a(_addsub_sf.o)
 .debug_pubnames
                0x0000007d       0x1f d:/altera/nios2eds/bin/gnu/h-i686-mingw32/bin/../lib/gcc/nios2-elf/4.1.2/mno-hw-mul\libgcc.a(_mul_sf.o)
 .debug_pubnames
                0x0000009c       0x1f d:/altera/nios2eds/bin/gnu/h-i686-mingw32/bin/../lib/gcc/nios2-elf/4.1.2/mno-hw-mul\libgcc.a(_div_sf.o)
 .debug_pubnames
                0x000000bb       0x1e d:/altera/nios2eds/bin/gnu/h-i686-mingw32/bin/../lib/gcc/nios2-elf/4.1.2/mno-hw-mul\libgcc.a(_lt_sf.o)
 .debug_pubnames
                0x000000d9       0x22 d:/altera/nios2eds/bin/gnu/h-i686-mingw32/bin/../lib/gcc/nios2-elf/4.1.2/mno-hw-mul\libgcc.a(_si_to_sf.o)
 .debug_pubnames
                0x000000fb       0x20 d:/altera/nios2eds/bin/gnu/h-i686-mingw32/bin/../lib/gcc/nios2-elf/4.1.2/mno-hw-mul\libgcc.a(_sf_to_si.o)
 .debug_pubnames
                0x0000011b       0x22 d:/altera/nios2eds/bin/gnu/h-i686-mingw32/bin/../lib/gcc/nios2-elf/4.1.2/mno-hw-mul\libgcc.a(_thenan_sf.o)
 .debug_pubnames
                0x0000013d       0x24 d:/altera/nios2eds/bin/gnu/h-i686-mingw32/bin/../lib/gcc/nios2-elf/4.1.2/mno-hw-mul\libgcc.a(_usi_to_sf.o)
 .debug_pubnames
                0x00000161       0x1f d:/altera/nios2eds/bin/gnu/h-i686-mingw32/bin/../lib/gcc/nios2-elf/4.1.2/mno-hw-mul\libgcc.a(_muldi3.o)
 .debug_pubnames
                0x00000180       0x1f d:/altera/nios2eds/bin/gnu/h-i686-mingw32/bin/../lib/gcc/nios2-elf/4.1.2/mno-hw-mul\libgcc.a(_clzsi2.o)
 .debug_pubnames
                0x0000019f       0x1f d:/altera/nios2eds/bin/gnu/h-i686-mingw32/bin/../lib/gcc/nios2-elf/4.1.2/mno-hw-mul\libgcc.a(_pack_sf.o)
 .debug_pubnames
                0x000001be       0x21 d:/altera/nios2eds/bin/gnu/h-i686-mingw32/bin/../lib/gcc/nios2-elf/4.1.2/mno-hw-mul\libgcc.a(_unpack_sf.o)
 .debug_pubnames
                0x000001df       0x26 d:/altera/nios2eds/bin/gnu/h-i686-mingw32/bin/../lib/gcc/nios2-elf/4.1.2/mno-hw-mul\libgcc.a(_fpcmp_parts_sf.o)
 .debug_pubnames
                0x00000205       0x1f d:/altera/nios2eds/bin/gnu/h-i686-mingw32/bin/../lib/gcc/nios2-elf/4.1.2/mno-hw-mul\libgcc.a(lib2-mul.o)
 .debug_pubnames
                0x00000224       0x20 d:/altera/nios2eds/bin/gnu/h-i686-mingw32/bin/../lib/gcc/nios2-elf/4.1.2/mno-hw-mul\libgcc.a(_clz.o)
 .debug_pubnames
                0x00000244       0x2b d:/altera/nios2eds/bin/gnu/h-i686-mingw32/bin/../lib/gcc/nios2-elf/4.1.2/../../../../nios2-elf/lib/mno-hw-mul\libsmallc.a(lib_a-printf.o)
 .debug_pubnames
                0x0000026f       0x2d d:/altera/nios2eds/bin/gnu/h-i686-mingw32/bin/../lib/gcc/nios2-elf/4.1.2/../../../../nios2-elf/lib/mno-hw-mul\libsmallc.a(lib_a-putchar.o)
 .debug_pubnames
                0x0000029c       0x27 d:/altera/nios2eds/bin/gnu/h-i686-mingw32/bin/../lib/gcc/nios2-elf/4.1.2/../../../../nios2-elf/lib/mno-hw-mul\libsmallc.a(lib_a-puts.o)
 .debug_pubnames
                0x000002c3       0x1d d:/altera/nios2eds/bin/gnu/h-i686-mingw32/bin/../lib/gcc/nios2-elf/4.1.2/../../../../nios2-elf/lib/mno-hw-mul\libsmallc.a(lib_a-strlen.o)
 .debug_pubnames
                0x000002e0       0x45 d:/altera/nios2eds/bin/gnu/h-i686-mingw32/bin/../lib/gcc/nios2-elf/4.1.2/../../../../nios2-elf/lib/mno-hw-mul\libsmallc.a(lib_a-vfprintf.o)
 .debug_pubnames
                0x00000325       0x2b d:/altera/nios2eds/bin/gnu/h-i686-mingw32/bin/../lib/gcc/nios2-elf/4.1.2/../../../../nios2-elf/lib/mno-hw-mul\libsmallc.a(lib_a-fvwrite_small_dev.o)
 .debug_pubnames
                0x00000350       0x39 d:/altera/nios2eds/bin/gnu/h-i686-mingw32/bin/../lib/gcc/nios2-elf/4.1.2/../../../../nios2-elf/lib/mno-hw-mul\libsmallc.a(lib_a-impure.o)
 .debug_pubnames
                0x00000389       0x27 d:/altera/nios2eds/bin/gnu/h-i686-mingw32/bin/../lib/gcc/nios2-elf/4.1.2/../../../../nios2-elf/lib/mno-hw-mul\libsmallc.a(lib_a-putc.o)
 .debug_pubnames
                0x000003b0       0x1f d:/altera/nios2eds/bin/gnu/h-i686-mingw32/bin/../lib/gcc/nios2-elf/4.1.2/../../../../nios2-elf/lib/mno-hw-mul\libsmallc.a(lib_a-writer.o)
 .debug_pubnames
                0x000003cf       0x1c d:/altera/nios2eds/bin/gnu/h-i686-mingw32/bin/../lib/gcc/nios2-elf/4.1.2/../../../../nios2-elf/lib/mno-hw-mul\libsmallc.a(lib_a-int_errno.o)
 .debug_pubnames
                0x000003eb       0x48 d:/altera/nios2eds/bin/gnu/h-i686-mingw32/bin/../lib/gcc/nios2-elf/4.1.2/mno-hw-mul\libgcc.a(lib2-divmod.o)
 .debug_pubnames
                0x00000433       0x1f ../matrix_accel_SW_bsp/\libhal_bsp.a(alt_load.o)
 .debug_pubnames
                0x00000452       0x46 ../matrix_accel_SW_bsp/\libhal_bsp.a(alt_main.o)
 .debug_pubnames
                0x00000498       0x1d ../matrix_accel_SW_bsp/\libhal_bsp.a(alt_usleep.o)
 .debug_pubnames
                0x000004b5       0x1c ../matrix_accel_SW_bsp/\libhal_bsp.a(alt_write.o)
 .debug_pubnames
                0x000004d1       0x34 ../matrix_accel_SW_bsp/\libhal_bsp.a(alt_sys_init.o)
 .debug_pubnames
                0x00000505       0x5b ../matrix_accel_SW_bsp/\libhal_bsp.a(altera_avalon_jtag_uart_fd.o)
 .debug_pubnames
                0x00000560       0x33 ../matrix_accel_SW_bsp/\libhal_bsp.a(altera_avalon_jtag_uart_read.o)
 .debug_pubnames
                0x00000593       0x34 ../matrix_accel_SW_bsp/\libhal_bsp.a(altera_avalon_jtag_uart_write.o)
 .debug_pubnames
                0x000005c7       0x25 ../matrix_accel_SW_bsp/\libhal_bsp.a(alt_busy_sleep.o)
 .debug_pubnames
                0x000005ec       0x1c ../matrix_accel_SW_bsp/\libhal_bsp.a(alt_close.o)
 .debug_pubnames
                0x00000608       0x2b ../matrix_accel_SW_bsp/\libhal_bsp.a(alt_dcache_flush_all.o)
 .debug_pubnames
                0x00000633       0x63 ../matrix_accel_SW_bsp/\libhal_bsp.a(alt_dev.o)
 .debug_pubnames
                0x00000696       0x2b ../matrix_accel_SW_bsp/\libhal_bsp.a(alt_dev_llist_insert.o)
 .debug_pubnames
                0x000006c1       0x20 ../matrix_accel_SW_bsp/\libhal_bsp.a(alt_do_ctors.o)
 .debug_pubnames
                0x000006e1       0x20 ../matrix_accel_SW_bsp/\libhal_bsp.a(alt_do_dtors.o)
 .debug_pubnames
                0x00000701       0x20 ../matrix_accel_SW_bsp/\libhal_bsp.a(alt_errno.o)
 .debug_pubnames
                0x00000721       0x2b ../matrix_accel_SW_bsp/\libhal_bsp.a(alt_icache_flush_all.o)
 .debug_pubnames
                0x0000074c       0x26 ../matrix_accel_SW_bsp/\libhal_bsp.a(alt_io_redirect.o)
 .debug_pubnames
                0x00000772       0x1b ../matrix_accel_SW_bsp/\libhal_bsp.a(alt_open.o)
 .debug_pubnames
                0x0000078d       0x25 ../matrix_accel_SW_bsp/\libhal_bsp.a(alt_release_fd.o)
 .debug_pubnames
                0x000007b2       0x31 ../matrix_accel_SW_bsp/\libhal_bsp.a(altera_nios2_qsys_irq.o)
 .debug_pubnames
                0x000007e3       0x23 ../matrix_accel_SW_bsp/\libhal_bsp.a(alt_find_dev.o)
 .debug_pubnames
                0x00000806       0x24 ../matrix_accel_SW_bsp/\libhal_bsp.a(alt_find_file.o)
 .debug_pubnames
                0x0000082a       0x21 ../matrix_accel_SW_bsp/\libhal_bsp.a(alt_get_fd.o)
 .debug_pubnames
                0x0000084b       0x2a d:/altera/nios2eds/bin/gnu/h-i686-mingw32/bin/../lib/gcc/nios2-elf/4.1.2/../../../../nios2-elf/lib/mno-hw-mul\libsmallc.a(lib_a-atexit.o)
 .debug_pubnames
                0x00000875       0x1b d:/altera/nios2eds/bin/gnu/h-i686-mingw32/bin/../lib/gcc/nios2-elf/4.1.2/../../../../nios2-elf/lib/mno-hw-mul\libsmallc.a(lib_a-exit.o)
 .debug_pubnames
                0x00000890       0x1d d:/altera/nios2eds/bin/gnu/h-i686-mingw32/bin/../lib/gcc/nios2-elf/4.1.2/../../../../nios2-elf/lib/mno-hw-mul\libsmallc.a(lib_a-memcmp.o)
 .debug_pubnames
                0x000008ad       0x2a d:/altera/nios2eds/bin/gnu/h-i686-mingw32/bin/../lib/gcc/nios2-elf/4.1.2/../../../../nios2-elf/lib/mno-hw-mul\libsmallc.a(lib_a-__atexit.o)
 .debug_pubnames
                0x000008d7       0x27 d:/altera/nios2eds/bin/gnu/h-i686-mingw32/bin/../lib/gcc/nios2-elf/4.1.2/../../../../nios2-elf/lib/mno-hw-mul\libsmallc.a(lib_a-__call_atexit.o)
 .debug_pubnames
                0x000008fe       0x1c ../matrix_accel_SW_bsp/\libhal_bsp.a(alt_exit.o)

.debug_info     0x00000000     0xc2a3
 *(.debug_info .gnu.linkonce.wi.*)
 .debug_info    0x00000000       0x69 ../matrix_accel_SW_bsp//obj/HAL/src/crt0.o
 .debug_info    0x00000069      0x2fb obj/default/source.o
 .debug_info    0x00000364      0x47f d:/altera/nios2eds/bin/gnu/h-i686-mingw32/bin/../lib/gcc/nios2-elf/4.1.2/mno-hw-mul\libgcc.a(_addsub_sf.o)
 .debug_info    0x000007e3      0x3d4 d:/altera/nios2eds/bin/gnu/h-i686-mingw32/bin/../lib/gcc/nios2-elf/4.1.2/mno-hw-mul\libgcc.a(_mul_sf.o)
 .debug_info    0x00000bb7      0x391 d:/altera/nios2eds/bin/gnu/h-i686-mingw32/bin/../lib/gcc/nios2-elf/4.1.2/mno-hw-mul\libgcc.a(_div_sf.o)
 .debug_info    0x00000f48      0x290 d:/altera/nios2eds/bin/gnu/h-i686-mingw32/bin/../lib/gcc/nios2-elf/4.1.2/mno-hw-mul\libgcc.a(_lt_sf.o)
 .debug_info    0x000011d8      0x214 d:/altera/nios2eds/bin/gnu/h-i686-mingw32/bin/../lib/gcc/nios2-elf/4.1.2/mno-hw-mul\libgcc.a(_si_to_sf.o)
 .debug_info    0x000013ec      0x2c1 d:/altera/nios2eds/bin/gnu/h-i686-mingw32/bin/../lib/gcc/nios2-elf/4.1.2/mno-hw-mul\libgcc.a(_sf_to_si.o)
 .debug_info    0x000016ad      0x164 d:/altera/nios2eds/bin/gnu/h-i686-mingw32/bin/../lib/gcc/nios2-elf/4.1.2/mno-hw-mul\libgcc.a(_thenan_sf.o)
 .debug_info    0x00001811      0x213 d:/altera/nios2eds/bin/gnu/h-i686-mingw32/bin/../lib/gcc/nios2-elf/4.1.2/mno-hw-mul\libgcc.a(_usi_to_sf.o)
 .debug_info    0x00001a24      0x210 d:/altera/nios2eds/bin/gnu/h-i686-mingw32/bin/../lib/gcc/nios2-elf/4.1.2/mno-hw-mul\libgcc.a(_muldi3.o)
 .debug_info    0x00001c34      0x130 d:/altera/nios2eds/bin/gnu/h-i686-mingw32/bin/../lib/gcc/nios2-elf/4.1.2/mno-hw-mul\libgcc.a(_clzsi2.o)
 .debug_info    0x00001d64      0x2f2 d:/altera/nios2eds/bin/gnu/h-i686-mingw32/bin/../lib/gcc/nios2-elf/4.1.2/mno-hw-mul\libgcc.a(_pack_sf.o)
 .debug_info    0x00002056      0x25a d:/altera/nios2eds/bin/gnu/h-i686-mingw32/bin/../lib/gcc/nios2-elf/4.1.2/mno-hw-mul\libgcc.a(_unpack_sf.o)
 .debug_info    0x000022b0      0x21f d:/altera/nios2eds/bin/gnu/h-i686-mingw32/bin/../lib/gcc/nios2-elf/4.1.2/mno-hw-mul\libgcc.a(_fpcmp_parts_sf.o)
 .debug_info    0x000024cf       0xf3 d:/altera/nios2eds/bin/gnu/h-i686-mingw32/bin/../lib/gcc/nios2-elf/4.1.2/mno-hw-mul\libgcc.a(lib2-mul.o)
 .debug_info    0x000025c2       0xc9 d:/altera/nios2eds/bin/gnu/h-i686-mingw32/bin/../lib/gcc/nios2-elf/4.1.2/mno-hw-mul\libgcc.a(_clz.o)
 .debug_info    0x0000268b      0x6c8 d:/altera/nios2eds/bin/gnu/h-i686-mingw32/bin/../lib/gcc/nios2-elf/4.1.2/../../../../nios2-elf/lib/mno-hw-mul\libsmallc.a(lib_a-printf.o)
 .debug_info    0x00002d53      0x66b d:/altera/nios2eds/bin/gnu/h-i686-mingw32/bin/../lib/gcc/nios2-elf/4.1.2/../../../../nios2-elf/lib/mno-hw-mul\libsmallc.a(lib_a-putchar.o)
 .debug_info    0x000033be      0x685 d:/altera/nios2eds/bin/gnu/h-i686-mingw32/bin/../lib/gcc/nios2-elf/4.1.2/../../../../nios2-elf/lib/mno-hw-mul\libsmallc.a(lib_a-puts.o)
 .debug_info    0x00003a43       0xc2 d:/altera/nios2eds/bin/gnu/h-i686-mingw32/bin/../lib/gcc/nios2-elf/4.1.2/../../../../nios2-elf/lib/mno-hw-mul\libsmallc.a(lib_a-strlen.o)
 .debug_info    0x00003b05      0x9b6 d:/altera/nios2eds/bin/gnu/h-i686-mingw32/bin/../lib/gcc/nios2-elf/4.1.2/../../../../nios2-elf/lib/mno-hw-mul\libsmallc.a(lib_a-vfprintf.o)
 .debug_info    0x000044bb      0x68e d:/altera/nios2eds/bin/gnu/h-i686-mingw32/bin/../lib/gcc/nios2-elf/4.1.2/../../../../nios2-elf/lib/mno-hw-mul\libsmallc.a(lib_a-fvwrite_small_dev.o)
 .debug_info    0x00004b49      0x636 d:/altera/nios2eds/bin/gnu/h-i686-mingw32/bin/../lib/gcc/nios2-elf/4.1.2/../../../../nios2-elf/lib/mno-hw-mul\libsmallc.a(lib_a-impure.o)
 .debug_info    0x0000517f      0x6b8 d:/altera/nios2eds/bin/gnu/h-i686-mingw32/bin/../lib/gcc/nios2-elf/4.1.2/../../../../nios2-elf/lib/mno-hw-mul\libsmallc.a(lib_a-putc.o)
 .debug_info    0x00005837      0x68c d:/altera/nios2eds/bin/gnu/h-i686-mingw32/bin/../lib/gcc/nios2-elf/4.1.2/../../../../nios2-elf/lib/mno-hw-mul\libsmallc.a(lib_a-writer.o)
 .debug_info    0x00005ec3       0x8c d:/altera/nios2eds/bin/gnu/h-i686-mingw32/bin/../lib/gcc/nios2-elf/4.1.2/../../../../nios2-elf/lib/mno-hw-mul\libsmallc.a(lib_a-int_errno.o)
 .debug_info    0x00005f4f      0x21c d:/altera/nios2eds/bin/gnu/h-i686-mingw32/bin/../lib/gcc/nios2-elf/4.1.2/mno-hw-mul\libgcc.a(lib2-divmod.o)
 .debug_info    0x0000616b      0x27b ../matrix_accel_SW_bsp/\libhal_bsp.a(alt_load.o)
 .debug_info    0x000063e6      0x213 ../matrix_accel_SW_bsp/\libhal_bsp.a(alt_main.o)
 .debug_info    0x000065f9      0x156 ../matrix_accel_SW_bsp/\libhal_bsp.a(alt_usleep.o)
 .debug_info    0x0000674f      0x681 ../matrix_accel_SW_bsp/\libhal_bsp.a(alt_write.o)
 .debug_info    0x00006dd0      0x567 ../matrix_accel_SW_bsp/\libhal_bsp.a(alt_sys_init.o)
 .debug_info    0x00007337      0x5a7 ../matrix_accel_SW_bsp/\libhal_bsp.a(altera_avalon_jtag_uart_fd.o)
 .debug_info    0x000078de      0x2f7 ../matrix_accel_SW_bsp/\libhal_bsp.a(altera_avalon_jtag_uart_read.o)
 .debug_info    0x00007bd5      0x2d4 ../matrix_accel_SW_bsp/\libhal_bsp.a(altera_avalon_jtag_uart_write.o)
 .debug_info    0x00007ea9      0x199 ../matrix_accel_SW_bsp/\libhal_bsp.a(alt_busy_sleep.o)
 .debug_info    0x00008042      0x455 ../matrix_accel_SW_bsp/\libhal_bsp.a(alt_close.o)
 .debug_info    0x00008497      0x14a ../matrix_accel_SW_bsp/\libhal_bsp.a(alt_dcache_flush_all.o)
 .debug_info    0x000085e1      0x66d ../matrix_accel_SW_bsp/\libhal_bsp.a(alt_dev.o)
 .debug_info    0x00008c4e      0x2a5 ../matrix_accel_SW_bsp/\libhal_bsp.a(alt_dev_llist_insert.o)
 .debug_info    0x00008ef3       0xfd ../matrix_accel_SW_bsp/\libhal_bsp.a(alt_do_ctors.o)
 .debug_info    0x00008ff0       0xfc ../matrix_accel_SW_bsp/\libhal_bsp.a(alt_do_dtors.o)
 .debug_info    0x000090ec      0x152 ../matrix_accel_SW_bsp/\libhal_bsp.a(alt_errno.o)
 .debug_info    0x0000923e      0x14a ../matrix_accel_SW_bsp/\libhal_bsp.a(alt_icache_flush_all.o)
 .debug_info    0x00009388      0x683 ../matrix_accel_SW_bsp/\libhal_bsp.a(alt_io_redirect.o)
 .debug_info    0x00009a0b      0x513 ../matrix_accel_SW_bsp/\libhal_bsp.a(alt_open.o)
 .debug_info    0x00009f1e      0x3e0 ../matrix_accel_SW_bsp/\libhal_bsp.a(alt_release_fd.o)
 .debug_info    0x0000a2fe      0x151 ../matrix_accel_SW_bsp/\libhal_bsp.a(altera_nios2_qsys_irq.o)
 .debug_info    0x0000a44f      0x406 ../matrix_accel_SW_bsp/\libhal_bsp.a(alt_find_dev.o)
 .debug_info    0x0000a855      0x40d ../matrix_accel_SW_bsp/\libhal_bsp.a(alt_find_file.o)
 .debug_info    0x0000ac62      0x44e ../matrix_accel_SW_bsp/\libhal_bsp.a(alt_get_fd.o)
 .debug_info    0x0000b0b0      0x186 d:/altera/nios2eds/bin/gnu/h-i686-mingw32/bin/../lib/gcc/nios2-elf/4.1.2/../../../../nios2-elf/lib/mno-hw-mul\libsmallc.a(lib_a-atexit.o)
 .debug_info    0x0000b236       0x9f d:/altera/nios2eds/bin/gnu/h-i686-mingw32/bin/../lib/gcc/nios2-elf/4.1.2/../../../../nios2-elf/lib/mno-hw-mul\libsmallc.a(lib_a-exit.o)
 .debug_info    0x0000b2d5       0xef d:/altera/nios2eds/bin/gnu/h-i686-mingw32/bin/../lib/gcc/nios2-elf/4.1.2/../../../../nios2-elf/lib/mno-hw-mul\libsmallc.a(lib_a-memcmp.o)
 .debug_info    0x0000b3c4      0x68f d:/altera/nios2eds/bin/gnu/h-i686-mingw32/bin/../lib/gcc/nios2-elf/4.1.2/../../../../nios2-elf/lib/mno-hw-mul\libsmallc.a(lib_a-__atexit.o)
 .debug_info    0x0000ba53      0x6d5 d:/altera/nios2eds/bin/gnu/h-i686-mingw32/bin/../lib/gcc/nios2-elf/4.1.2/../../../../nios2-elf/lib/mno-hw-mul\libsmallc.a(lib_a-__call_atexit.o)
 .debug_info    0x0000c128      0x17b ../matrix_accel_SW_bsp/\libhal_bsp.a(alt_exit.o)

.debug_abbrev   0x00000000     0x370b
 *(.debug_abbrev)
 .debug_abbrev  0x00000000       0x12 ../matrix_accel_SW_bsp//obj/HAL/src/crt0.o
 .debug_abbrev  0x00000012       0xab obj/default/source.o
 .debug_abbrev  0x000000bd      0x1e1 d:/altera/nios2eds/bin/gnu/h-i686-mingw32/bin/../lib/gcc/nios2-elf/4.1.2/mno-hw-mul\libgcc.a(_addsub_sf.o)
 .debug_abbrev  0x0000029e      0x206 d:/altera/nios2eds/bin/gnu/h-i686-mingw32/bin/../lib/gcc/nios2-elf/4.1.2/mno-hw-mul\libgcc.a(_mul_sf.o)
 .debug_abbrev  0x000004a4      0x1e5 d:/altera/nios2eds/bin/gnu/h-i686-mingw32/bin/../lib/gcc/nios2-elf/4.1.2/mno-hw-mul\libgcc.a(_div_sf.o)
 .debug_abbrev  0x00000689      0x151 d:/altera/nios2eds/bin/gnu/h-i686-mingw32/bin/../lib/gcc/nios2-elf/4.1.2/mno-hw-mul\libgcc.a(_lt_sf.o)
 .debug_abbrev  0x000007da      0x13d d:/altera/nios2eds/bin/gnu/h-i686-mingw32/bin/../lib/gcc/nios2-elf/4.1.2/mno-hw-mul\libgcc.a(_si_to_sf.o)
 .debug_abbrev  0x00000917      0x176 d:/altera/nios2eds/bin/gnu/h-i686-mingw32/bin/../lib/gcc/nios2-elf/4.1.2/mno-hw-mul\libgcc.a(_sf_to_si.o)
 .debug_abbrev  0x00000a8d       0xba d:/altera/nios2eds/bin/gnu/h-i686-mingw32/bin/../lib/gcc/nios2-elf/4.1.2/mno-hw-mul\libgcc.a(_thenan_sf.o)
 .debug_abbrev  0x00000b47      0x155 d:/altera/nios2eds/bin/gnu/h-i686-mingw32/bin/../lib/gcc/nios2-elf/4.1.2/mno-hw-mul\libgcc.a(_usi_to_sf.o)
 .debug_abbrev  0x00000c9c       0xfb d:/altera/nios2eds/bin/gnu/h-i686-mingw32/bin/../lib/gcc/nios2-elf/4.1.2/mno-hw-mul\libgcc.a(_muldi3.o)
 .debug_abbrev  0x00000d97       0xb9 d:/altera/nios2eds/bin/gnu/h-i686-mingw32/bin/../lib/gcc/nios2-elf/4.1.2/mno-hw-mul\libgcc.a(_clzsi2.o)
 .debug_abbrev  0x00000e50      0x1aa d:/altera/nios2eds/bin/gnu/h-i686-mingw32/bin/../lib/gcc/nios2-elf/4.1.2/mno-hw-mul\libgcc.a(_pack_sf.o)
 .debug_abbrev  0x00000ffa      0x158 d:/altera/nios2eds/bin/gnu/h-i686-mingw32/bin/../lib/gcc/nios2-elf/4.1.2/mno-hw-mul\libgcc.a(_unpack_sf.o)
 .debug_abbrev  0x00001152      0x132 d:/altera/nios2eds/bin/gnu/h-i686-mingw32/bin/../lib/gcc/nios2-elf/4.1.2/mno-hw-mul\libgcc.a(_fpcmp_parts_sf.o)
 .debug_abbrev  0x00001284       0x7b d:/altera/nios2eds/bin/gnu/h-i686-mingw32/bin/../lib/gcc/nios2-elf/4.1.2/mno-hw-mul\libgcc.a(lib2-mul.o)
 .debug_abbrev  0x000012ff       0x61 d:/altera/nios2eds/bin/gnu/h-i686-mingw32/bin/../lib/gcc/nios2-elf/4.1.2/mno-hw-mul\libgcc.a(_clz.o)
 .debug_abbrev  0x00001360      0x179 d:/altera/nios2eds/bin/gnu/h-i686-mingw32/bin/../lib/gcc/nios2-elf/4.1.2/../../../../nios2-elf/lib/mno-hw-mul\libsmallc.a(lib_a-printf.o)
 .debug_abbrev  0x000014d9      0x158 d:/altera/nios2eds/bin/gnu/h-i686-mingw32/bin/../lib/gcc/nios2-elf/4.1.2/../../../../nios2-elf/lib/mno-hw-mul\libsmallc.a(lib_a-putchar.o)
 .debug_abbrev  0x00001631      0x180 d:/altera/nios2eds/bin/gnu/h-i686-mingw32/bin/../lib/gcc/nios2-elf/4.1.2/../../../../nios2-elf/lib/mno-hw-mul\libsmallc.a(lib_a-puts.o)
 .debug_abbrev  0x000017b1       0x7a d:/altera/nios2eds/bin/gnu/h-i686-mingw32/bin/../lib/gcc/nios2-elf/4.1.2/../../../../nios2-elf/lib/mno-hw-mul\libsmallc.a(lib_a-strlen.o)
 .debug_abbrev  0x0000182b      0x263 d:/altera/nios2eds/bin/gnu/h-i686-mingw32/bin/../lib/gcc/nios2-elf/4.1.2/../../../../nios2-elf/lib/mno-hw-mul\libsmallc.a(lib_a-vfprintf.o)
 .debug_abbrev  0x00001a8e      0x179 d:/altera/nios2eds/bin/gnu/h-i686-mingw32/bin/../lib/gcc/nios2-elf/4.1.2/../../../../nios2-elf/lib/mno-hw-mul\libsmallc.a(lib_a-fvwrite_small_dev.o)
 .debug_abbrev  0x00001c07      0x13f d:/altera/nios2eds/bin/gnu/h-i686-mingw32/bin/../lib/gcc/nios2-elf/4.1.2/../../../../nios2-elf/lib/mno-hw-mul\libsmallc.a(lib_a-impure.o)
 .debug_abbrev  0x00001d46      0x167 d:/altera/nios2eds/bin/gnu/h-i686-mingw32/bin/../lib/gcc/nios2-elf/4.1.2/../../../../nios2-elf/lib/mno-hw-mul\libsmallc.a(lib_a-putc.o)
 .debug_abbrev  0x00001ead      0x16c d:/altera/nios2eds/bin/gnu/h-i686-mingw32/bin/../lib/gcc/nios2-elf/4.1.2/../../../../nios2-elf/lib/mno-hw-mul\libsmallc.a(lib_a-writer.o)
 .debug_abbrev  0x00002019       0x3b d:/altera/nios2eds/bin/gnu/h-i686-mingw32/bin/../lib/gcc/nios2-elf/4.1.2/../../../../nios2-elf/lib/mno-hw-mul\libsmallc.a(lib_a-int_errno.o)
 .debug_abbrev  0x00002054       0xe0 d:/altera/nios2eds/bin/gnu/h-i686-mingw32/bin/../lib/gcc/nios2-elf/4.1.2/mno-hw-mul\libgcc.a(lib2-divmod.o)
 .debug_abbrev  0x00002134       0x88 ../matrix_accel_SW_bsp/\libhal_bsp.a(alt_load.o)
 .debug_abbrev  0x000021bc       0xb7 ../matrix_accel_SW_bsp/\libhal_bsp.a(alt_main.o)
 .debug_abbrev  0x00002273       0x5d ../matrix_accel_SW_bsp/\libhal_bsp.a(alt_usleep.o)
 .debug_abbrev  0x000022d0      0x100 ../matrix_accel_SW_bsp/\libhal_bsp.a(alt_write.o)
 .debug_abbrev  0x000023d0      0x121 ../matrix_accel_SW_bsp/\libhal_bsp.a(alt_sys_init.o)
 .debug_abbrev  0x000024f1       0xcb ../matrix_accel_SW_bsp/\libhal_bsp.a(altera_avalon_jtag_uart_fd.o)
 .debug_abbrev  0x000025bc       0xb6 ../matrix_accel_SW_bsp/\libhal_bsp.a(altera_avalon_jtag_uart_read.o)
 .debug_abbrev  0x00002672       0xb4 ../matrix_accel_SW_bsp/\libhal_bsp.a(altera_avalon_jtag_uart_write.o)
 .debug_abbrev  0x00002726       0x6c ../matrix_accel_SW_bsp/\libhal_bsp.a(alt_busy_sleep.o)
 .debug_abbrev  0x00002792       0xfb ../matrix_accel_SW_bsp/\libhal_bsp.a(alt_close.o)
 .debug_abbrev  0x0000288d       0x3f ../matrix_accel_SW_bsp/\libhal_bsp.a(alt_dcache_flush_all.o)
 .debug_abbrev  0x000028cc       0xc7 ../matrix_accel_SW_bsp/\libhal_bsp.a(alt_dev.o)
 .debug_abbrev  0x00002993       0xf6 ../matrix_accel_SW_bsp/\libhal_bsp.a(alt_dev_llist_insert.o)
 .debug_abbrev  0x00002a89       0x76 ../matrix_accel_SW_bsp/\libhal_bsp.a(alt_do_ctors.o)
 .debug_abbrev  0x00002aff       0x76 ../matrix_accel_SW_bsp/\libhal_bsp.a(alt_do_dtors.o)
 .debug_abbrev  0x00002b75       0x5e ../matrix_accel_SW_bsp/\libhal_bsp.a(alt_errno.o)
 .debug_abbrev  0x00002bd3       0x3f ../matrix_accel_SW_bsp/\libhal_bsp.a(alt_icache_flush_all.o)
 .debug_abbrev  0x00002c12       0xf0 ../matrix_accel_SW_bsp/\libhal_bsp.a(alt_io_redirect.o)
 .debug_abbrev  0x00002d02      0x112 ../matrix_accel_SW_bsp/\libhal_bsp.a(alt_open.o)
 .debug_abbrev  0x00002e14       0xc1 ../matrix_accel_SW_bsp/\libhal_bsp.a(alt_release_fd.o)
 .debug_abbrev  0x00002ed5       0x3f ../matrix_accel_SW_bsp/\libhal_bsp.a(altera_nios2_qsys_irq.o)
 .debug_abbrev  0x00002f14       0xcf ../matrix_accel_SW_bsp/\libhal_bsp.a(alt_find_dev.o)
 .debug_abbrev  0x00002fe3       0xcf ../matrix_accel_SW_bsp/\libhal_bsp.a(alt_find_file.o)
 .debug_abbrev  0x000030b2       0xfb ../matrix_accel_SW_bsp/\libhal_bsp.a(alt_get_fd.o)
 .debug_abbrev  0x000031ad       0xc6 d:/altera/nios2eds/bin/gnu/h-i686-mingw32/bin/../lib/gcc/nios2-elf/4.1.2/../../../../nios2-elf/lib/mno-hw-mul\libsmallc.a(lib_a-atexit.o)
 .debug_abbrev  0x00003273       0x4e d:/altera/nios2eds/bin/gnu/h-i686-mingw32/bin/../lib/gcc/nios2-elf/4.1.2/../../../../nios2-elf/lib/mno-hw-mul\libsmallc.a(lib_a-exit.o)
 .debug_abbrev  0x000032c1       0x7c d:/altera/nios2eds/bin/gnu/h-i686-mingw32/bin/../lib/gcc/nios2-elf/4.1.2/../../../../nios2-elf/lib/mno-hw-mul\libsmallc.a(lib_a-memcmp.o)
 .debug_abbrev  0x0000333d      0x196 d:/altera/nios2eds/bin/gnu/h-i686-mingw32/bin/../lib/gcc/nios2-elf/4.1.2/../../../../nios2-elf/lib/mno-hw-mul\libsmallc.a(lib_a-__atexit.o)
 .debug_abbrev  0x000034d3      0x1c6 d:/altera/nios2eds/bin/gnu/h-i686-mingw32/bin/../lib/gcc/nios2-elf/4.1.2/../../../../nios2-elf/lib/mno-hw-mul\libsmallc.a(lib_a-__call_atexit.o)
 .debug_abbrev  0x00003699       0x72 ../matrix_accel_SW_bsp/\libhal_bsp.a(alt_exit.o)

.debug_line     0x00000000     0x7d0b
 *(.debug_line)
 .debug_line    0x00000000       0x66 ../matrix_accel_SW_bsp//obj/HAL/src/crt0.o
 .debug_line    0x00000066      0x3d8 obj/default/source.o
 .debug_line    0x0000043e      0x3af d:/altera/nios2eds/bin/gnu/h-i686-mingw32/bin/../lib/gcc/nios2-elf/4.1.2/mno-hw-mul\libgcc.a(_addsub_sf.o)
 .debug_line    0x000007ed      0x2c1 d:/altera/nios2eds/bin/gnu/h-i686-mingw32/bin/../lib/gcc/nios2-elf/4.1.2/mno-hw-mul\libgcc.a(_mul_sf.o)
 .debug_line    0x00000aae      0x26a d:/altera/nios2eds/bin/gnu/h-i686-mingw32/bin/../lib/gcc/nios2-elf/4.1.2/mno-hw-mul\libgcc.a(_div_sf.o)
 .debug_line    0x00000d18      0x121 d:/altera/nios2eds/bin/gnu/h-i686-mingw32/bin/../lib/gcc/nios2-elf/4.1.2/mno-hw-mul\libgcc.a(_lt_sf.o)
 .debug_line    0x00000e39      0x187 d:/altera/nios2eds/bin/gnu/h-i686-mingw32/bin/../lib/gcc/nios2-elf/4.1.2/mno-hw-mul\libgcc.a(_si_to_sf.o)
 .debug_line    0x00000fc0      0x141 d:/altera/nios2eds/bin/gnu/h-i686-mingw32/bin/../lib/gcc/nios2-elf/4.1.2/mno-hw-mul\libgcc.a(_sf_to_si.o)
 .debug_line    0x00001101       0x94 d:/altera/nios2eds/bin/gnu/h-i686-mingw32/bin/../lib/gcc/nios2-elf/4.1.2/mno-hw-mul\libgcc.a(_thenan_sf.o)
 .debug_line    0x00001195      0x183 d:/altera/nios2eds/bin/gnu/h-i686-mingw32/bin/../lib/gcc/nios2-elf/4.1.2/mno-hw-mul\libgcc.a(_usi_to_sf.o)
 .debug_line    0x00001318      0x14f d:/altera/nios2eds/bin/gnu/h-i686-mingw32/bin/../lib/gcc/nios2-elf/4.1.2/mno-hw-mul\libgcc.a(_muldi3.o)
 .debug_line    0x00001467      0x105 d:/altera/nios2eds/bin/gnu/h-i686-mingw32/bin/../lib/gcc/nios2-elf/4.1.2/mno-hw-mul\libgcc.a(_clzsi2.o)
 .debug_line    0x0000156c      0x1ca d:/altera/nios2eds/bin/gnu/h-i686-mingw32/bin/../lib/gcc/nios2-elf/4.1.2/mno-hw-mul\libgcc.a(_pack_sf.o)
 .debug_line    0x00001736      0x197 d:/altera/nios2eds/bin/gnu/h-i686-mingw32/bin/../lib/gcc/nios2-elf/4.1.2/mno-hw-mul\libgcc.a(_unpack_sf.o)
 .debug_line    0x000018cd      0x177 d:/altera/nios2eds/bin/gnu/h-i686-mingw32/bin/../lib/gcc/nios2-elf/4.1.2/mno-hw-mul\libgcc.a(_fpcmp_parts_sf.o)
 .debug_line    0x00001a44      0x11a d:/altera/nios2eds/bin/gnu/h-i686-mingw32/bin/../lib/gcc/nios2-elf/4.1.2/mno-hw-mul\libgcc.a(lib2-mul.o)
 .debug_line    0x00001b5e       0xaa d:/altera/nios2eds/bin/gnu/h-i686-mingw32/bin/../lib/gcc/nios2-elf/4.1.2/mno-hw-mul\libgcc.a(_clz.o)
 .debug_line    0x00001c08      0x2be d:/altera/nios2eds/bin/gnu/h-i686-mingw32/bin/../lib/gcc/nios2-elf/4.1.2/../../../../nios2-elf/lib/mno-hw-mul\libsmallc.a(lib_a-printf.o)
 .debug_line    0x00001ec6      0x267 d:/altera/nios2eds/bin/gnu/h-i686-mingw32/bin/../lib/gcc/nios2-elf/4.1.2/../../../../nios2-elf/lib/mno-hw-mul\libsmallc.a(lib_a-putchar.o)
 .debug_line    0x0000212d      0x2b2 d:/altera/nios2eds/bin/gnu/h-i686-mingw32/bin/../lib/gcc/nios2-elf/4.1.2/../../../../nios2-elf/lib/mno-hw-mul\libsmallc.a(lib_a-puts.o)
 .debug_line    0x000023df      0x250 d:/altera/nios2eds/bin/gnu/h-i686-mingw32/bin/../lib/gcc/nios2-elf/4.1.2/../../../../nios2-elf/lib/mno-hw-mul\libsmallc.a(lib_a-strlen.o)
 .debug_line    0x0000262f      0x666 d:/altera/nios2eds/bin/gnu/h-i686-mingw32/bin/../lib/gcc/nios2-elf/4.1.2/../../../../nios2-elf/lib/mno-hw-mul\libsmallc.a(lib_a-vfprintf.o)
 .debug_line    0x00002c95      0x2a9 d:/altera/nios2eds/bin/gnu/h-i686-mingw32/bin/../lib/gcc/nios2-elf/4.1.2/../../../../nios2-elf/lib/mno-hw-mul\libsmallc.a(lib_a-fvwrite_small_dev.o)
 .debug_line    0x00002f3e      0x230 d:/altera/nios2eds/bin/gnu/h-i686-mingw32/bin/../lib/gcc/nios2-elf/4.1.2/../../../../nios2-elf/lib/mno-hw-mul\libsmallc.a(lib_a-impure.o)
 .debug_line    0x0000316e      0x2d2 d:/altera/nios2eds/bin/gnu/h-i686-mingw32/bin/../lib/gcc/nios2-elf/4.1.2/../../../../nios2-elf/lib/mno-hw-mul\libsmallc.a(lib_a-putc.o)
 .debug_line    0x00003440      0x29d d:/altera/nios2eds/bin/gnu/h-i686-mingw32/bin/../lib/gcc/nios2-elf/4.1.2/../../../../nios2-elf/lib/mno-hw-mul\libsmallc.a(lib_a-writer.o)
 .debug_line    0x000036dd      0x1e2 d:/altera/nios2eds/bin/gnu/h-i686-mingw32/bin/../lib/gcc/nios2-elf/4.1.2/../../../../nios2-elf/lib/mno-hw-mul\libsmallc.a(lib_a-int_errno.o)
 .debug_line    0x000038bf      0x24f d:/altera/nios2eds/bin/gnu/h-i686-mingw32/bin/../lib/gcc/nios2-elf/4.1.2/mno-hw-mul\libgcc.a(lib2-divmod.o)
 .debug_line    0x00003b0e      0x207 ../matrix_accel_SW_bsp/\libhal_bsp.a(alt_load.o)
 .debug_line    0x00003d15      0x2ba ../matrix_accel_SW_bsp/\libhal_bsp.a(alt_main.o)
 .debug_line    0x00003fcf      0x1ea ../matrix_accel_SW_bsp/\libhal_bsp.a(alt_usleep.o)
 .debug_line    0x000041b9      0x2b9 ../matrix_accel_SW_bsp/\libhal_bsp.a(alt_write.o)
 .debug_line    0x00004472      0x296 ../matrix_accel_SW_bsp/\libhal_bsp.a(alt_sys_init.o)
 .debug_line    0x00004708      0x1cf ../matrix_accel_SW_bsp/\libhal_bsp.a(altera_avalon_jtag_uart_fd.o)
 .debug_line    0x000048d7      0x333 ../matrix_accel_SW_bsp/\libhal_bsp.a(altera_avalon_jtag_uart_read.o)
 .debug_line    0x00004c0a      0x2f4 ../matrix_accel_SW_bsp/\libhal_bsp.a(altera_avalon_jtag_uart_write.o)
 .debug_line    0x00004efe      0x244 ../matrix_accel_SW_bsp/\libhal_bsp.a(alt_busy_sleep.o)
 .debug_line    0x00005142      0x289 ../matrix_accel_SW_bsp/\libhal_bsp.a(alt_close.o)
 .debug_line    0x000053cb      0x1a5 ../matrix_accel_SW_bsp/\libhal_bsp.a(alt_dcache_flush_all.o)
 .debug_line    0x00005570      0x244 ../matrix_accel_SW_bsp/\libhal_bsp.a(alt_dev.o)
 .debug_line    0x000057b4      0x24a ../matrix_accel_SW_bsp/\libhal_bsp.a(alt_dev_llist_insert.o)
 .debug_line    0x000059fe       0x83 ../matrix_accel_SW_bsp/\libhal_bsp.a(alt_do_ctors.o)
 .debug_line    0x00005a81       0x83 ../matrix_accel_SW_bsp/\libhal_bsp.a(alt_do_dtors.o)
 .debug_line    0x00005b04      0x19a ../matrix_accel_SW_bsp/\libhal_bsp.a(alt_errno.o)
 .debug_line    0x00005c9e      0x1a5 ../matrix_accel_SW_bsp/\libhal_bsp.a(alt_icache_flush_all.o)
 .debug_line    0x00005e43      0x2a4 ../matrix_accel_SW_bsp/\libhal_bsp.a(alt_io_redirect.o)
 .debug_line    0x000060e7      0x2ef ../matrix_accel_SW_bsp/\libhal_bsp.a(alt_open.o)
 .debug_line    0x000063d6       0xed ../matrix_accel_SW_bsp/\libhal_bsp.a(alt_release_fd.o)
 .debug_line    0x000064c3      0x1be ../matrix_accel_SW_bsp/\libhal_bsp.a(altera_nios2_qsys_irq.o)
 .debug_line    0x00006681      0x25b ../matrix_accel_SW_bsp/\libhal_bsp.a(alt_find_dev.o)
 .debug_line    0x000068dc      0x26c ../matrix_accel_SW_bsp/\libhal_bsp.a(alt_find_file.o)
 .debug_line    0x00006b48      0x287 ../matrix_accel_SW_bsp/\libhal_bsp.a(alt_get_fd.o)
 .debug_line    0x00006dcf      0x203 d:/altera/nios2eds/bin/gnu/h-i686-mingw32/bin/../lib/gcc/nios2-elf/4.1.2/../../../../nios2-elf/lib/mno-hw-mul\libsmallc.a(lib_a-atexit.o)
 .debug_line    0x00006fd2      0x223 d:/altera/nios2eds/bin/gnu/h-i686-mingw32/bin/../lib/gcc/nios2-elf/4.1.2/../../../../nios2-elf/lib/mno-hw-mul\libsmallc.a(lib_a-exit.o)
 .debug_line    0x000071f5      0x270 d:/altera/nios2eds/bin/gnu/h-i686-mingw32/bin/../lib/gcc/nios2-elf/4.1.2/../../../../nios2-elf/lib/mno-hw-mul\libsmallc.a(lib_a-memcmp.o)
 .debug_line    0x00007465      0x350 d:/altera/nios2eds/bin/gnu/h-i686-mingw32/bin/../lib/gcc/nios2-elf/4.1.2/../../../../nios2-elf/lib/mno-hw-mul\libsmallc.a(lib_a-__atexit.o)
 .debug_line    0x000077b5      0x360 d:/altera/nios2eds/bin/gnu/h-i686-mingw32/bin/../lib/gcc/nios2-elf/4.1.2/../../../../nios2-elf/lib/mno-hw-mul\libsmallc.a(lib_a-__call_atexit.o)
 .debug_line    0x00007b15      0x1f6 ../matrix_accel_SW_bsp/\libhal_bsp.a(alt_exit.o)

.debug_frame    0x00000000      0xb14
 *(.debug_frame)
 .debug_frame   0x00000000       0x48 obj/default/source.o
 .debug_frame   0x00000048       0x58 d:/altera/nios2eds/bin/gnu/h-i686-mingw32/bin/../lib/gcc/nios2-elf/4.1.2/mno-hw-mul\libgcc.a(_addsub_sf.o)
 .debug_frame   0x000000a0       0x2c d:/altera/nios2eds/bin/gnu/h-i686-mingw32/bin/../lib/gcc/nios2-elf/4.1.2/mno-hw-mul\libgcc.a(_mul_sf.o)
 .debug_frame   0x000000cc       0x2c d:/altera/nios2eds/bin/gnu/h-i686-mingw32/bin/../lib/gcc/nios2-elf/4.1.2/mno-hw-mul\libgcc.a(_div_sf.o)
 .debug_frame   0x000000f8       0x2c d:/altera/nios2eds/bin/gnu/h-i686-mingw32/bin/../lib/gcc/nios2-elf/4.1.2/mno-hw-mul\libgcc.a(_lt_sf.o)
 .debug_frame   0x00000124       0x28 d:/altera/nios2eds/bin/gnu/h-i686-mingw32/bin/../lib/gcc/nios2-elf/4.1.2/mno-hw-mul\libgcc.a(_si_to_sf.o)
 .debug_frame   0x0000014c       0x28 d:/altera/nios2eds/bin/gnu/h-i686-mingw32/bin/../lib/gcc/nios2-elf/4.1.2/mno-hw-mul\libgcc.a(_sf_to_si.o)
 .debug_frame   0x00000174       0x2c d:/altera/nios2eds/bin/gnu/h-i686-mingw32/bin/../lib/gcc/nios2-elf/4.1.2/mno-hw-mul\libgcc.a(_usi_to_sf.o)
 .debug_frame   0x000001a0       0x40 d:/altera/nios2eds/bin/gnu/h-i686-mingw32/bin/../lib/gcc/nios2-elf/4.1.2/mno-hw-mul\libgcc.a(_muldi3.o)
 .debug_frame   0x000001e0       0x20 d:/altera/nios2eds/bin/gnu/h-i686-mingw32/bin/../lib/gcc/nios2-elf/4.1.2/mno-hw-mul\libgcc.a(_clzsi2.o)
 .debug_frame   0x00000200       0x20 d:/altera/nios2eds/bin/gnu/h-i686-mingw32/bin/../lib/gcc/nios2-elf/4.1.2/mno-hw-mul\libgcc.a(_pack_sf.o)
 .debug_frame   0x00000220       0x20 d:/altera/nios2eds/bin/gnu/h-i686-mingw32/bin/../lib/gcc/nios2-elf/4.1.2/mno-hw-mul\libgcc.a(_unpack_sf.o)
 .debug_frame   0x00000240       0x20 d:/altera/nios2eds/bin/gnu/h-i686-mingw32/bin/../lib/gcc/nios2-elf/4.1.2/mno-hw-mul\libgcc.a(_fpcmp_parts_sf.o)
 .debug_frame   0x00000260       0x20 d:/altera/nios2eds/bin/gnu/h-i686-mingw32/bin/../lib/gcc/nios2-elf/4.1.2/mno-hw-mul\libgcc.a(lib2-mul.o)
 .debug_frame   0x00000280       0x40 d:/altera/nios2eds/bin/gnu/h-i686-mingw32/bin/../lib/gcc/nios2-elf/4.1.2/../../../../nios2-elf/lib/mno-hw-mul\libsmallc.a(lib_a-printf.o)
 .debug_frame   0x000002c0       0x30 d:/altera/nios2eds/bin/gnu/h-i686-mingw32/bin/../lib/gcc/nios2-elf/4.1.2/../../../../nios2-elf/lib/mno-hw-mul\libsmallc.a(lib_a-putchar.o)
 .debug_frame   0x000002f0       0x3c d:/altera/nios2eds/bin/gnu/h-i686-mingw32/bin/../lib/gcc/nios2-elf/4.1.2/../../../../nios2-elf/lib/mno-hw-mul\libsmallc.a(lib_a-puts.o)
 .debug_frame   0x0000032c       0x20 d:/altera/nios2eds/bin/gnu/h-i686-mingw32/bin/../lib/gcc/nios2-elf/4.1.2/../../../../nios2-elf/lib/mno-hw-mul\libsmallc.a(lib_a-strlen.o)
 .debug_frame   0x0000034c       0x64 d:/altera/nios2eds/bin/gnu/h-i686-mingw32/bin/../lib/gcc/nios2-elf/4.1.2/../../../../nios2-elf/lib/mno-hw-mul\libsmallc.a(lib_a-vfprintf.o)
 .debug_frame   0x000003b0       0x30 d:/altera/nios2eds/bin/gnu/h-i686-mingw32/bin/../lib/gcc/nios2-elf/4.1.2/../../../../nios2-elf/lib/mno-hw-mul\libsmallc.a(lib_a-fvwrite_small_dev.o)
 .debug_frame   0x000003e0       0x48 d:/altera/nios2eds/bin/gnu/h-i686-mingw32/bin/../lib/gcc/nios2-elf/4.1.2/../../../../nios2-elf/lib/mno-hw-mul\libsmallc.a(lib_a-putc.o)
 .debug_frame   0x00000428       0x2c d:/altera/nios2eds/bin/gnu/h-i686-mingw32/bin/../lib/gcc/nios2-elf/4.1.2/../../../../nios2-elf/lib/mno-hw-mul\libsmallc.a(lib_a-writer.o)
 .debug_frame   0x00000454       0x70 d:/altera/nios2eds/bin/gnu/h-i686-mingw32/bin/../lib/gcc/nios2-elf/4.1.2/mno-hw-mul\libgcc.a(lib2-divmod.o)
 .debug_frame   0x000004c4       0x48 ../matrix_accel_SW_bsp/\libhal_bsp.a(alt_load.o)
 .debug_frame   0x0000050c       0x2c ../matrix_accel_SW_bsp/\libhal_bsp.a(alt_main.o)
 .debug_frame   0x00000538       0x2c ../matrix_accel_SW_bsp/\libhal_bsp.a(alt_usleep.o)
 .debug_frame   0x00000564       0x48 ../matrix_accel_SW_bsp/\libhal_bsp.a(alt_write.o)
 .debug_frame   0x000005ac       0x64 ../matrix_accel_SW_bsp/\libhal_bsp.a(alt_sys_init.o)
 .debug_frame   0x00000610       0x48 ../matrix_accel_SW_bsp/\libhal_bsp.a(altera_avalon_jtag_uart_fd.o)
 .debug_frame   0x00000658       0x2c ../matrix_accel_SW_bsp/\libhal_bsp.a(altera_avalon_jtag_uart_read.o)
 .debug_frame   0x00000684       0x2c ../matrix_accel_SW_bsp/\libhal_bsp.a(altera_avalon_jtag_uart_write.o)
 .debug_frame   0x000006b0       0x2c ../matrix_accel_SW_bsp/\libhal_bsp.a(alt_busy_sleep.o)
 .debug_frame   0x000006dc       0x48 ../matrix_accel_SW_bsp/\libhal_bsp.a(alt_close.o)
 .debug_frame   0x00000724       0x2c ../matrix_accel_SW_bsp/\libhal_bsp.a(alt_dcache_flush_all.o)
 .debug_frame   0x00000750       0x2c ../matrix_accel_SW_bsp/\libhal_bsp.a(alt_dev.o)
 .debug_frame   0x0000077c       0x48 ../matrix_accel_SW_bsp/\libhal_bsp.a(alt_dev_llist_insert.o)
 .debug_frame   0x000007c4       0x2c ../matrix_accel_SW_bsp/\libhal_bsp.a(alt_do_ctors.o)
 .debug_frame   0x000007f0       0x2c ../matrix_accel_SW_bsp/\libhal_bsp.a(alt_do_dtors.o)
 .debug_frame   0x0000081c       0x2c ../matrix_accel_SW_bsp/\libhal_bsp.a(alt_icache_flush_all.o)
 .debug_frame   0x00000848       0x4c ../matrix_accel_SW_bsp/\libhal_bsp.a(alt_io_redirect.o)
 .debug_frame   0x00000894       0x68 ../matrix_accel_SW_bsp/\libhal_bsp.a(alt_open.o)
 .debug_frame   0x000008fc       0x30 ../matrix_accel_SW_bsp/\libhal_bsp.a(alt_release_fd.o)
 .debug_frame   0x0000092c       0x2c ../matrix_accel_SW_bsp/\libhal_bsp.a(altera_nios2_qsys_irq.o)
 .debug_frame   0x00000958       0x2c ../matrix_accel_SW_bsp/\libhal_bsp.a(alt_find_dev.o)
 .debug_frame   0x00000984       0x2c ../matrix_accel_SW_bsp/\libhal_bsp.a(alt_find_file.o)
 .debug_frame   0x000009b0       0x30 ../matrix_accel_SW_bsp/\libhal_bsp.a(alt_get_fd.o)
 .debug_frame   0x000009e0       0x20 d:/altera/nios2eds/bin/gnu/h-i686-mingw32/bin/../lib/gcc/nios2-elf/4.1.2/../../../../nios2-elf/lib/mno-hw-mul\libsmallc.a(lib_a-atexit.o)
 .debug_frame   0x00000a00       0x2c d:/altera/nios2eds/bin/gnu/h-i686-mingw32/bin/../lib/gcc/nios2-elf/4.1.2/../../../../nios2-elf/lib/mno-hw-mul\libsmallc.a(lib_a-exit.o)
 .debug_frame   0x00000a2c       0x20 d:/altera/nios2eds/bin/gnu/h-i686-mingw32/bin/../lib/gcc/nios2-elf/4.1.2/../../../../nios2-elf/lib/mno-hw-mul\libsmallc.a(lib_a-memcmp.o)
 .debug_frame   0x00000a4c       0x34 d:/altera/nios2eds/bin/gnu/h-i686-mingw32/bin/../lib/gcc/nios2-elf/4.1.2/../../../../nios2-elf/lib/mno-hw-mul\libsmallc.a(lib_a-__atexit.o)
 .debug_frame   0x00000a80       0x4c d:/altera/nios2eds/bin/gnu/h-i686-mingw32/bin/../lib/gcc/nios2-elf/4.1.2/../../../../nios2-elf/lib/mno-hw-mul\libsmallc.a(lib_a-__call_atexit.o)
 .debug_frame   0x00000acc       0x48 ../matrix_accel_SW_bsp/\libhal_bsp.a(alt_exit.o)

.debug_str      0x00000000     0x10c8
 *(.debug_str)
 .debug_str     0x00000000       0x12 obj/default/source.o
 .debug_str     0x00000012      0x204 d:/altera/nios2eds/bin/gnu/h-i686-mingw32/bin/../lib/gcc/nios2-elf/4.1.2/mno-hw-mul\libgcc.a(_addsub_sf.o)
                                0x269 (size before relaxing)
 .debug_str     0x00000216       0x2a d:/altera/nios2eds/bin/gnu/h-i686-mingw32/bin/../lib/gcc/nios2-elf/4.1.2/mno-hw-mul\libgcc.a(_mul_sf.o)
                                0x220 (size before relaxing)
 .debug_str     0x00000240       0x35 d:/altera/nios2eds/bin/gnu/h-i686-mingw32/bin/../lib/gcc/nios2-elf/4.1.2/mno-hw-mul\libgcc.a(_div_sf.o)
                                0x22b (size before relaxing)
 .debug_str     0x00000275        0x8 d:/altera/nios2eds/bin/gnu/h-i686-mingw32/bin/../lib/gcc/nios2-elf/4.1.2/mno-hw-mul\libgcc.a(_lt_sf.o)
                                0x1f8 (size before relaxing)
 .debug_str     0x0000027d       0x1e d:/altera/nios2eds/bin/gnu/h-i686-mingw32/bin/../lib/gcc/nios2-elf/4.1.2/mno-hw-mul\libgcc.a(_si_to_sf.o)
                                0x1de (size before relaxing)
 .debug_str     0x0000029b        0xa d:/altera/nios2eds/bin/gnu/h-i686-mingw32/bin/../lib/gcc/nios2-elf/4.1.2/mno-hw-mul\libgcc.a(_sf_to_si.o)
                                0x201 (size before relaxing)
 .debug_str     0x00000000      0x1a3 d:/altera/nios2eds/bin/gnu/h-i686-mingw32/bin/../lib/gcc/nios2-elf/4.1.2/mno-hw-mul\libgcc.a(_thenan_sf.o)
 .debug_str     0x000002a5       0x14 d:/altera/nios2eds/bin/gnu/h-i686-mingw32/bin/../lib/gcc/nios2-elf/4.1.2/mno-hw-mul\libgcc.a(_usi_to_sf.o)
                                0x1da (size before relaxing)
 .debug_str     0x000002b9       0x8d d:/altera/nios2eds/bin/gnu/h-i686-mingw32/bin/../lib/gcc/nios2-elf/4.1.2/mno-hw-mul\libgcc.a(_muldi3.o)
                                0x1ac (size before relaxing)
 .debug_str     0x00000346       0x20 d:/altera/nios2eds/bin/gnu/h-i686-mingw32/bin/../lib/gcc/nios2-elf/4.1.2/mno-hw-mul\libgcc.a(_clzsi2.o)
                                0x17e (size before relaxing)
 .debug_str     0x00000366       0x10 d:/altera/nios2eds/bin/gnu/h-i686-mingw32/bin/../lib/gcc/nios2-elf/4.1.2/mno-hw-mul\libgcc.a(_pack_sf.o)
                                0x200 (size before relaxing)
 .debug_str     0x00000376        0xb d:/altera/nios2eds/bin/gnu/h-i686-mingw32/bin/../lib/gcc/nios2-elf/4.1.2/mno-hw-mul\libgcc.a(_unpack_sf.o)
                                0x1e2 (size before relaxing)
 .debug_str     0x00000381       0x10 d:/altera/nios2eds/bin/gnu/h-i686-mingw32/bin/../lib/gcc/nios2-elf/4.1.2/mno-hw-mul\libgcc.a(_fpcmp_parts_sf.o)
                                0x1c6 (size before relaxing)
 .debug_str     0x00000391       0x37 d:/altera/nios2eds/bin/gnu/h-i686-mingw32/bin/../lib/gcc/nios2-elf/4.1.2/mno-hw-mul\libgcc.a(lib2-mul.o)
                                0x175 (size before relaxing)
 .debug_str     0x00000000      0x161 d:/altera/nios2eds/bin/gnu/h-i686-mingw32/bin/../lib/gcc/nios2-elf/4.1.2/mno-hw-mul\libgcc.a(_clz.o)
 .debug_str     0x000003c8      0x3aa d:/altera/nios2eds/bin/gnu/h-i686-mingw32/bin/../lib/gcc/nios2-elf/4.1.2/../../../../nios2-elf/lib/mno-hw-mul\libsmallc.a(lib_a-printf.o)
                                0x466 (size before relaxing)
 .debug_str     0x00000772       0x51 d:/altera/nios2eds/bin/gnu/h-i686-mingw32/bin/../lib/gcc/nios2-elf/4.1.2/../../../../nios2-elf/lib/mno-hw-mul\libsmallc.a(lib_a-putchar.o)
                                0x452 (size before relaxing)
 .debug_str     0x000007c3       0x48 d:/altera/nios2eds/bin/gnu/h-i686-mingw32/bin/../lib/gcc/nios2-elf/4.1.2/../../../../nios2-elf/lib/mno-hw-mul\libsmallc.a(lib_a-puts.o)
                                0x450 (size before relaxing)
 .debug_str     0x0000080b       0xe2 d:/altera/nios2eds/bin/gnu/h-i686-mingw32/bin/../lib/gcc/nios2-elf/4.1.2/../../../../nios2-elf/lib/mno-hw-mul\libsmallc.a(lib_a-strlen.o)
                                0x184 (size before relaxing)
 .debug_str     0x000008ed      0x168 d:/altera/nios2eds/bin/gnu/h-i686-mingw32/bin/../lib/gcc/nios2-elf/4.1.2/../../../../nios2-elf/lib/mno-hw-mul\libsmallc.a(lib_a-vfprintf.o)
                                0x5af (size before relaxing)
 .debug_str     0x00000a55       0x70 d:/altera/nios2eds/bin/gnu/h-i686-mingw32/bin/../lib/gcc/nios2-elf/4.1.2/../../../../nios2-elf/lib/mno-hw-mul\libsmallc.a(lib_a-fvwrite_small_dev.o)
                                0x46a (size before relaxing)
 .debug_str     0x00000ac5       0xf8 d:/altera/nios2eds/bin/gnu/h-i686-mingw32/bin/../lib/gcc/nios2-elf/4.1.2/../../../../nios2-elf/lib/mno-hw-mul\libsmallc.a(lib_a-impure.o)
                                0x45d (size before relaxing)
 .debug_str     0x00000bbd       0x4f d:/altera/nios2eds/bin/gnu/h-i686-mingw32/bin/../lib/gcc/nios2-elf/4.1.2/../../../../nios2-elf/lib/mno-hw-mul\libsmallc.a(lib_a-putc.o)
                                0x455 (size before relaxing)
 .debug_str     0x00000c0c       0x4f d:/altera/nios2eds/bin/gnu/h-i686-mingw32/bin/../lib/gcc/nios2-elf/4.1.2/../../../../nios2-elf/lib/mno-hw-mul\libsmallc.a(lib_a-writer.o)
                                0x451 (size before relaxing)
 .debug_str     0x00000c5b       0x40 d:/altera/nios2eds/bin/gnu/h-i686-mingw32/bin/../lib/gcc/nios2-elf/4.1.2/../../../../nios2-elf/lib/mno-hw-mul\libsmallc.a(lib_a-int_errno.o)
                                0x177 (size before relaxing)
 .debug_str     0x00000c9b       0x76 d:/altera/nios2eds/bin/gnu/h-i686-mingw32/bin/../lib/gcc/nios2-elf/4.1.2/mno-hw-mul\libgcc.a(lib2-divmod.o)
                                0x1b4 (size before relaxing)
 .debug_str     0x00000d11       0x12 ../matrix_accel_SW_bsp/\libhal_bsp.a(alt_load.o)
 .debug_str     0x00000d23       0x12 ../matrix_accel_SW_bsp/\libhal_bsp.a(alt_main.o)