Flow report for MatrixAccelerator
Thu Jun 04 12:29:23 2026
Quartus II 64-Bit Version 13.0.1 Build 232 06/12/2013 Service Pack 1 SJ Web Edition


---------------------
; Table of Contents ;
---------------------
  1. Legal Notice
  2. Flow Summary
  3. Flow Settings
  4. Flow Non-Default Global Settings
  5. Flow Elapsed Time
  6. Flow OS Summary
  7. Flow Log
  8. Flow Messages
  9. Flow Suppressed Messages



----------------
; Legal Notice ;
----------------
Copyright (C) 1991-2013 Altera Corporation
Your use of Altera Corporation's design tools, logic functions 
and other software and tools, and its AMPP partner logic 
functions, and any output files from any of the foregoing 
(including device programming or simulation files), and any 
associated documentation or information are expressly subject 
to the terms and conditions of the Altera Program License 
Subscription Agreement, Altera MegaCore Function License 
Agreement, or other applicable license agreement, including, 
without limitation, that your use is for the sole purpose of 
programming logic devices manufactured by Altera and sold by 
Altera or its authorized distributors.  Please refer to the 
applicable agreement for further details.



+--------------------------------------------------------------------------------------+
; Flow Summary                                                                         ;
+------------------------------------+-------------------------------------------------+
; Flow Status                        ; Successful - Thu Jun 04 12:29:23 2026           ;
; Quartus II 64-Bit Version          ; 13.0.1 Build 232 06/12/2013 SP 1 SJ Web Edition ;
; Revision Name                      ; MatrixAccelerator                               ;
; Top-level Entity Name              ; de2_top                                         ;
; Family                             ; Cyclone II                                      ;
; Device                             ; EP2C35F672C6                                    ;
; Timing Models                      ; Final                                           ;
; Total logic elements               ; 5,525 / 33,216 ( 17 % )                         ;
;     Total combinational functions  ; 5,400 / 33,216 ( 16 % )                         ;
;     Dedicated logic registers      ; 1,644 / 33,216 ( 5 % )                          ;
; Total registers                    ; 1644                                            ;
; Total pins                         ; 2 / 475 ( < 1 % )                               ;
; Total virtual pins                 ; 0                                               ;
; Total memory bits                  ; 273,408 / 483,840 ( 57 % )                      ;
; Embedded Multiplier 9-bit elements ; 18 / 70 ( 26 % )                                ;
; Total PLLs                         ; 0 / 4 ( 0 % )                                   ;
+------------------------------------+-------------------------------------------------+


+-----------------------------------------+
; Flow Settings                           ;
+-------------------+---------------------+
; Option            ; Setting             ;
+-------------------+---------------------+
; Start date & time ; 06/04/2026 12:28:47 ;
; Main task         ; Compilation         ;
; Revision Name     ; MatrixAccelerator   ;
+-------------------+---------------------+


+---------------------------------------------------------------------------------------------------------------------------------------------------------------------------+
; Flow Non-Default Global Settings                                                                                                                                          ;
+--------------------------------------+----------------------------------------------------------+-------------------+---------------------------------+-------------------+
; Assignment Name                      ; Value                                                    ; Default Value     ; Entity Name                     ; Section Id        ;
+--------------------------------------+----------------------------------------------------------+-------------------+---------------------------------+-------------------+
; COMPILER_SIGNATURE_ID                ; 233730243685213.178055092711684                          ; --                ; --                              ; --                ;
; EDA_DESIGN_INSTANCE_NAME             ; NA                                                       ; --                ; --                              ; tb_systolic_16x16 ;
; EDA_DESIGN_INSTANCE_NAME             ; NA                                                       ; --                ; --                              ; tb_systolic_3x3   ;
; EDA_NATIVELINK_SIMULATION_TEST_BENCH ; tb_systolic_3x3                                          ; --                ; --                              ; eda_simulation    ;
; EDA_OUTPUT_DATA_FORMAT               ; Verilog Hdl                                              ; --                ; --                              ; eda_simulation    ;
; EDA_SIMULATION_TOOL                  ; ModelSim-Altera (Verilog)                                ; <None>            ; --                              ; --                ;
; EDA_TEST_BENCH_ENABLE_STATUS         ; TEST_BENCH_MODE                                          ; --                ; --                              ; eda_simulation    ;
; EDA_TEST_BENCH_FILE                  ; tb_systolic_16x16.v                                      ; --                ; --                              ; tb_systolic_16x16 ;
; EDA_TEST_BENCH_FILE                  ; tb_systolic_3x3.v                                        ; --                ; --                              ; tb_systolic_3x3   ;
; EDA_TEST_BENCH_MODULE_NAME           ; tb_systolic_16x16                                        ; --                ; --                              ; tb_systolic_16x16 ;
; EDA_TEST_BENCH_MODULE_NAME           ; tb_systolic_3x3                                          ; --                ; --                              ; tb_systolic_3x3   ;
; EDA_TEST_BENCH_NAME                  ; tb_systolic_16x16                                        ; --                ; --                              ; eda_simulation    ;
; EDA_TEST_BENCH_NAME                  ; tb_systolic_3x3                                          ; --                ; --                              ; eda_simulation    ;
; EDA_TIME_SCALE                       ; 1 ps                                                     ; --                ; --                              ; eda_simulation    ;
; IP_TOOL_ENV                          ; Qsys                                                     ; --                ; altera_avalon_sc_fifo           ; --                ;
; IP_TOOL_ENV                          ; Qsys                                                     ; --                ; altera_merlin_master_agent      ; --                ;
; IP_TOOL_ENV                          ; Qsys                                                     ; --                ; altera_merlin_master_translator ; --                ;
; IP_TOOL_ENV                          ; Qsys                                                     ; --                ; altera_merlin_slave_agent       ; --                ;
; IP_TOOL_ENV                          ; Qsys                                                     ; --                ; altera_merlin_slave_translator  ; --                ;
; IP_TOOL_ENV                          ; Qsys                                                     ; --                ; altera_reset_controller         ; --                ;
; IP_TOOL_ENV                          ; Qsys                                                     ; --                ; system                          ; --                ;
; IP_TOOL_ENV                          ; Qsys                                                     ; --                ; system_addr_router              ; --                ;
; IP_TOOL_ENV                          ; Qsys                                                     ; --                ; system_addr_router_001          ; --                ;
; IP_TOOL_ENV                          ; Qsys                                                     ; --                ; system_cmd_xbar_demux           ; --                ;
; IP_TOOL_ENV                          ; Qsys                                                     ; --                ; system_cmd_xbar_demux_001       ; --                ;
; IP_TOOL_ENV                          ; Qsys                                                     ; --                ; system_cmd_xbar_mux             ; --                ;
; IP_TOOL_ENV                          ; Qsys                                                     ; --                ; system_id_router                ; --                ;
; IP_TOOL_ENV                          ; Qsys                                                     ; --                ; system_id_router_003            ; --                ;
; IP_TOOL_ENV                          ; Qsys                                                     ; --                ; system_irq_mapper               ; --                ;
; IP_TOOL_ENV                          ; Qsys                                                     ; --                ; system_jtag_uart_0              ; --                ;
; IP_TOOL_ENV                          ; Qsys                                                     ; --                ; system_nios2_qsys_0             ; --                ;
; IP_TOOL_ENV                          ; Qsys                                                     ; --                ; system_onchip_memory2_0         ; --                ;
; IP_TOOL_ENV                          ; Qsys                                                     ; --                ; system_rsp_xbar_demux           ; --                ;
; IP_TOOL_ENV                          ; Qsys                                                     ; --                ; system_rsp_xbar_demux_003       ; --                ;
; IP_TOOL_ENV                          ; Qsys                                                     ; --                ; system_rsp_xbar_mux             ; --                ;
; IP_TOOL_ENV                          ; Qsys                                                     ; --                ; system_rsp_xbar_mux_001         ; --                ;
; IP_TOOL_NAME                         ; altera_avalon_sc_fifo                                    ; --                ; altera_avalon_sc_fifo           ; --                ;
; IP_TOOL_NAME                         ; altera_merlin_master_agent                               ; --                ; altera_merlin_master_agent      ; --                ;
; IP_TOOL_NAME                         ; altera_merlin_master_translator                          ; --                ; altera_merlin_master_translator ; --                ;
; IP_TOOL_NAME                         ; altera_merlin_slave_agent                                ; --                ; altera_merlin_slave_agent       ; --                ;
; IP_TOOL_NAME                         ; altera_merlin_slave_translator                           ; --                ; altera_merlin_slave_translator  ; --                ;
; IP_TOOL_NAME                         ; altera_reset_controller                                  ; --                ; altera_reset_controller         ; --                ;
; IP_TOOL_NAME                         ; Qsys                                                     ; --                ; system                          ; --                ;
; IP_TOOL_NAME                         ; altera_merlin_router                                     ; --                ; system_addr_router              ; --                ;
; IP_TOOL_NAME                         ; altera_merlin_router                                     ; --                ; system_addr_router_001          ; --                ;
; IP_TOOL_NAME                         ; altera_merlin_demultiplexer                              ; --                ; system_cmd_xbar_demux           ; --                ;
; IP_TOOL_NAME                         ; altera_merlin_demultiplexer                              ; --                ; system_cmd_xbar_demux_001       ; --                ;
; IP_TOOL_NAME                         ; altera_merlin_multiplexer                                ; --                ; system_cmd_xbar_mux             ; --                ;
; IP_TOOL_NAME                         ; altera_merlin_router                                     ; --                ; system_id_router                ; --                ;
; IP_TOOL_NAME                         ; altera_merlin_router                                     ; --                ; system_id_router_003            ; --                ;
; IP_TOOL_NAME                         ; altera_irq_mapper                                        ; --                ; system_irq_mapper               ; --                ;
; IP_TOOL_NAME                         ; altera_avalon_jtag_uart                                  ; --                ; system_jtag_uart_0              ; --                ;
; IP_TOOL_NAME                         ; altera_nios2_qsys                                        ; --                ; system_nios2_qsys_0             ; --                ;
; IP_TOOL_NAME                         ; altera_avalon_onchip_memory2                             ; --                ; system_onchip_memory2_0         ; --                ;
; IP_TOOL_NAME                         ; altera_merlin_demultiplexer                              ; --                ; system_rsp_xbar_demux           ; --                ;
; IP_TOOL_NAME                         ; altera_merlin_demultiplexer                              ; --                ; system_rsp_xbar_demux_003       ; --                ;
; IP_TOOL_NAME                         ; altera_merlin_multiplexer                                ; --                ; system_rsp_xbar_mux             ; --                ;
; IP_TOOL_NAME                         ; altera_merlin_multiplexer                                ; --                ; system_rsp_xbar_mux_001         ; --                ;
; IP_TOOL_VERSION                      ; 13.0                                                     ; --                ; altera_avalon_sc_fifo           ; --                ;
; IP_TOOL_VERSION                      ; 13.0                                                     ; --                ; altera_merlin_master_agent      ; --                ;
; IP_TOOL_VERSION                      ; 13.0                                                     ; --                ; altera_merlin_master_translator ; --                ;
; IP_TOOL_VERSION                      ; 13.0                                                     ; --                ; altera_merlin_slave_agent       ; --                ;
; IP_TOOL_VERSION                      ; 13.0                                                     ; --                ; altera_merlin_slave_translator  ; --                ;
; IP_TOOL_VERSION                      ; 13.0                                                     ; --                ; altera_reset_controller         ; --                ;
; IP_TOOL_VERSION                      ; 13.0sp1                                                  ; --                ; system                          ; --                ;
; IP_TOOL_VERSION                      ; 13.0                                                     ; --                ; system_addr_router              ; --                ;
; IP_TOOL_VERSION                      ; 13.0                                                     ; --                ; system_addr_router_001          ; --                ;
; IP_TOOL_VERSION                      ; 13.0                                                     ; --                ; system_cmd_xbar_demux           ; --                ;
; IP_TOOL_VERSION                      ; 13.0                                                     ; --                ; system_cmd_xbar_demux_001       ; --                ;
; IP_TOOL_VERSION                      ; 13.0                                                     ; --                ; system_cmd_xbar_mux             ; --                ;
; IP_TOOL_VERSION                      ; 13.0                                                     ; --                ; system_id_router                ; --                ;
; IP_TOOL_VERSION                      ; 13.0                                                     ; --                ; system_id_router_003            ; --                ;
; IP_TOOL_VERSION                      ; 13.0                                                     ; --                ; system_irq_mapper               ; --                ;
; IP_TOOL_VERSION                      ; 13.0.1.99.2                                              ; --                ; system_jtag_uart_0              ; --                ;
; IP_TOOL_VERSION                      ; 13.0                                                     ; --                ; system_nios2_qsys_0             ; --                ;
; IP_TOOL_VERSION                      ; 13.0.1.99.2                                              ; --                ; system_onchip_memory2_0         ; --                ;
; IP_TOOL_VERSION                      ; 13.0                                                     ; --                ; system_rsp_xbar_demux           ; --                ;
; IP_TOOL_VERSION                      ; 13.0                                                     ; --                ; system_rsp_xbar_demux_003       ; --                ;
; IP_TOOL_VERSION                      ; 13.0                                                     ; --                ; system_rsp_xbar_mux             ; --                ;
; IP_TOOL_VERSION                      ; 13.0                                                     ; --                ; system_rsp_xbar_mux_001         ; --                ;
; MAX_CORE_JUNCTION_TEMP               ; 85                                                       ; --                ; --                              ; --                ;
; MIN_CORE_JUNCTION_TEMP               ; 0                                                        ; --                ; --                              ; --                ;
; MISC_FILE                            ; system/synthesis/../../system.cmp                        ; --                ; --                              ; --                ;
; MISC_FILE                            ; system/synthesis/../../system.qsys                       ; --                ; --                              ; --                ;
; PARTITION_COLOR                      ; 16764057                                                 ; --                ; de2_top                         ; Top               ;
; PARTITION_FITTER_PRESERVATION_LEVEL  ; PLACEMENT_AND_ROUTING                                    ; --                ; de2_top                         ; Top               ;
; PARTITION_NETLIST_TYPE               ; SOURCE                                                   ; --                ; de2_top                         ; Top               ;
; POWER_BOARD_THERMAL_MODEL            ; None (CONSERVATIVE)                                      ; --                ; --                              ; --                ;
; POWER_DEFAULT_INPUT_IO_TOGGLE_RATE   ; 12.5 %                                                   ; 12.5%             ; --                              ; --                ;
; POWER_INPUT_FILE_NAME                ; simulation/modelsim/power_sim.vcd                        ; --                ; de2_top                         ; power_sim.vcd     ;
; POWER_PRESET_COOLING_SOLUTION        ; 23 MM HEAT SINK WITH 200 LFPM AIRFLOW                    ; --                ; --                              ; --                ;
; POWER_USE_INPUT_FILES                ; On                                                       ; Off               ; --                              ; --                ;
; PROJECT_OUTPUT_DIRECTORY             ; output_files                                             ; --                ; --                              ; --                ;
; SLD_INFO                             ; QSYS_NAME system HAS_SOPCINFO 1 GENERATION_ID 1780026083 ; --                ; system                          ; --                ;
; SOPCINFO_FILE                        ; system/synthesis/../../system.sopcinfo                   ; --                ; --                              ; --                ;
; SYNTHESIS_ONLY_QIP                   ; On                                                       ; --                ; --                              ; --                ;
; TOP_LEVEL_ENTITY                     ; de2_top                                                  ; MatrixAccelerator ; --                              ; --                ;
+--------------------------------------+----------------------------------------------------------+-------------------+---------------------------------+-------------------+


+-------------------------------------------------------------------------------------------------------------------------------+
; Flow Elapsed Time                                                                                                             ;
+---------------------------+--------------+-------------------------+---------------------+------------------------------------+
; Module Name               ; Elapsed Time ; Average Processors Used ; Peak Virtual Memory ; Total CPU Time (on all processors) ;
+---------------------------+--------------+-------------------------+---------------------+------------------------------------+
; Analysis & Synthesis      ; 00:00:13     ; 1.0                     ; 4728 MB             ; 00:00:04                           ;
; Fitter                    ; 00:00:12     ; 2.3                     ; 5590 MB             ; 00:00:05                           ;
; Assembler                 ; 00:00:01     ; 1.0                     ; 4596 MB             ; 00:00:00                           ;
; TimeQuest Timing Analyzer ; 00:00:01     ; 1.0                     ; 4663 MB             ; 00:00:01                           ;
; EDA Netlist Writer        ; 00:00:02     ; 1.0                     ; 4607 MB             ; 00:00:01                           ;
; Total                     ; 00:00:29     ; --                      ; --                  ; 00:00:11                           ;
+---------------------------+--------------+-------------------------+---------------------+------------------------------------+


+----------------------------------------------------------------------------------------+
; Flow OS Summary                                                                        ;
+---------------------------+------------------+-----------+------------+----------------+
; Module Name               ; Machine Hostname ; OS Name   ; OS Version ; Processor type ;
+---------------------------+------------------+-----------+------------+----------------+
; Analysis & Synthesis      ; HuynhNToai       ; Windows 7 ; 6.2        ; x86_64         ;
; Fitter                    ; HuynhNToai       ; Windows 7 ; 6.2        ; x86_64         ;
; Assembler                 ; HuynhNToai       ; Windows 7 ; 6.2        ; x86_64         ;
; TimeQuest Timing Analyzer ; HuynhNToai       ; Windows 7 ; 6.2        ; x86_64         ;
; EDA Netlist Writer        ; HuynhNToai       ; Windows 7 ; 6.2        ; x86_64         ;
+---------------------------+------------------+-----------+------------+----------------+


------------
; Flow Log ;
------------
quartus_map --read_settings_files=on --write_settings_files=off MatrixAccelerator -c MatrixAccelerator
quartus_fit --read_settings_files=off --write_settings_files=off MatrixAccelerator -c MatrixAccelerator
quartus_asm --read_settings_files=off --write_settings_files=off MatrixAccelerator -c MatrixAccelerator
quartus_sta MatrixAccelerator -c MatrixAccelerator
quartus_eda --read_settings_files=off --write_settings_files=off MatrixAccelerator -c MatrixAccelerator



