PowerPlay Power Analyzer report for MatrixAccelerator
Sun May 31 22:58:10 2026
Quartus II 64-Bit Version 13.0.1 Build 232 06/12/2013 Service Pack 1 SJ Web Edition


---------------------
; Table of Contents ;
---------------------
  1. Legal Notice
  2. PowerPlay Power Analyzer Summary
  3. PowerPlay Power Analyzer Settings
  4. PowerPlay Power Analyzer Simulation Files Read
  5. Operating Conditions Used
  6. Thermal Power Dissipation by Block
  7. Thermal Power Dissipation by Block Type
  8. Thermal Power Dissipation by Hierarchy
  9. Core Dynamic Thermal Power Dissipation by Clock Domain
 10. Current Drawn from Voltage Supplies Summary
 11. VCCIO Supply Current Drawn by I/O Bank
 12. VCCIO Supply Current Drawn by Voltage
 13. Confidence Metric Details
 14. Signal Activities
 15. PowerPlay Power Analyzer Messages



----------------
; Legal Notice ;
----------------
Copyright (C) 1991-2013 Altera Corporation
Your use of Altera Corporation's design tools, logic functions 
and other software and tools, and its AMPP partner logic 
functions, and any output files from any of the foregoing 
(including device programming or simulation files), and any 
associated documentation or information are expressly subject 
to the terms and conditions of the Altera Program License 
Subscription Agreement, Altera MegaCore Function License 
Agreement, or other applicable license agreement, including, 
without limitation, that your use is for the sole purpose of 
programming logic devices manufactured by Altera and sold by 
Altera or its authorized distributors.  Please refer to the 
applicable agreement for further details.



+-----------------------------------------------------------------------------------------------------+
; PowerPlay Power Analyzer Summary                                                                    ;
+----------------------------------------+------------------------------------------------------------+
; PowerPlay Power Analyzer Status        ; Successful - Sun May 31 22:58:10 2026                      ;
; Quartus II 64-Bit Version              ; 13.0.1 Build 232 06/12/2013 SP 1 SJ Web Edition            ;
; Revision Name                          ; MatrixAccelerator                                          ;
; Top-level Entity Name                  ; matrix_accel_top_systolic_array                            ;
; Family                                 ; Cyclone II                                                 ;
; Device                                 ; EP2C35F672C6                                               ;
; Power Models                           ; Final                                                      ;
; Total Thermal Power Dissipation        ; 138.54 mW                                                  ;
; Core Dynamic Thermal Power Dissipation ; 17.44 mW                                                   ;
; Core Static Thermal Power Dissipation  ; 80.02 mW                                                   ;
; I/O Thermal Power Dissipation          ; 41.08 mW                                                   ;
; Power Estimation Confidence            ; Medium: user provided moderately complete toggle rate data ;
+----------------------------------------+------------------------------------------------------------+


+------------------------------------------------------------------------------------------------------------------------------------+
; PowerPlay Power Analyzer Settings                                                                                                  ;
+----------------------------------------------------------------------------+---------------------------------------+---------------+
; Option                                                                     ; Setting                               ; Default Value ;
+----------------------------------------------------------------------------+---------------------------------------+---------------+
; Use smart compilation                                                      ; Off                                   ; Off           ;
; Enable parallel Assembler and TimeQuest Timing Analyzer during compilation ; On                                    ; On            ;
; Enable compact report table                                                ; Off                                   ; Off           ;
; Default Power Input I/O Toggle Rate                                        ; 12.5%                                 ; 12.5%         ;
; Use Input Files                                                            ; On                                    ; Off           ;
; Preset Cooling Solution                                                    ; 23 MM HEAT SINK WITH 200 LFPM AIRFLOW ;               ;
; Board thermal model                                                        ; None (CONSERVATIVE)                   ;               ;
; Default Power Toggle Rate                                                  ; 12.5%                                 ; 12.5%         ;
; Use vectorless estimation                                                  ; On                                    ; On            ;
; Filter Glitches in VCD File Reader                                         ; On                                    ; On            ;
; Power Analyzer Report Signal Activity                                      ; Off                                   ; Off           ;
; Power Analyzer Report Power Dissipation                                    ; Off                                   ; Off           ;
; Device Power Characteristics                                               ; TYPICAL                               ; TYPICAL       ;
; Automatically Compute Junction Temperature                                 ; On                                    ; On            ;
; Specified Junction Temperature                                             ; 25                                    ; 25            ;
; Ambient Temperature                                                        ; 25                                    ; 25            ;
; Use Custom Cooling Solution                                                ; Off                                   ; Off           ;
; Board Temperature                                                          ; 25                                    ; 25            ;
; Enable HPS                                                                 ; Off                                   ; Off           ;
; Processor Frequency                                                        ; 0.0                                   ; 0.0           ;
+----------------------------------------------------------------------------+---------------------------------------+---------------+


+---------------------------------------------------------------------------------------------------------------------------------------------------+
; PowerPlay Power Analyzer Simulation Files Read                                                                                                    ;
+---------+-----------------------------------+-----------+----------------------------------+----------------+--------------+-----------+----------+
; File ID ; File Name                         ; File Type ; Entity                           ; VCD Start Time ; VCD End Time ; Unknown % ; Toggle % ;
+---------+-----------------------------------+-----------+----------------------------------+----------------+--------------+-----------+----------+
; f1      ; simulation/modelsim/power_sim.vcd ; VCD       ; |matrix_accel_top_systolic_array ; N/A            ; N/A          ; 0.2%      ; 59.7%    ;
+---------+-----------------------------------+-----------+----------------------------------+----------------+--------------+-----------+----------+


+-------------------------------------------------------------------------+
; Operating Conditions Used                                               ;
+---------------------------------------------+---------------------------+
; Setting                                     ; Value                     ;
+---------------------------------------------+---------------------------+
; Device power characteristics                ; Typical                   ;
;                                             ;                           ;
; Voltages                                    ;                           ;
;     VCCINT                                  ; 1.20 V                    ;
;     3.3-V LVTTL I/O Standard                ; 3.3 V                     ;
;                                             ;                           ;
; Auto computed junction temperature          ; 25.8 degrees Celsius      ;
;     Ambient temperature                     ; 25.0 degrees Celsius      ;
;     Junction-to-Case thermal resistance     ; 3.10 degrees Celsius/Watt ;
;     Case-to-Heat Sink thermal resistance    ; 0.10 degrees Celsius/Watt ;
;     Heat Sink-to-Ambient thermal resistance ; 2.80 degrees Celsius/Watt ;
;                                             ;                           ;
; Board model used                            ; None                      ;
+---------------------------------------------+---------------------------+


+----------------------------------------------------------------------------------------------------------------------------------------------+
; Thermal Power Dissipation by Block                                                                                                           ;
+------------+------------+---------------------+-----------------------------+--------------------------------+-------------------------------+
; Block Name ; Block Type ; Total Thermal Power ; Block Thermal Dynamic Power ; Block Thermal Static Power (1) ; Routing Thermal Dynamic Power ;
+------------+------------+---------------------+-----------------------------+--------------------------------+-------------------------------+
(1) The "Thermal Power Dissipation by Block" Table has been hidden. To show this table, please select the "Write power dissipation by block to report file" option under "PowerPlay Power Analyzer Settings".


+---------------------------------------------------------------------------------------------------------------------------------------------------------------------------------------------------------------------------+
; Thermal Power Dissipation by Block Type                                                                                                                                                                                   ;
+----------------------------+-----------------------------------+-----------------------------+--------------------------------+-------------------------------+-----------------------------------------------------------+
; Block Type                 ; Total Thermal Power by Block Type ; Block Thermal Dynamic Power ; Block Thermal Static Power (1) ; Routing Thermal Dynamic Power ; Block Average Toggle Rate (millions of transitions / sec) ;
+----------------------------+-----------------------------------+-----------------------------+--------------------------------+-------------------------------+-----------------------------------------------------------+
; I/O                        ; 11.95 mW                          ; 1.30 mW                     ; 10.20 mW                       ; 0.45 mW                       ;    3.241                                                  ;
; Embedded multiplier block  ; 0.09 mW                           ; 0.09 mW                     ; --                             ; 0.00 mW                       ;    0.116                                                  ;
; Embedded multiplier output ; 0.04 mW                           ; 0.00 mW                     ; --                             ; 0.04 mW                       ;    0.349                                                  ;
; Combinational cell         ; 6.96 mW                           ; 2.47 mW                     ; --                             ; 4.49 mW                       ;    2.100                                                  ;
; Register cell              ; 2.57 mW                           ; 2.06 mW                     ; --                             ; 0.51 mW                       ;    0.167                                                  ;
; Clock control block        ; 7.33 mW                           ; 0.00 mW                     ; --                             ; 7.33 mW                       ;   50.003                                                  ;
+----------------------------+-----------------------------------+-----------------------------+--------------------------------+-------------------------------+-----------------------------------------------------------+
(1) The "Block Thermal Static Power" for all block types except Pins and the Voltage Regulator, if one exists, is part of the "Core Static Thermal Power Dissipation" value found on the PowerPlay Power Analyzer-->Summary report panel. The "Core Static Thermal Power Dissipation" also contains the thermal static power dissipated by the routing.


+--------------------------------------------------------------------------------------------------------------------------------------------------------------------------------------------------------------------------------------------------------------------------------------------------------------------------------------------------------------------------+
; Thermal Power Dissipation by Hierarchy                                                                                                                                                                                                                                                                                                                                   ;
+--------------------------------------------------+--------------------------------------+---------------------------------+-----------------------------------+-----------------------------------+----------------------------------------------------------------------------------------------------------------------------------------------------------------------+
; Compilation Hierarchy Node                       ; Total Thermal Power by Hierarchy (1) ; Block Thermal Dynamic Power (1) ; Block Thermal Static Power (1)(2) ; Routing Thermal Dynamic Power (1) ; Full Hierarchy Name                                                                                                                                                  ;
+--------------------------------------------------+--------------------------------------+---------------------------------+-----------------------------------+-----------------------------------+----------------------------------------------------------------------------------------------------------------------------------------------------------------------+
; |matrix_accel_top_systolic_array                 ; 28.94 mW (22.75 mW)                  ; 5.92 mW (2.86 mW)               ; 10.20 mW (10.20 mW)               ; 12.81 mW (9.69 mW)                ; |matrix_accel_top_systolic_array                                                                                                                                     ;
;     |hard_block:auto_generated_inst              ; 0.00 mW (0.00 mW)                    ; 0.00 mW (0.00 mW)               ; --                                ; 0.00 mW (0.00 mW)                 ; |matrix_accel_top_systolic_array|hard_block:auto_generated_inst                                                                                                      ;
;     |skew_buffer:skew_inst                       ; 0.28 mW (0.28 mW)                    ; 0.23 mW (0.23 mW)               ; --                                ; 0.04 mW (0.04 mW)                 ; |matrix_accel_top_systolic_array|skew_buffer:skew_inst                                                                                                               ;
;     |systolic_array:sys_arr_inst                 ; 5.91 mW (0.00 mW)                    ; 2.83 mW (0.00 mW)               ; --                                ; 3.08 mW (0.00 mW)                 ; |matrix_accel_top_systolic_array|systolic_array:sys_arr_inst                                                                                                         ;
;         |pe_fp16:row[0].col[0].pe_inst           ; 0.65 mW (0.28 mW)                    ; 0.33 mW (0.20 mW)               ; --                                ; 0.32 mW (0.08 mW)                 ; |matrix_accel_top_systolic_array|systolic_array:sys_arr_inst|pe_fp16:row[0].col[0].pe_inst                                                                           ;
;             |fp16_mac:mac_inst                   ; 0.37 mW (0.00 mW)                    ; 0.13 mW (0.00 mW)               ; --                                ; 0.25 mW (0.00 mW)                 ; |matrix_accel_top_systolic_array|systolic_array:sys_arr_inst|pe_fp16:row[0].col[0].pe_inst|fp16_mac:mac_inst                                                         ;
;                 |fp16_add:u_add                  ; 0.30 mW (0.30 mW)                    ; 0.09 mW (0.09 mW)               ; --                                ; 0.21 mW (0.21 mW)                 ; |matrix_accel_top_systolic_array|systolic_array:sys_arr_inst|pe_fp16:row[0].col[0].pe_inst|fp16_mac:mac_inst|fp16_add:u_add                                          ;
;                 |fp16_mult:u_mult                ; 0.07 mW (0.06 mW)                    ; 0.04 mW (0.02 mW)               ; --                                ; 0.04 mW (0.03 mW)                 ; |matrix_accel_top_systolic_array|systolic_array:sys_arr_inst|pe_fp16:row[0].col[0].pe_inst|fp16_mac:mac_inst|fp16_mult:u_mult                                        ;
;                     |lpm_mult:Mult0              ; 0.02 mW (0.00 mW)                    ; 0.01 mW (0.00 mW)               ; --                                ; 0.00 mW (0.00 mW)                 ; |matrix_accel_top_systolic_array|systolic_array:sys_arr_inst|pe_fp16:row[0].col[0].pe_inst|fp16_mac:mac_inst|fp16_mult:u_mult|lpm_mult:Mult0                         ;
;                         |mult_a8t:auto_generated ; 0.02 mW (0.02 mW)                    ; 0.01 mW (0.01 mW)               ; --                                ; 0.00 mW (0.00 mW)                 ; |matrix_accel_top_systolic_array|systolic_array:sys_arr_inst|pe_fp16:row[0].col[0].pe_inst|fp16_mac:mac_inst|fp16_mult:u_mult|lpm_mult:Mult0|mult_a8t:auto_generated ;
;         |pe_fp16:row[0].col[1].pe_inst           ; 0.61 mW (0.24 mW)                    ; 0.30 mW (0.16 mW)               ; --                                ; 0.31 mW (0.07 mW)                 ; |matrix_accel_top_systolic_array|systolic_array:sys_arr_inst|pe_fp16:row[0].col[1].pe_inst                                                                           ;
;             |fp16_mac:mac_inst                   ; 0.37 mW (0.00 mW)                    ; 0.13 mW (0.00 mW)               ; --                                ; 0.24 mW (0.00 mW)                 ; |matrix_accel_top_systolic_array|systolic_array:sys_arr_inst|pe_fp16:row[0].col[1].pe_inst|fp16_mac:mac_inst                                                         ;
;                 |fp16_add:u_add                  ; 0.31 mW (0.31 mW)                    ; 0.11 mW (0.11 mW)               ; --                                ; 0.20 mW (0.20 mW)                 ; |matrix_accel_top_systolic_array|systolic_array:sys_arr_inst|pe_fp16:row[0].col[1].pe_inst|fp16_mac:mac_inst|fp16_add:u_add                                          ;
;                 |fp16_mult:u_mult                ; 0.07 mW (0.05 mW)                    ; 0.02 mW (0.01 mW)               ; --                                ; 0.04 mW (0.04 mW)                 ; |matrix_accel_top_systolic_array|systolic_array:sys_arr_inst|pe_fp16:row[0].col[1].pe_inst|fp16_mac:mac_inst|fp16_mult:u_mult                                        ;
;                     |lpm_mult:Mult0              ; 0.02 mW (0.00 mW)                    ; 0.01 mW (0.00 mW)               ; --                                ; 0.01 mW (0.00 mW)                 ; |matrix_accel_top_systolic_array|systolic_array:sys_arr_inst|pe_fp16:row[0].col[1].pe_inst|fp16_mac:mac_inst|fp16_mult:u_mult|lpm_mult:Mult0                         ;
;                         |mult_a8t:auto_generated ; 0.02 mW (0.02 mW)                    ; 0.01 mW (0.01 mW)               ; --                                ; 0.01 mW (0.01 mW)                 ; |matrix_accel_top_systolic_array|systolic_array:sys_arr_inst|pe_fp16:row[0].col[1].pe_inst|fp16_mac:mac_inst|fp16_mult:u_mult|lpm_mult:Mult0|mult_a8t:auto_generated ;
;         |pe_fp16:row[0].col[2].pe_inst           ; 0.81 mW (0.34 mW)                    ; 0.41 mW (0.26 mW)               ; --                                ; 0.40 mW (0.08 mW)                 ; |matrix_accel_top_systolic_array|systolic_array:sys_arr_inst|pe_fp16:row[0].col[2].pe_inst                                                                           ;
;             |fp16_mac:mac_inst                   ; 0.47 mW (0.00 mW)                    ; 0.15 mW (0.00 mW)               ; --                                ; 0.32 mW (0.00 mW)                 ; |matrix_accel_top_systolic_array|systolic_array:sys_arr_inst|pe_fp16:row[0].col[2].pe_inst|fp16_mac:mac_inst                                                         ;
;                 |fp16_add:u_add                  ; 0.41 mW (0.41 mW)                    ; 0.13 mW (0.13 mW)               ; --                                ; 0.28 mW (0.28 mW)                 ; |matrix_accel_top_systolic_array|systolic_array:sys_arr_inst|pe_fp16:row[0].col[2].pe_inst|fp16_mac:mac_inst|fp16_add:u_add                                          ;
;                 |fp16_mult:u_mult                ; 0.06 mW (0.04 mW)                    ; 0.02 mW (0.01 mW)               ; --                                ; 0.04 mW (0.03 mW)                 ; |matrix_accel_top_systolic_array|systolic_array:sys_arr_inst|pe_fp16:row[0].col[2].pe_inst|fp16_mac:mac_inst|fp16_mult:u_mult                                        ;
;                     |lpm_mult:Mult0              ; 0.02 mW (0.00 mW)                    ; 0.01 mW (0.00 mW)               ; --                                ; 0.00 mW (0.00 mW)                 ; |matrix_accel_top_systolic_array|systolic_array:sys_arr_inst|pe_fp16:row[0].col[2].pe_inst|fp16_mac:mac_inst|fp16_mult:u_mult|lpm_mult:Mult0                         ;
;                         |mult_a8t:auto_generated ; 0.02 mW (0.02 mW)                    ; 0.01 mW (0.01 mW)               ; --                                ; 0.00 mW (0.00 mW)                 ; |matrix_accel_top_systolic_array|systolic_array:sys_arr_inst|pe_fp16:row[0].col[2].pe_inst|fp16_mac:mac_inst|fp16_mult:u_mult|lpm_mult:Mult0|mult_a8t:auto_generated ;
;         |pe_fp16:row[1].col[0].pe_inst           ; 0.58 mW (0.21 mW)                    ; 0.29 mW (0.15 mW)               ; --                                ; 0.30 mW (0.05 mW)                 ; |matrix_accel_top_systolic_array|systolic_array:sys_arr_inst|pe_fp16:row[1].col[0].pe_inst                                                                           ;
;             |fp16_mac:mac_inst                   ; 0.38 mW (0.00 mW)                    ; 0.13 mW (0.00 mW)               ; --                                ; 0.25 mW (0.00 mW)                 ; |matrix_accel_top_systolic_array|systolic_array:sys_arr_inst|pe_fp16:row[1].col[0].pe_inst|fp16_mac:mac_inst                                                         ;
;                 |fp16_add:u_add                  ; 0.32 mW (0.32 mW)                    ; 0.11 mW (0.11 mW)               ; --                                ; 0.21 mW (0.21 mW)                 ; |matrix_accel_top_systolic_array|systolic_array:sys_arr_inst|pe_fp16:row[1].col[0].pe_inst|fp16_mac:mac_inst|fp16_add:u_add                                          ;
;                 |fp16_mult:u_mult                ; 0.05 mW (0.04 mW)                    ; 0.02 mW (0.01 mW)               ; --                                ; 0.03 mW (0.03 mW)                 ; |matrix_accel_top_systolic_array|systolic_array:sys_arr_inst|pe_fp16:row[1].col[0].pe_inst|fp16_mac:mac_inst|fp16_mult:u_mult                                        ;
;                     |lpm_mult:Mult0              ; 0.01 mW (0.00 mW)                    ; 0.01 mW (0.00 mW)               ; --                                ; 0.00 mW (0.00 mW)                 ; |matrix_accel_top_systolic_array|systolic_array:sys_arr_inst|pe_fp16:row[1].col[0].pe_inst|fp16_mac:mac_inst|fp16_mult:u_mult|lpm_mult:Mult0                         ;
;                         |mult_a8t:auto_generated ; 0.01 mW (0.01 mW)                    ; 0.01 mW (0.01 mW)               ; --                                ; 0.00 mW (0.00 mW)                 ; |matrix_accel_top_systolic_array|systolic_array:sys_arr_inst|pe_fp16:row[1].col[0].pe_inst|fp16_mac:mac_inst|fp16_mult:u_mult|lpm_mult:Mult0|mult_a8t:auto_generated ;
;         |pe_fp16:row[1].col[1].pe_inst           ; 0.87 mW (0.30 mW)                    ; 0.37 mW (0.20 mW)               ; --                                ; 0.50 mW (0.10 mW)                 ; |matrix_accel_top_systolic_array|systolic_array:sys_arr_inst|pe_fp16:row[1].col[1].pe_inst                                                                           ;
;             |fp16_mac:mac_inst                   ; 0.58 mW (0.00 mW)                    ; 0.17 mW (0.00 mW)               ; --                                ; 0.40 mW (0.00 mW)                 ; |matrix_accel_top_systolic_array|systolic_array:sys_arr_inst|pe_fp16:row[1].col[1].pe_inst|fp16_mac:mac_inst                                                         ;
;                 |fp16_add:u_add                  ; 0.51 mW (0.51 mW)                    ; 0.15 mW (0.15 mW)               ; --                                ; 0.36 mW (0.36 mW)                 ; |matrix_accel_top_systolic_array|systolic_array:sys_arr_inst|pe_fp16:row[1].col[1].pe_inst|fp16_mac:mac_inst|fp16_add:u_add                                          ;
;                 |fp16_mult:u_mult                ; 0.07 mW (0.06 mW)                    ; 0.02 mW (0.01 mW)               ; --                                ; 0.05 mW (0.04 mW)                 ; |matrix_accel_top_systolic_array|systolic_array:sys_arr_inst|pe_fp16:row[1].col[1].pe_inst|fp16_mac:mac_inst|fp16_mult:u_mult                                        ;
;                     |lpm_mult:Mult0              ; 0.01 mW (0.00 mW)                    ; 0.01 mW (0.00 mW)               ; --                                ; 0.00 mW (0.00 mW)                 ; |matrix_accel_top_systolic_array|systolic_array:sys_arr_inst|pe_fp16:row[1].col[1].pe_inst|fp16_mac:mac_inst|fp16_mult:u_mult|lpm_mult:Mult0                         ;
;                         |mult_a8t:auto_generated ; 0.01 mW (0.01 mW)                    ; 0.01 mW (0.01 mW)               ; --                                ; 0.00 mW (0.00 mW)                 ; |matrix_accel_top_systolic_array|systolic_array:sys_arr_inst|pe_fp16:row[1].col[1].pe_inst|fp16_mac:mac_inst|fp16_mult:u_mult|lpm_mult:Mult0|mult_a8t:auto_generated ;
;         |pe_fp16:row[1].col[2].pe_inst           ; 0.72 mW (0.30 mW)                    ; 0.35 mW (0.22 mW)               ; --                                ; 0.37 mW (0.08 mW)                 ; |matrix_accel_top_systolic_array|systolic_array:sys_arr_inst|pe_fp16:row[1].col[2].pe_inst                                                                           ;
;             |fp16_mac:mac_inst                   ; 0.43 mW (0.00 mW)                    ; 0.14 mW (0.00 mW)               ; --                                ; 0.29 mW (0.00 mW)                 ; |matrix_accel_top_systolic_array|systolic_array:sys_arr_inst|pe_fp16:row[1].col[2].pe_inst|fp16_mac:mac_inst                                                         ;
;                 |fp16_add:u_add                  ; 0.36 mW (0.36 mW)                    ; 0.12 mW (0.12 mW)               ; --                                ; 0.24 mW (0.24 mW)                 ; |matrix_accel_top_systolic_array|systolic_array:sys_arr_inst|pe_fp16:row[1].col[2].pe_inst|fp16_mac:mac_inst|fp16_add:u_add                                          ;
;                 |fp16_mult:u_mult                ; 0.07 mW (0.05 mW)                    ; 0.02 mW (0.01 mW)               ; --                                ; 0.05 mW (0.04 mW)                 ; |matrix_accel_top_systolic_array|systolic_array:sys_arr_inst|pe_fp16:row[1].col[2].pe_inst|fp16_mac:mac_inst|fp16_mult:u_mult                                        ;
;                     |lpm_mult:Mult0              ; 0.02 mW (0.00 mW)                    ; 0.01 mW (0.00 mW)               ; --                                ; 0.00 mW (0.00 mW)                 ; |matrix_accel_top_systolic_array|systolic_array:sys_arr_inst|pe_fp16:row[1].col[2].pe_inst|fp16_mac:mac_inst|fp16_mult:u_mult|lpm_mult:Mult0                         ;
;                         |mult_a8t:auto_generated ; 0.02 mW (0.02 mW)                    ; 0.01 mW (0.01 mW)               ; --                                ; 0.00 mW (0.00 mW)                 ; |matrix_accel_top_systolic_array|systolic_array:sys_arr_inst|pe_fp16:row[1].col[2].pe_inst|fp16_mac:mac_inst|fp16_mult:u_mult|lpm_mult:Mult0|mult_a8t:auto_generated ;
;         |pe_fp16:row[2].col[0].pe_inst           ; 0.48 mW (0.16 mW)                    ; 0.23 mW (0.12 mW)               ; --                                ; 0.25 mW (0.04 mW)                 ; |matrix_accel_top_systolic_array|systolic_array:sys_arr_inst|pe_fp16:row[2].col[0].pe_inst                                                                           ;
;             |fp16_mac:mac_inst                   ; 0.32 mW (0.00 mW)                    ; 0.11 mW (0.00 mW)               ; --                                ; 0.21 mW (0.00 mW)                 ; |matrix_accel_top_systolic_array|systolic_array:sys_arr_inst|pe_fp16:row[2].col[0].pe_inst|fp16_mac:mac_inst                                                         ;
;                 |fp16_add:u_add                  ; 0.27 mW (0.27 mW)                    ; 0.09 mW (0.09 mW)               ; --                                ; 0.17 mW (0.17 mW)                 ; |matrix_accel_top_systolic_array|systolic_array:sys_arr_inst|pe_fp16:row[2].col[0].pe_inst|fp16_mac:mac_inst|fp16_add:u_add                                          ;
;                 |fp16_mult:u_mult                ; 0.05 mW (0.04 mW)                    ; 0.02 mW (0.01 mW)               ; --                                ; 0.03 mW (0.03 mW)                 ; |matrix_accel_top_systolic_array|systolic_array:sys_arr_inst|pe_fp16:row[2].col[0].pe_inst|fp16_mac:mac_inst|fp16_mult:u_mult                                        ;
;                     |lpm_mult:Mult0              ; 0.01 mW (0.00 mW)                    ; 0.01 mW (0.00 mW)               ; --                                ; 0.00 mW (0.00 mW)                 ; |matrix_accel_top_systolic_array|systolic_array:sys_arr_inst|pe_fp16:row[2].col[0].pe_inst|fp16_mac:mac_inst|fp16_mult:u_mult|lpm_mult:Mult0                         ;
;                         |mult_a8t:auto_generated ; 0.01 mW (0.01 mW)                    ; 0.01 mW (0.01 mW)               ; --                                ; 0.00 mW (0.00 mW)                 ; |matrix_accel_top_systolic_array|systolic_array:sys_arr_inst|pe_fp16:row[2].col[0].pe_inst|fp16_mac:mac_inst|fp16_mult:u_mult|lpm_mult:Mult0|mult_a8t:auto_generated ;
;         |pe_fp16:row[2].col[1].pe_inst           ; 0.49 mW (0.17 mW)                    ; 0.23 mW (0.11 mW)               ; --                                ; 0.27 mW (0.05 mW)                 ; |matrix_accel_top_systolic_array|systolic_array:sys_arr_inst|pe_fp16:row[2].col[1].pe_inst                                                                           ;
;             |fp16_mac:mac_inst                   ; 0.33 mW (0.00 mW)                    ; 0.11 mW (0.00 mW)               ; --                                ; 0.21 mW (0.00 mW)                 ; |matrix_accel_top_systolic_array|systolic_array:sys_arr_inst|pe_fp16:row[2].col[1].pe_inst|fp16_mac:mac_inst                                                         ;
;                 |fp16_add:u_add                  ; 0.26 mW (0.26 mW)                    ; 0.09 mW (0.09 mW)               ; --                                ; 0.17 mW (0.17 mW)                 ; |matrix_accel_top_systolic_array|systolic_array:sys_arr_inst|pe_fp16:row[2].col[1].pe_inst|fp16_mac:mac_inst|fp16_add:u_add                                          ;
;                 |fp16_mult:u_mult                ; 0.06 mW (0.05 mW)                    ; 0.02 mW (0.01 mW)               ; --                                ; 0.04 mW (0.04 mW)                 ; |matrix_accel_top_systolic_array|systolic_array:sys_arr_inst|pe_fp16:row[2].col[1].pe_inst|fp16_mac:mac_inst|fp16_mult:u_mult                                        ;
;                     |lpm_mult:Mult0              ; 0.02 mW (0.00 mW)                    ; 0.01 mW (0.00 mW)               ; --                                ; 0.01 mW (0.00 mW)                 ; |matrix_accel_top_systolic_array|systolic_array:sys_arr_inst|pe_fp16:row[2].col[1].pe_inst|fp16_mac:mac_inst|fp16_mult:u_mult|lpm_mult:Mult0                         ;
;                         |mult_a8t:auto_generated ; 0.02 mW (0.02 mW)                    ; 0.01 mW (0.01 mW)               ; --                                ; 0.01 mW (0.01 mW)                 ; |matrix_accel_top_systolic_array|systolic_array:sys_arr_inst|pe_fp16:row[2].col[1].pe_inst|fp16_mac:mac_inst|fp16_mult:u_mult|lpm_mult:Mult0|mult_a8t:auto_generated ;
;         |pe_fp16:row[2].col[2].pe_inst           ; 0.69 mW (0.25 mW)                    ; 0.33 mW (0.18 mW)               ; --                                ; 0.36 mW (0.07 mW)                 ; |matrix_accel_top_systolic_array|systolic_array:sys_arr_inst|pe_fp16:row[2].col[2].pe_inst                                                                           ;
;             |fp16_mac:mac_inst                   ; 0.44 mW (0.00 mW)                    ; 0.15 mW (0.00 mW)               ; --                                ; 0.29 mW (0.00 mW)                 ; |matrix_accel_top_systolic_array|systolic_array:sys_arr_inst|pe_fp16:row[2].col[2].pe_inst|fp16_mac:mac_inst                                                         ;
;                 |fp16_add:u_add                  ; 0.37 mW (0.37 mW)                    ; 0.13 mW (0.13 mW)               ; --                                ; 0.25 mW (0.25 mW)                 ; |matrix_accel_top_systolic_array|systolic_array:sys_arr_inst|pe_fp16:row[2].col[2].pe_inst|fp16_mac:mac_inst|fp16_add:u_add                                          ;
;                 |fp16_mult:u_mult                ; 0.07 mW (0.06 mW)                    ; 0.02 mW (0.01 mW)               ; --                                ; 0.04 mW (0.04 mW)                 ; |matrix_accel_top_systolic_array|systolic_array:sys_arr_inst|pe_fp16:row[2].col[2].pe_inst|fp16_mac:mac_inst|fp16_mult:u_mult                                        ;
;                     |lpm_mult:Mult0              ; 0.01 mW (0.00 mW)                    ; 0.01 mW (0.00 mW)               ; --                                ; 0.00 mW (0.00 mW)                 ; |matrix_accel_top_systolic_array|systolic_array:sys_arr_inst|pe_fp16:row[2].col[2].pe_inst|fp16_mac:mac_inst|fp16_mult:u_mult|lpm_mult:Mult0                         ;
;                         |mult_a8t:auto_generated ; 0.01 mW (0.01 mW)                    ; 0.01 mW (0.01 mW)               ; --                                ; 0.00 mW (0.00 mW)                 ; |matrix_accel_top_systolic_array|systolic_array:sys_arr_inst|pe_fp16:row[2].col[2].pe_inst|fp16_mac:mac_inst|fp16_mult:u_mult|lpm_mult:Mult0|mult_a8t:auto_generated ;
+--------------------------------------------------+--------------------------------------+---------------------------------+-----------------------------------+-----------------------------------+----------------------------------------------------------------------------------------------------------------------------------------------------------------------+
(1) Value in parentheses is the power consumed at that level of hierarchy. Value not in parentheses is the power consumed at that level of hierarchy plus the power consumed by all levels of hierarchy below it.

(2) The "Block Thermal Static Power" for all levels of hierarchy except the top-level hierarchy is part of the "Core Static Thermal Power Dissipation" value found on the PowerPlay Power Analyzer-->Summary report panel. The "Core Static Thermal Power Dissipation" also contains the thermal static power dissipated by the routing.


+--------------------------------------------------------------------+
; Core Dynamic Thermal Power Dissipation by Clock Domain             ;
+-----------------+-----------------------+--------------------------+
; Clock Domain    ; Clock Frequency (MHz) ; Total Core Dynamic Power ;
+-----------------+-----------------------+--------------------------+
; No clock domain ; 0.00                  ; 17.44                    ;
+-----------------+-----------------------+--------------------------+


+------------------------------------------------------------------------------------------------------------------------------------+
; Current Drawn from Voltage Supplies Summary                                                                                        ;
+----------------+-------------------------+---------------------------+--------------------------+----------------------------------+
; Voltage Supply ; Total Current Drawn (1) ; Dynamic Current Drawn (1) ; Static Current Drawn (1) ; Minimum Power Supply Current (2) ;
+----------------+-------------------------+---------------------------+--------------------------+----------------------------------+
; VCCINT         ; 86.78 mA                ; 14.67 mA                  ; 72.12 mA                 ; 86.78 mA                         ;
; VCCIO          ; 10.39 mA                ; 0.31 mA                   ; 10.08 mA                 ; 10.39 mA                         ;
+----------------+-------------------------+---------------------------+--------------------------+----------------------------------+
(1) Currents reported in columns "Total Current Drawn", "Dynamic Current Drawn", and "Static Current Drawn" are sufficient for user operation of the device.  
(2) Currents reported in column "Minimum Power Supply Current" are sufficient for power-up, configuration, and user operation of the device.


+-----------------------------------------------------------------------------------------------+
; VCCIO Supply Current Drawn by I/O Bank                                                        ;
+----------+---------------+---------------------+-----------------------+----------------------+
; I/O Bank ; VCCIO Voltage ; Total Current Drawn ; Dynamic Current Drawn ; Static Current Drawn ;
+----------+---------------+---------------------+-----------------------+----------------------+
; 1        ; 3.3V          ; 1.27 mA             ; 0.06 mA               ; 1.21 mA              ;
; 2        ; 3.3V          ; 1.16 mA             ; 0.00 mA               ; 1.16 mA              ;
; 3        ; 3.3V          ; 1.39 mA             ; 0.09 mA               ; 1.30 mA              ;
; 4        ; 3.3V          ; 1.38 mA             ; 0.02 mA               ; 1.36 mA              ;
; 5        ; 3.3V          ; 1.17 mA             ; 0.00 mA               ; 1.17 mA              ;
; 6        ; 3.3V          ; 1.15 mA             ; 0.00 mA               ; 1.15 mA              ;
; 7        ; 3.3V          ; 1.44 mA             ; 0.02 mA               ; 1.42 mA              ;
; 8        ; 3.3V          ; 1.42 mA             ; 0.12 mA               ; 1.30 mA              ;
+----------+---------------+---------------------+-----------------------+----------------------+


+-----------------------------------------------------------------------------------------------------------------------------------+
; VCCIO Supply Current Drawn by Voltage                                                                                             ;
+---------------+-------------------------+---------------------------+--------------------------+----------------------------------+
; VCCIO Voltage ; Total Current Drawn (1) ; Dynamic Current Drawn (1) ; Static Current Drawn (1) ; Minimum Power Supply Current (2) ;
+---------------+-------------------------+---------------------------+--------------------------+----------------------------------+
; 3.3V          ; 10.39 mA                ; 0.31 mA                   ; 10.08 mA                 ; 10.39 mA                         ;
+---------------+-------------------------+---------------------------+--------------------------+----------------------------------+
(1) Currents reported in columns "Total Current Drawn", "Dynamic Current Drawn", and "Static Current Drawn" are sufficient for user operation of the device.  
(2) Currents reported in column "Minimum Power Supply Current" are sufficient for power-up, configuration, and user operation of the device.


+--------------------------------------------------------------------------------------------------------------------------------------------------+
; Confidence Metric Details                                                                                                                        ;
+----------------------------------------------------------------------------------------+--------------+------------+-------------+---------------+
; Data Source                                                                            ; Total        ; Pin        ; Registered  ; Combinational ;
+----------------------------------------------------------------------------------------+--------------+------------+-------------+---------------+
; Simulation (from file)                                                                 ;              ;            ;             ;               ;
;     -- Simulation time nodes in unknown state                                          ; 0.2%         ;            ;             ;               ;
;     -- Number of signals with Toggle Rate from Simulation                              ; 5947 (93.9%) ; 82 (96.5%) ; 556 (59.1%) ; 5309 (100.0%) ;
;     -- Number of signals with Zero toggle rate, from Simulation                        ; 2719 (42.9%) ; 58 (68.2%) ; 430 (45.7%) ; 2231 (42.0%)  ;
;     -- Number of signals with Static Probability from Simulation                       ; 5947 (93.9%) ; 82 (96.5%) ; 556 (59.1%) ; 5309 (100.0%) ;
;                                                                                        ;              ;            ;             ;               ;
; Node, entity or clock assignment                                                       ;              ;            ;             ;               ;
;     -- Number of signals with Toggle Rate from Node, entity or clock assignment        ; 0 (0.0%)     ; 0 (0.0%)   ; 0 (0.0%)    ; 0 (0.0%)      ;
;     -- Number of signals with Static Probability from Node, entity or clock assignment ; 0 (0.0%)     ; 0 (0.0%)   ; 0 (0.0%)    ; 0 (0.0%)      ;
;                                                                                        ;              ;            ;             ;               ;
; Vectorless estimation                                                                  ;              ;            ;             ;               ;
;     -- Number of signals with Toggle Rate from Vectorless estimation                   ; 385 (6.1%)   ; 1 (1.2%)   ; 384 (40.9%) ; 0 (0.0%)      ;
;     -- Number of signals with Zero toggle rate, from Vectorless estimation             ; 168 (2.7%)   ; 1 (1.2%)   ; 167 (17.8%) ; 0 (0.0%)      ;
;     -- Number of signals with Static Probability from Vectorless estimation            ; 385 (6.1%)   ; 1 (1.2%)   ; 384 (40.9%) ; 0 (0.0%)      ;
;                                                                                        ;              ;            ;             ;               ;
; Default assignment                                                                     ;              ;            ;             ;               ;
;     -- Number of signals with Toggle Rate from Default assignment                      ; 0 (0.0%)     ; 0 (0.0%)   ; 0 (0.0%)    ; 0 (0.0%)      ;
;     -- Number of signals with Static Probability from Default assignment               ; 2 (0.0%)     ; 2 (2.4%)   ; 0 (0.0%)    ; 0 (0.0%)      ;
;                                                                                        ;              ;            ;             ;               ;
; Assumed 0                                                                              ;              ;            ;             ;               ;
;     -- Number of signals with Toggle Rate assumed 0                                    ; 2 (0.0%)     ; 2 (2.4%)   ; 0 (0.0%)    ; 0 (0.0%)      ;
+----------------------------------------------------------------------------------------+--------------+------------+-------------+---------------+


+-----------------------------------------------------------------------------------------------------------------------------------------------------+
; Signal Activities                                                                                                                                   ;
+--------+------+---------------------------------------------+-----------------------------+--------------------+------------------------------------+
; Signal ; Type ; Toggle Rate (millions of transitions / sec) ; Toggle Rate Data Source (1) ; Static Probability ; Static Probability Data Source (1) ;
+--------+------+---------------------------------------------+-----------------------------+--------------------+------------------------------------+
(1) The "Signal Activity" Table has been hidden. To show this table, please select the "Write signal activities to report file" option under "PowerPlay Power Analyzer Settings".


+-----------------------------------+
; PowerPlay Power Analyzer Messages ;
+-----------------------------------+
Info: *******************************************************************
Info: Running Quartus II 64-Bit PowerPlay Power Analyzer
    Info: Version 13.0.1 Build 232 06/12/2013 Service Pack 1 SJ Web Edition
    Info: Processing started: Sun May 31 22:58:05 2026
Info: Command: quartus_pow --read_settings_files=on --write_settings_files=off MatrixAccelerator -c MatrixAccelerator
Info (21077): Low junction temperature is 0 degrees C
Info (21077): High junction temperature is 85 degrees C
Info (222002): Starting scan of VCD file simulation/modelsim/power_sim.vcd (0 ns to End of File) for signal static probabilities and transition densities
Info (222003): Finished scan of VCD file simulation/modelsim/power_sim.vcd (0 ns to End of File) for signal static probabilities and transition densities
Critical Warning (332012): Synopsys Design Constraints File file not found: 'MatrixAccelerator.sdc'. A Synopsys Design Constraints File is required by the TimeQuest Timing Analyzer to get proper timing constraints. Without it, the Compiler will not properly optimize the design.
Warning (332060): Node: clk was determined to be a clock but was found without an associated clock assignment.
Warning (332068): No clocks defined in design.
Info (223000): Starting Vectorless Power Activity Estimation
Info (223001): Completed Vectorless Power Activity Estimation
Info (215037): Detailed signal activity file source information is not written to output Signal Activity File.
Warning (218001): Found 32 output pins without output pin load capacitance assignment
    Warning (218002): Pin "avs_readdata[0]" has no specified output pin load capacitance -- assuming default load capacitance of 0 pF for Power Estimation
    Warning (218002): Pin "avs_readdata[1]" has no specified output pin load capacitance -- assuming default load capacitance of 0 pF for Power Estimation
    Warning (218002): Pin "avs_readdata[2]" has no specified output pin load capacitance -- assuming default load capacitance of 0 pF for Power Estimation
    Warning (218002): Pin "avs_readdata[3]" has no specified output pin load capacitance -- assuming default load capacitance of 0 pF for Power Estimation
    Warning (218002): Pin "avs_readdata[4]" has no specified output pin load capacitance -- assuming default load capacitance of 0 pF for Power Estimation
    Warning (218002): Pin "avs_readdata[5]" has no specified output pin load capacitance -- assuming default load capacitance of 0 pF for Power Estimation
    Warning (218002): Pin "avs_readdata[6]" has no specified output pin load capacitance -- assuming default load capacitance of 0 pF for Power Estimation
    Warning (218002): Pin "avs_readdata[7]" has no specified output pin load capacitance -- assuming default load capacitance of 0 pF for Power Estimation
    Warning (218002): Pin "avs_readdata[8]" has no specified output pin load capacitance -- assuming default load capacitance of 0 pF for Power Estimation
    Warning (218002): Pin "avs_readdata[9]" has no specified output pin load capacitance -- assuming default load capacitance of 0 pF for Power Estimation
    Warning (218002): Pin "avs_readdata[10]" has no specified output pin load capacitance -- assuming default load capacitance of 0 pF for Power Estimation
    Warning (218002): Pin "avs_readdata[11]" has no specified output pin load capacitance -- assuming default load capacitance of 0 pF for Power Estimation
    Warning (218002): Pin "avs_readdata[12]" has no specified output pin load capacitance -- assuming default load capacitance of 0 pF for Power Estimation
    Warning (218002): Pin "avs_readdata[13]" has no specified output pin load capacitance -- assuming default load capacitance of 0 pF for Power Estimation
    Warning (218002): Pin "avs_readdata[14]" has no specified output pin load capacitance -- assuming default load capacitance of 0 pF for Power Estimation
    Warning (218002): Pin "avs_readdata[15]" has no specified output pin load capacitance -- assuming default load capacitance of 0 pF for Power Estimation
    Warning (218002): Pin "avs_readdata[16]" has no specified output pin load capacitance -- assuming default load capacitance of 0 pF for Power Estimation
    Warning (218002): Pin "avs_readdata[17]" has no specified output pin load capacitance -- assuming default load capacitance of 0 pF for Power Estimation
    Warning (218002): Pin "avs_readdata[18]" has no specified output pin load capacitance -- assuming default load capacitance of 0 pF for Power Estimation
    Warning (218002): Pin "avs_readdata[19]" has no specified output pin load capacitance -- assuming default load capacitance of 0 pF for Power Estimation
    Warning (218002): Pin "avs_readdata[20]" has no specified output pin load capacitance -- assuming default load capacitance of 0 pF for Power Estimation
    Warning (218002): Pin "avs_readdata[21]" has no specified output pin load capacitance -- assuming default load capacitance of 0 pF for Power Estimation
    Warning (218002): Pin "avs_readdata[22]" has no specified output pin load capacitance -- assuming default load capacitance of 0 pF for Power Estimation
    Warning (218002): Pin "avs_readdata[23]" has no specified output pin load capacitance -- assuming default load capacitance of 0 pF for Power Estimation
    Warning (218002): Pin "avs_readdata[24]" has no specified output pin load capacitance -- assuming default load capacitance of 0 pF for Power Estimation
    Warning (218002): Pin "avs_readdata[25]" has no specified output pin load capacitance -- assuming default load capacitance of 0 pF for Power Estimation
    Warning (218002): Pin "avs_readdata[26]" has no specified output pin load capacitance -- assuming default load capacitance of 0 pF for Power Estimation
    Warning (218002): Pin "avs_readdata[27]" has no specified output pin load capacitance -- assuming default load capacitance of 0 pF for Power Estimation
    Warning (218002): Pin "avs_readdata[28]" has no specified output pin load capacitance -- assuming default load capacitance of 0 pF for Power Estimation
    Warning (218002): Pin "avs_readdata[29]" has no specified output pin load capacitance -- assuming default load capacitance of 0 pF for Power Estimation
    Warning (218002): Pin "avs_readdata[30]" has no specified output pin load capacitance -- assuming default load capacitance of 0 pF for Power Estimation
    Warning (218002): Pin "avs_readdata[31]" has no specified output pin load capacitance -- assuming default load capacitance of 0 pF for Power Estimation
Info (215049): Average toggle rate for this design is 1.721 millions of transitions / sec
Info (215031): Total thermal power estimate for the design is 138.54 mW
Info: Quartus II 64-Bit PowerPlay Power Analyzer was successful. 0 errors, 36 warnings
    Info: Peak virtual memory: 4626 megabytes
    Info: Processing ended: Sun May 31 22:58:10 2026
    Info: Elapsed time: 00:00:05
    Info: Total CPU time (on all processors): 00:00:01


